T9BD8 000:014.195   SEGGER J-Link V9.42 Log File
T9BD8 000:014.382   DLL Compiled: May  6 2026 12:25:27
T9BD8 000:014.391   Logging started @ 2026-08-16 12:41
T9BD8 000:014.400   Process: C:\Users\lingk\.eclipse\com.renesas.platform_1584587709\DebugComp\RA\e2-server-gdb.exe
T9BD8 000:014.414 - 14.408ms 
T9BD8 000:014.433 JLINK_GetDLLVersion()
T9BD8 000:014.441 - 0.009ms returns 94200
T9BD8 000:027.444 JLINK_OpenEx(...)
T9BD8 000:068.181   Firmware: J-Link OB-RA4M2 compiled May  6 2026 16:18:23
T9BD8 000:069.449   Firmware: J-Link OB-RA4M2 compiled May  6 2026 16:18:23
T9BD8 000:082.201   Hardware: V1.00
T9BD8 000:082.240   S/N: 1080068464
T9BD8 000:082.256   OEM: SEGGER
T9BD8 000:082.277   Feature(s): None
T9BD8 000:083.344   Bootloader: 2021 May 14
T9BD8 000:087.224   USB speed mode: Full speed (12 MBit/s)
T9BD8 000:090.370   TELNET listener socket opened on port 19021
T9BD8 000:090.594   WEBSRV WEBSRV_Init(): Starting webserver thread(s)
T9BD8 000:090.703   WEBSRV Failed to put socket into listener state (port 19080)
T9BD8 000:091.051   WEBSRV Webserver running on local port 19081
T9BD8 000:091.268   Looking for J-Link GUI Server exe at: C:\Users\lingk\.eclipse\com.renesas.platform_1584587709\DebugComp\RA\ARM\Segger_v9.42.0\JLinkGUIServer.exe
T9BD8 000:091.438   Looking for J-Link GUI Server exe at: C:\Program Files\SEGGER\JLink_V964\JLinkGUIServer.exe
T9BD8 000:091.501   Forking J-Link GUI Server: C:\Program Files\SEGGER\JLink_V964\JLinkGUIServer.exe
T9BD8 000:133.656   J-Link GUI Server info: "J-Link GUI server V9.64 "
T9BD8 000:134.631 - 107.182ms returns "O.K."
T9BD8 000:134.902 JLINK_ExecCommand("ProjectFile=D:\Lab\Lab_MCU\Renesas_RA\RenesasCupFinalProjectVehicle_20260815\RA8P1_DualCoreProject\Renesas_Cup_Vehicle_CPU1/Renesas_Cup_Vehicle_CPU1 Debug_Attach.jlink", ...). 
T9BD8 000:174.590 - 39.694ms returns 0x00
T9BD8 000:175.186 JLINK_ExecCommand("device=R7KA8P1KF_CPU1", ...). 
T9BD8 000:176.439   Flash bank @ 0x02000000: SFL: Parsing sectorization info from ELF file
T9BD8 000:176.474     FlashDevice.SectorInfo[0]: .SectorSize = 0x00000800, .SectorStartAddr = 0x00000000
T9BD8 000:176.492   FlashBank @0x02000000: Sectorization info from SFL ELF file ignored because sectorization override from DLL / XML file is active.
T9BD8 000:176.968   Flash bank @ 0x02E07400: SFL: Parsing sectorization info from ELF file
T9BD8 000:176.993     FlashDevice.SectorInfo[0]: .SectorSize = 0x00000010, .SectorStartAddr = 0x00000000
T9BD8 000:177.010   FlashBank @0x02C9F020: Sectorization info from SFL ELF file ignored because sectorization override from DLL / XML file is active.
T9BD8 000:177.043   Flash bank @ 0x02E07400: SFL: Parsing sectorization info from ELF file
T9BD8 000:177.059     FlashDevice.SectorInfo[0]: .SectorSize = 0x00000010, .SectorStartAddr = 0x00000000
T9BD8 000:177.076   FlashBank @0x02E07400: Sectorization info from SFL ELF file ignored because sectorization override from DLL / XML file is active.
T9BD8 000:177.115   Flash bank @ 0x12000000: SFL: Parsing sectorization info from ELF file
T9BD8 000:177.132     FlashDevice.SectorInfo[0]: .SectorSize = 0x00000800, .SectorStartAddr = 0x00000000
T9BD8 000:177.149   FlashBank @0x12000000: Sectorization info from SFL ELF file ignored because sectorization override from DLL / XML file is active.
T9BD8 000:177.657   Flash bank @ 0x12E07400: SFL: Parsing sectorization info from ELF file
T9BD8 000:177.682     FlashDevice.SectorInfo[0]: .SectorSize = 0x00000010, .SectorStartAddr = 0x00000000
T9BD8 000:177.699   FlashBank @0x12C9F4C0: Sectorization info from SFL ELF file ignored because sectorization override from DLL / XML file is active.
T9BD8 000:177.734   Flash bank @ 0x12E07400: SFL: Parsing sectorization info from ELF file
T9BD8 000:177.750     FlashDevice.SectorInfo[0]: .SectorSize = 0x00000010, .SectorStartAddr = 0x00000000
T9BD8 000:177.767   FlashBank @0x12E07780: Sectorization info from SFL ELF file ignored because sectorization override from DLL / XML file is active.
T9BD8 000:177.884   Flash bank @ 0x70000000: SFL: Parsing sectorization info from ELF file
T9BD8 000:177.983     FlashDevice.SectorInfo[0]: .SectorSize = 0x00010000, .SectorStartAddr = 0x00000000
T9BD8 000:184.791   Flash bank @ 0x78000000: SFL: Parsing sectorization info from ELF file
T9BD8 000:184.837     FlashDevice.SectorInfo[0]: .SectorSize = 0x00010000, .SectorStartAddr = 0x00000000
T9BD8 000:191.119   Flash bank @ 0x80000000: SFL: Parsing sectorization info from ELF file
T9BD8 000:191.158     FlashDevice.SectorInfo[0]: .SectorSize = 0x00010000, .SectorStartAddr = 0x00000000
T9BD8 000:202.638   Flash bank @ 0x90000000: SFL: Parsing sectorization info from ELF file
T9BD8 000:202.686     FlashDevice.SectorInfo[0]: .SectorSize = 0x00010000, .SectorStartAddr = 0x00000000
T9BD8 000:212.845   Device "R7KA8P1KF_CPU1" selected.
T9BD8 000:213.491 - 38.304ms returns 0x00
T9BD8 000:213.538 JLINK_TIF_GetAvailable(...)
T9BD8 000:214.031 - 0.492ms 
T9BD8 000:214.210 JLINK_TIF_Select(JLINKARM_TIF_SWD)
T9BD8 000:215.303 - 1.099ms returns 0x00
T9BD8 000:215.414 JLINK_SetSpeed(4000)
T9BD8 000:215.718 - 0.307ms 
T9BD8 000:215.875 JLINK_ReadMem(0xE000EDF0, 0x4 Bytes, ...)
T9BD8 000:216.629   ConfigTargetSettings() start
T9BD8 000:216.656    J-Link Script File: Executing ConfigTargetSettings()
T9BD8 000:216.672   Configuring FlashDLNoRMWThreshold=0x200 in order to make sure that option bytes programming is done via read-modify-write
T9BD8 000:231.338   ConfigTargetSettings() end - Took 14.6ms
T9BD8 000:231.367   InitTarget() start
T9BD8 000:231.379    J-Link Script File: Executing InitTarget()
T9BD8 000:231.389   Identifying target device...
T9BD8 000:231.407   SWD selected. Executing JTAG -> SWD switching sequence...
T9BD8 000:232.575   Initializing DAP...
T9BD8 000:233.841   DAP initialized successfully.
T9BD8 000:233.869   Determining TrustZone configuration...
T9BD8 000:235.368     Secure Debug: Enabled (SSD)
T9BD8 000:235.792   Determining currently configured transfer type by reading the AHB-AP CSW register.
T9BD8 000:237.227     --> Correct transfer type configured. Done.
T9BD8 000:238.848   Primary CPU:   CPU0 (CM85), OFS bit=0x00000001
T9BD8 000:238.889   Secondary CPU: CPU1 (CM33)
T9BD8 000:238.905   Note: Detected primary CPU is based on the 'Device Configuration Information Register for Debug' register. Verify register value if primary/secondary is unexpected (https://kb.segger.com/Renesas_RA8).
T9BD8 000:238.930   InitTarget() end - Took 7.54ms
T9BD8 000:239.719   Found SW-DP with ID 0x6BA02477
T9BD8 000:242.216   DPIDR: 0x6BA02477
T9BD8 000:242.253   CoreSight SoC-400 or earlier
T9BD8 000:242.271   AP map detection skipped. Manually configured AP map found.
T9BD8 000:242.290   AP[0]: AHB-AP (IDR: Not set, ADDR: 0x00000000)
T9BD8 000:242.307   AP[1]: APB-AP (IDR: Not set, ADDR: 0x00000000)
T9BD8 000:242.494   AP[2]: AHB-AP (IDR: Not set, ADDR: 0x00000000)
T9BD8 000:243.704   AP[2]: Core found
T9BD8 000:243.745   AP[2]: AHB-AP ROM base: 0xE00FE000
T9BD8 000:244.288   CPUID register: 0x410FD214. Implementer code: 0x41 (ARM)
T9BD8 000:244.322   Feature set: Mainline
T9BD8 000:244.868   Cache: No cache
T9BD8 000:244.908   Found Cortex-M33 r0p4, Little endian.
T9BD8 000:245.511   -- Max. mem block: 0x0001D3E0
T9BD8 000:246.881   CPU_ReadMem(4 bytes @ 0xE000EDF0)
T9BD8 000:247.467   CPU_WriteMem(4 bytes @ 0xE000EDF0)
T9BD8 000:247.953   CPU_ReadMem(4 bytes @ 0xE0002000)
T9BD8 000:248.414   FPUnit: 8 code (BP) slots and 0 literal slots
T9BD8 000:248.441   CPU_ReadMem(4 bytes @ 0xE000EDFC)
T9BD8 000:248.853   CPU_WriteMem(4 bytes @ 0xE000EDFC)
T9BD8 000:249.320   CPU_ReadMem(4 bytes @ 0xE0001000)
T9BD8 000:249.801   CPU_ReadMem(4 bytes @ 0xE0001000)
T9BD8 000:250.232   CPU_ReadMem(4 bytes @ 0xE0001028)
T9BD8 000:250.732   CPU_ReadMem(4 bytes @ 0xE0001038)
T9BD8 000:251.194   CPU_ReadMem(4 bytes @ 0xE0001048)
T9BD8 000:251.654   CPU_ReadMem(4 bytes @ 0xE0001058)
T9BD8 000:252.083   CPU_WriteMem(4 bytes @ 0xE0001000)
T9BD8 000:252.525   CPU_ReadMem(4 bytes @ 0xE000ED88)
T9BD8 000:252.969   CPU_WriteMem(4 bytes @ 0xE000ED88)
T9BD8 000:253.438   CPU_ReadMem(4 bytes @ 0xE000ED88)
T9BD8 000:253.891   CPU_WriteMem(4 bytes @ 0xE000ED88)
T9BD8 000:254.342   CPU_ReadMem(4 bytes @ 0xE000EFB8)
T9BD8 000:254.794   Security extension: implemented
T9BD8 000:254.821   Secure debug: enabled
T9BD8 000:254.833   CoreSight components:
T9BD8 000:254.845   ROMTbl[0] @ E00FE000
T9BD8 000:254.857   CPU_ReadMem(64 bytes @ 0xE00FE000)
T9BD8 000:255.613   CPU_ReadMem(32 bytes @ 0xE00FFFE0)
T9BD8 000:256.185   [0][0]: E00FF000 CID B105100D PID 000BB4C9 ROM Table
T9BD8 000:256.213   ROMTbl[1] @ E00FF000
T9BD8 000:256.230   CPU_ReadMem(64 bytes @ 0xE00FF000)
T9BD8 000:257.008   CPU_ReadMem(32 bytes @ 0xE000EFE0)
T9BD8 000:257.623   CPU_ReadMem(4 bytes @ 0xE000EFBC)
T9BD8 000:258.057   CPU_ReadMem(4 bytes @ 0xE000EFCC)
T9BD8 000:258.504   [1][0]: E000E000 CID B105900D PID 000BBD21 DEVARCH 47702A04 DEVTYPE 00 Cortex-M33
T9BD8 000:258.537   CPU_ReadMem(32 bytes @ 0xE0001FE0)
T9BD8 000:259.176   CPU_ReadMem(4 bytes @ 0xE0001FBC)
T9BD8 000:259.650   CPU_ReadMem(4 bytes @ 0xE0001FCC)
T9BD8 000:260.123   [1][1]: E0001000 CID B105900D PID 000BBD21 DEVARCH 47701A02 DEVTYPE 00 DWT
T9BD8 000:260.151   CPU_ReadMem(32 bytes @ 0xE0002FE0)
T9BD8 000:260.875   CPU_ReadMem(4 bytes @ 0xE0002FBC)
T9BD8 000:261.386   CPU_ReadMem(4 bytes @ 0xE0002FCC)
T9BD8 000:261.820   [1][2]: E0002000 CID B105900D PID 000BBD21 DEVARCH 47701A03 DEVTYPE 00 FPB
T9BD8 000:261.847   CPU_ReadMem(32 bytes @ 0xE0000FE0)
T9BD8 000:262.440   CPU_ReadMem(4 bytes @ 0xE0000FBC)
T9BD8 000:262.894   CPU_ReadMem(4 bytes @ 0xE0000FCC)
T9BD8 000:263.373   [1][3]: E0000000 CID B105900D PID 000BBD21 DEVARCH 47701A01 DEVTYPE 43 ITM
T9BD8 000:263.409   CPU_ReadMem(32 bytes @ 0xE0041FE0)
T9BD8 000:264.034   CPU_ReadMem(4 bytes @ 0xE0041FBC)
T9BD8 000:264.459   CPU_ReadMem(4 bytes @ 0xE0041FCC)
T9BD8 000:264.913   [1][5]: E0041000 CID B105900D PID 002BBD21 DEVARCH 47724A13 DEVTYPE 13 ETM
T9BD8 000:264.940   CPU_ReadMem(32 bytes @ 0xE0042FE0)
T9BD8 000:265.535   CPU_ReadMem(4 bytes @ 0xE0042FBC)
T9BD8 000:266.003   CPU_ReadMem(4 bytes @ 0xE0042FCC)
T9BD8 000:266.534   [1][6]: E0042000 CID B105900D PID 000BBD21 DEVARCH 47701A14 DEVTYPE 14 CSS600-CTI
T9BD8 000:266.561   CPU_ReadMem(32 bytes @ 0xE0040FE0)
T9BD8 000:267.133   CPU_ReadMem(4 bytes @ 0xE0040FBC)
T9BD8 000:267.561   CPU_ReadMem(4 bytes @ 0xE0040FCC)
T9BD8 000:268.022   [0][1]: E0040000 CID B105900D PID 000BBD21 DEVARCH 00000000 DEVTYPE 11 TPIU
T9BD8 000:268.094   CPU_ReadMem(4 bytes @ 0xE000EDF0)
T9BD8 000:268.492   Data:  01 00 10 00
T9BD8 000:268.529   Debug reg: DHCSR
T9BD8 000:268.546 - 52.671ms returns 0
T9BD8 000:268.706 JLINK_ReadMem(0x40204038, 0x4 Bytes, ...)
T9BD8 000:268.777   CPU_ReadMem(4 bytes @ 0x40204038)
T9BD8 000:271.670   Data:  04 00 00 00
T9BD8 000:271.697 - 2.992ms returns 0
T9BD8 000:271.803 JLINK_ReadMem(0xE000EDF0, 0x4 Bytes, ...)
T9BD8 000:271.822   CPU_ReadMem(4 bytes @ 0xE000EDF0)
T9BD8 000:272.276   Data:  01 00 10 00
T9BD8 000:272.301   Debug reg: DHCSR
T9BD8 000:272.313 - 0.510ms returns 0
T9BD8 000:272.426 JLINK_ReadMem(0xE000EDF0, 0x4 Bytes, ...)
T9BD8 000:272.445   CPU_ReadMem(4 bytes @ 0xE000EDF0)
T9BD8 000:272.976   Data:  01 00 10 00
T9BD8 000:273.004   Debug reg: DHCSR
T9BD8 000:273.016 - 0.590ms returns 0
T9BD8 000:273.106 JLINK_ReadMem(0xE000EDF0, 0x4 Bytes, ...)
T9BD8 000:273.122   CPU_ReadMem(4 bytes @ 0xE000EDF0)
T9BD8 000:273.549   Data:  01 00 10 00
T9BD8 000:273.573   Debug reg: DHCSR
T9BD8 000:273.585 - 0.479ms returns 0
T9BD8 000:273.679 JLINK_ReadMem(0xE000EDF0, 0x4 Bytes, ...)
T9BD8 000:273.703   CPU_ReadMem(4 bytes @ 0xE000EDF0)
T9BD8 000:274.152   Data:  01 00 10 00
T9BD8 000:274.182   Debug reg: DHCSR
T9BD8 000:274.199 - 0.519ms returns 0
T9BD8 000:274.318 JLINK_ReadMem(0xE000EDF0, 0x4 Bytes, ...)
T9BD8 000:274.346   CPU_ReadMem(4 bytes @ 0xE000EDF0)
T9BD8 000:274.911   Data:  01 00 10 00
T9BD8 000:274.937   Debug reg: DHCSR
T9BD8 000:274.949 - 0.630ms returns 0
T9BD8 000:275.037 JLINK_ReadMem(0x40204038, 0x4 Bytes, ...)
T9BD8 000:275.052   CPU_ReadMem(4 bytes @ 0x40204038)
T9BD8 000:275.504   Data:  04 00 00 00
T9BD8 000:275.533 - 0.496ms returns 0
T9BD8 000:275.635 JLINK_ReadMem(0xE000EDF0, 0x4 Bytes, ...)
T9BD8 000:275.653   CPU_ReadMem(4 bytes @ 0xE000EDF0)
T9BD8 000:276.105   Data:  01 00 10 00
T9BD8 000:276.131   Debug reg: DHCSR
T9BD8 000:276.143 - 0.508ms returns 0
T9BD8 000:276.243 JLINK_ReadMem(0xE000EDF0, 0x4 Bytes, ...)
T9BD8 000:276.259   CPU_ReadMem(4 bytes @ 0xE000EDF0)
T9BD8 000:276.700   Data:  01 00 10 00
T9BD8 000:276.724   Debug reg: DHCSR
T9BD8 000:276.735 - 0.492ms returns 0
T9BD8 000:276.813 JLINK_ReadMem(0x40204030, 0x4 Bytes, ...)
T9BD8 000:276.828   CPU_ReadMem(4 bytes @ 0x40204030)
T9BD8 000:277.265   Data:  00 00 10 00
T9BD8 000:277.309 - 0.495ms returns 0
T9BD8 000:277.744 JLINK_SetEndian(ARM_ENDIAN_LITTLE)
T9BD8 000:277.765 - 0.021ms returns 0
T9BD8 000:277.779 JLINK_SetInitRegsOnReset(OFF)
T9BD8 000:277.787 - 0.008ms returns 1
T9BD8 000:277.797 JLINK_SetResetType(JLINKARM_CM3_RESET_TYPE_NORMAL)
T9BD8 000:277.806 - 0.008ms returns JLINKARM_CM3_RESET_TYPE_NORMAL
T9BD8 000:277.817 JLINK_ExecCommand("EnableFlashBPs", ...). 
T9BD8 000:277.826 - 0.008ms returns 0x00
T9BD8 000:277.840 JLINK_ExecCommand("SetAllowFlashCache = 1", ...). 
T9BD8 000:277.852 - 0.012ms returns 0x01
T9BD8 000:277.863 JLINK_ExecCommand("SetRestartOnClose = 0", ...). 
T9BD8 000:277.874 - 0.010ms returns 0x01
T9BD8 000:277.884 JLINK_ExecCommand("SetAllowSimulation = 0", ...). 
T9BD8 000:277.894 - 0.009ms returns 0x00
T9BD8 000:277.905 JLINK_EnableSoftBPs(ON)
T9BD8 000:277.912 - 0.009ms 
T9BD8 000:277.923 JLINK_Connect()
T9BD8 000:278.267   ConfigTargetSettings() start
T9BD8 000:278.291    J-Link Script File: Executing ConfigTargetSettings()
T9BD8 000:278.301   Configuring FlashDLNoRMWThreshold=0x200 in order to make sure that option bytes programming is done via read-modify-write
T9BD8 000:293.450   ConfigTargetSettings() end - Took 15.1ms
T9BD8 000:293.474   InitTarget() start
T9BD8 000:293.487    J-Link Script File: Executing InitTarget()
T9BD8 000:293.496   Identifying target device...
T9BD8 000:293.508   SWD selected. Executing JTAG -> SWD switching sequence...
T9BD8 000:294.556   Initializing DAP...
T9BD8 000:295.819   DAP initialized successfully.
T9BD8 000:295.857   Determining TrustZone configuration...
T9BD8 000:297.616     Secure Debug: Enabled (SSD)
T9BD8 000:298.035   Determining currently configured transfer type by reading the AHB-AP CSW register.
T9BD8 000:299.514     --> Correct transfer type configured. Done.
T9BD8 000:301.080   Primary CPU:   CPU0 (CM85), OFS bit=0x00000001
T9BD8 000:301.115   Secondary CPU: CPU1 (CM33)
T9BD8 000:301.132   Note: Detected primary CPU is based on the 'Device Configuration Information Register for Debug' register. Verify register value if primary/secondary is unexpected (https://kb.segger.com/Renesas_RA8).
T9BD8 000:301.152   InitTarget() end - Took 7.66ms
T9BD8 000:302.019   Found SW-DP with ID 0x6BA02477
T9BD8 000:304.663   DPIDR: 0x6BA02477
T9BD8 000:304.701   CoreSight SoC-400 or earlier
T9BD8 000:304.719   AP map detection skipped. Manually configured AP map found.
T9BD8 000:304.736   AP[0]: AHB-AP (IDR: Not set, ADDR: 0x00000000)
T9BD8 000:304.752   AP[1]: APB-AP (IDR: Not set, ADDR: 0x00000000)
T9BD8 000:304.769   AP[2]: AHB-AP (IDR: Not set, ADDR: 0x00000000)
T9BD8 000:305.834   AP[2]: Core found
T9BD8 000:305.867   AP[2]: AHB-AP ROM base: 0xE00FE000
T9BD8 000:306.383   CPUID register: 0x410FD214. Implementer code: 0x41 (ARM)
T9BD8 000:306.412   Feature set: Mainline
T9BD8 000:306.956   Cache: No cache
T9BD8 000:306.992   Found Cortex-M33 r0p4, Little endian.
T9BD8 000:307.322   -- Max. mem block: 0x0001D0E8
T9BD8 000:307.364   CPU_ReadMem(4 bytes @ 0xE000EDF0)
T9BD8 000:307.774   CPU_ReadMem(4 bytes @ 0xE0002000)
T9BD8 000:308.193   FPUnit: 8 code (BP) slots and 0 literal slots
T9BD8 000:308.221   CPU_ReadMem(4 bytes @ 0xE000EDFC)
T9BD8 000:308.643   CPU_ReadMem(4 bytes @ 0xE0001000)
T9BD8 000:309.246   CPU_ReadMem(4 bytes @ 0xE0001000)
T9BD8 000:309.711   CPU_ReadMem(4 bytes @ 0xE0001028)
T9BD8 000:310.217   CPU_ReadMem(4 bytes @ 0xE0001038)
T9BD8 000:310.640   CPU_ReadMem(4 bytes @ 0xE0001048)
T9BD8 000:311.118   CPU_ReadMem(4 bytes @ 0xE0001058)
T9BD8 000:311.567   CPU_WriteMem(4 bytes @ 0xE0001000)
T9BD8 000:312.084   CPU_ReadMem(4 bytes @ 0xE000ED88)
T9BD8 000:312.512   CPU_WriteMem(4 bytes @ 0xE000ED88)
T9BD8 000:313.212   CPU_ReadMem(4 bytes @ 0xE000ED88)
T9BD8 000:313.673   CPU_WriteMem(4 bytes @ 0xE000ED88)
T9BD8 000:314.133   CPU_ReadMem(4 bytes @ 0xE000EFB8)
T9BD8 000:314.565   Security extension: implemented
T9BD8 000:314.589   Secure debug: enabled
T9BD8 000:314.600   CoreSight components:
T9BD8 000:314.612   ROMTbl[0] @ E00FE000
T9BD8 000:314.624   CPU_ReadMem(64 bytes @ 0xE00FE000)
T9BD8 000:315.418   CPU_ReadMem(32 bytes @ 0xE00FFFE0)
T9BD8 000:316.014   [0][0]: E00FF000 CID B105100D PID 000BB4C9 ROM Table
T9BD8 000:316.045   ROMTbl[1] @ E00FF000
T9BD8 000:316.063   CPU_ReadMem(64 bytes @ 0xE00FF000)
T9BD8 000:316.869   CPU_ReadMem(32 bytes @ 0xE000EFE0)
T9BD8 000:317.553   CPU_ReadMem(4 bytes @ 0xE000EFBC)
T9BD8 000:317.979   CPU_ReadMem(4 bytes @ 0xE000EFCC)
T9BD8 000:318.411   [1][0]: E000E000 CID B105900D PID 000BBD21 DEVARCH 47702A04 DEVTYPE 00 Cortex-M33
T9BD8 000:318.445   CPU_ReadMem(32 bytes @ 0xE0001FE0)
T9BD8 000:319.018   CPU_ReadMem(4 bytes @ 0xE0001FBC)
T9BD8 000:319.443   CPU_ReadMem(4 bytes @ 0xE0001FCC)
T9BD8 000:319.845   [1][1]: E0001000 CID B105900D PID 000BBD21 DEVARCH 47701A02 DEVTYPE 00 DWT
T9BD8 000:319.869   CPU_ReadMem(32 bytes @ 0xE0002FE0)
T9BD8 000:320.472   CPU_ReadMem(4 bytes @ 0xE0002FBC)
T9BD8 000:320.954   CPU_ReadMem(4 bytes @ 0xE0002FCC)
T9BD8 000:321.402   [1][2]: E0002000 CID B105900D PID 000BBD21 DEVARCH 47701A03 DEVTYPE 00 FPB
T9BD8 000:321.430   CPU_ReadMem(32 bytes @ 0xE0000FE0)
T9BD8 000:322.021   CPU_ReadMem(4 bytes @ 0xE0000FBC)
T9BD8 000:322.456   CPU_ReadMem(4 bytes @ 0xE0000FCC)
T9BD8 000:322.886   [1][3]: E0000000 CID B105900D PID 000BBD21 DEVARCH 47701A01 DEVTYPE 43 ITM
T9BD8 000:322.912   CPU_ReadMem(32 bytes @ 0xE0041FE0)
T9BD8 000:323.489   CPU_ReadMem(4 bytes @ 0xE0041FBC)
T9BD8 000:323.953   CPU_ReadMem(4 bytes @ 0xE0041FCC)
T9BD8 000:324.352   [1][5]: E0041000 CID B105900D PID 002BBD21 DEVARCH 47724A13 DEVTYPE 13 ETM
T9BD8 000:324.376   CPU_ReadMem(32 bytes @ 0xE0042FE0)
T9BD8 000:324.942   CPU_ReadMem(4 bytes @ 0xE0042FBC)
T9BD8 000:325.382   CPU_ReadMem(4 bytes @ 0xE0042FCC)
T9BD8 000:325.946   [1][6]: E0042000 CID B105900D PID 000BBD21 DEVARCH 47701A14 DEVTYPE 14 CSS600-CTI
T9BD8 000:325.977   CPU_ReadMem(32 bytes @ 0xE0040FE0)
T9BD8 000:326.556   CPU_ReadMem(4 bytes @ 0xE0040FBC)
T9BD8 000:326.981   CPU_ReadMem(4 bytes @ 0xE0040FCC)
T9BD8 000:327.378   [0][1]: E0040000 CID B105900D PID 000BBD21 DEVARCH 00000000 DEVTYPE 11 TPIU
T9BD8 000:327.405 - 49.481ms returns 0x00
T9BD8 000:327.673 JLINK_ReadMem(0xE000EDF0, 0x4 Bytes, ...)
T9BD8 000:327.709   CPU_ReadMem(4 bytes @ 0xE000EDF0)
T9BD8 000:330.499   Data:  01 00 10 00
T9BD8 000:330.524   Debug reg: DHCSR
T9BD8 000:330.536 - 2.863ms returns 0
T9BD8 000:330.635 JLINK_IsHalted()
T9BD8 000:331.039 - 0.403ms returns FALSE
T9BD8 000:331.166 JLINK_ReadMem(0x4000F054, 0x1 Bytes, ...)
T9BD8 000:331.185   CPU_ReadMem(1 bytes @ 0x4000F054)
T9BD8 000:331.600   Data:  01
T9BD8 000:331.621 - 0.454ms returns 0
T9BD8 000:331.691 JLINK_Halt()
T9BD8 000:334.584   
  ***** Warning: 
T9BD8 000:334.618   CPU could not be halted
T9BD8 000:334.635 - 2.943ms returns 0x01
T9BD8 000:335.619 JLINK_ReadReg(XPSR)
T9BD8 000:336.186   CPU is running
T9BD8 000:336.240   
  ***** Error: 
T9BD8 000:336.255   Cannot read register 16 (XPSR) while CPU is running
T9BD8 000:336.274 - 0.655ms returns 0x00000000
TB270 002:451.473 JLINK_ReadMem(0x221821D0, 0x4 Bytes, ...)
TB270 002:451.527   CPU_ReadMem(4 bytes @ 0x221821D0)
TB270 002:452.086   Data:  07 00 00 00
TB270 002:452.117 - 0.644ms returns 0
TB270 002:452.206 JLINK_ReadMem(0x221821AC, 0x4 Bytes, ...)
TB270 002:452.223   CPU_ReadMem(4 bytes @ 0x221821AC)
TB270 002:452.693   Data:  84 19 18 22
TB270 002:452.729 - 0.522ms returns 0
TB270 002:452.836 JLINK_ReadMem(0x020E71EC, 0x4 Bytes, ...)
TB270 002:452.858   CPU_ReadMem(4 bytes @ 0x020E71EC)
TB270 002:453.381   Data:  0F 00 00 00
TB270 002:453.411 - 0.574ms returns 0
TB270 002:453.520 JLINK_ReadMem(0x221821B4, 0x4 Bytes, ...)
TB270 002:453.540   CPU_ReadMem(4 bytes @ 0x221821B4)
TB270 002:454.029   Data:  01 00 00 00
TB270 002:454.095 - 0.569ms returns 0
TB270 002:454.213 JLINK_ReadMem(0x221821D0, 0x4 Bytes, ...)
TB270 002:454.241   CPU_ReadMem(4 bytes @ 0x221821D0)
TB270 002:454.800   Data:  07 00 00 00
TB270 002:454.826 - 0.613ms returns 0
TB270 002:454.919 JLINK_ReadMem(0x221821AC, 0x4 Bytes, ...)
TB270 002:454.935   CPU_ReadMem(4 bytes @ 0x221821AC)
TB270 002:455.420   Data:  84 19 18 22
TB270 002:455.470 - 0.550ms returns 0
TB270 002:455.585 JLINK_ReadMem(0x020E71EC, 0x4 Bytes, ...)
TB270 002:455.611   CPU_ReadMem(4 bytes @ 0x020E71EC)
TB270 002:456.107   Data:  0F 00 00 00
TB270 002:456.137 - 0.552ms returns 0
TB270 002:456.250 JLINK_ReadMem(0x221821B4, 0x4 Bytes, ...)
TB270 002:456.276   CPU_ReadMem(4 bytes @ 0x221821B4)
TB270 002:456.803   Data:  01 00 00 00
TB270 002:456.833 - 0.584ms returns 0
TB270 002:473.405 JLINK_ReadMem(0x221821D0, 0x4 Bytes, ...)
TB270 002:473.454   CPU_ReadMem(4 bytes @ 0x221821D0)
TB270 002:473.981   Data:  07 00 00 00
TB270 002:474.018 - 0.613ms returns 0
TB270 002:474.151 JLINK_ReadMem(0x221821AC, 0x4 Bytes, ...)
TB270 002:474.176   CPU_ReadMem(4 bytes @ 0x221821AC)
TB270 002:474.696   Data:  84 19 18 22
TB270 002:474.729 - 0.578ms returns 0
TB270 002:474.828 JLINK_ReadMem(0x020E71EC, 0x4 Bytes, ...)
TB270 002:474.847   CPU_ReadMem(4 bytes @ 0x020E71EC)
TB270 002:475.350   Data:  0F 00 00 00
TB270 002:475.384 - 0.556ms returns 0
TB270 002:475.514 JLINK_ReadMem(0x221821B4, 0x4 Bytes, ...)
TB270 002:475.537   CPU_ReadMem(4 bytes @ 0x221821B4)
TB270 002:476.002   Data:  01 00 00 00
TB270 002:476.030 - 0.516ms returns 0
TB270 002:476.136 JLINK_ReadMem(0x221821D0, 0x4 Bytes, ...)
TB270 002:476.152   CPU_ReadMem(4 bytes @ 0x221821D0)
TB270 002:476.610   Data:  07 00 00 00
TB270 002:476.644 - 0.508ms returns 0
TB270 002:476.766 JLINK_ReadMem(0x221821AC, 0x4 Bytes, ...)
TB270 002:476.789   CPU_ReadMem(4 bytes @ 0x221821AC)
TB270 002:477.263   Data:  84 19 18 22
TB270 002:477.293 - 0.527ms returns 0
TB270 002:477.394 JLINK_ReadMem(0x020E71EC, 0x4 Bytes, ...)
TB270 002:477.412   CPU_ReadMem(4 bytes @ 0x020E71EC)
TB270 002:477.888   Data:  0F 00 00 00
TB270 002:477.921 - 0.526ms returns 0
TB270 002:478.035 JLINK_ReadMem(0x221821B4, 0x4 Bytes, ...)
TB270 002:478.056   CPU_ReadMem(4 bytes @ 0x221821B4)
TB270 002:478.545   Data:  01 00 00 00
TB270 002:478.588 - 0.553ms returns 0
TB270 002:520.699 JLINK_ReadMem(0x221821D0, 0x4 Bytes, ...)
TB270 002:520.748   CPU_ReadMem(4 bytes @ 0x221821D0)
TB270 002:521.258   Data:  07 00 00 00
TB270 002:521.288 - 0.589ms returns 0
TB270 002:521.391 JLINK_ReadMem(0x221821AC, 0x4 Bytes, ...)
TB270 002:521.409   CPU_ReadMem(4 bytes @ 0x221821AC)
TB270 002:521.826   Data:  84 19 18 22
TB270 002:521.853 - 0.462ms returns 0
TB270 002:521.959 JLINK_ReadMem(0x020E71EC, 0x4 Bytes, ...)
TB270 002:521.981   CPU_ReadMem(4 bytes @ 0x020E71EC)
TB270 002:522.448   Data:  0F 00 00 00
TB270 002:522.483 - 0.523ms returns 0
TB270 002:522.600 JLINK_ReadMem(0x221821B4, 0x4 Bytes, ...)
TB270 002:522.631   CPU_ReadMem(4 bytes @ 0x221821B4)
TB270 002:523.124   Data:  01 00 00 00
TB270 002:523.157 - 0.557ms returns 0
TB270 002:523.266 JLINK_ReadMem(0x221821D0, 0x4 Bytes, ...)
TB270 002:523.291   CPU_ReadMem(4 bytes @ 0x221821D0)
TB270 002:523.822   Data:  07 00 00 00
TB270 002:523.844 - 0.578ms returns 0
TB270 002:523.924 JLINK_ReadMem(0x221821AC, 0x4 Bytes, ...)
TB270 002:523.938   CPU_ReadMem(4 bytes @ 0x221821AC)
TB270 002:524.355   Data:  84 19 18 22
TB270 002:524.386 - 0.461ms returns 0
TB270 002:524.491 JLINK_ReadMem(0x020E71EC, 0x4 Bytes, ...)
TB270 002:524.570   CPU_ReadMem(4 bytes @ 0x020E71EC)
TB270 002:525.079   Data:  0F 00 00 00
TB270 002:525.102 - 0.611ms returns 0
TB270 002:525.189 JLINK_ReadMem(0x221821B4, 0x4 Bytes, ...)
TB270 002:525.204   CPU_ReadMem(4 bytes @ 0x221821B4)
TB270 002:525.645   Data:  01 00 00 00
TB270 002:525.670 - 0.480ms returns 0
TB270 003:390.494 JLINK_IsHalted()
TB270 003:391.167 - 0.672ms returns FALSE
TB270 003:391.322 JLINK_IsHalted()
TB270 003:391.901 - 0.577ms returns FALSE
T36A4 003:434.157 JLINK_GetNumBPUnits(Type = 0xFFFFFF00)
T36A4 003:434.208 - 0.050ms returns 0x08
T36A4 003:434.228 JLINK_GetNumWPUnits()
T36A4 003:434.240 - 0.011ms returns 4
T36A4 003:434.653 JLINK_GetNumBPUnits(Type = 0xFFFFFF00)
T36A4 003:434.686 - 0.032ms returns 0x08
T36A4 003:434.700 JLINK_GetNumWPUnits()
T36A4 003:434.713 - 0.012ms returns 4
T36A4 003:435.316 JLINK_GetNumBPUnits(Type = 0xFFFFFF00)
T36A4 003:435.343 - 0.028ms returns 0x08
T36A4 003:435.353 JLINK_GetNumWPUnits()
T36A4 003:435.361 - 0.007ms returns 4
T36A4 003:436.116 JLINK_ReadMem(0xE000EDF0, 0x4 Bytes, ...)
T36A4 003:436.164   CPU_ReadMem(4 bytes @ 0xE000EDF0)
T36A4 003:436.690   Data:  03 00 10 00
T36A4 003:436.722   Debug reg: DHCSR
T36A4 003:436.734 - 0.618ms returns 0
T36A4 003:436.907 JLINK_ReadMem(0x40204038, 0x4 Bytes, ...)
T36A4 003:436.932   CPU_ReadMem(4 bytes @ 0x40204038)
T36A4 003:437.428   Data:  04 00 00 00
T36A4 003:437.462 - 0.555ms returns 0
T36A4 003:437.577 JLINK_ReadMem(0xE000EDF0, 0x4 Bytes, ...)
T36A4 003:437.605   CPU_ReadMem(4 bytes @ 0xE000EDF0)
T36A4 003:438.158   Data:  03 00 10 00
T36A4 003:438.185   Debug reg: DHCSR
T36A4 003:438.197 - 0.619ms returns 0
T36A4 003:438.603 JLINK_GetNumBPUnits(Type = 0xFFFFFF00)
T36A4 003:438.631 - 0.028ms returns 0x08
T36A4 003:438.644 JLINK_GetNumWPUnits()
T36A4 003:438.655 - 0.010ms returns 4
T36A4 003:439.737 JLINK_ReadReg(XPSR)
T36A4 003:440.509   CPU is running
T36A4 003:440.546   
  ***** Error: 
T36A4 003:440.562   Cannot read register 16 (XPSR) while CPU is running
T36A4 003:440.579 - 0.842ms returns 0x00000000
T36A4 003:440.704 JLINK_ReadReg(R15 (PC))
T36A4 003:441.222   CPU is running
T36A4 003:441.256   
  ***** Error: 
T36A4 003:441.268   Cannot read register 15 (R15) while CPU is running
T36A4 003:441.279 - 0.582ms returns 0x00000000
T36A4 003:441.627 JLINK_GetNumBPUnits(Type = 0xFFFFFF00)
T36A4 003:441.647 - 0.020ms returns 0x08
T36A4 003:441.657 JLINK_GetNumWPUnits()
T36A4 003:441.665 - 0.007ms returns 4
T36A4 003:442.002 JLINK_GetNumBPUnits(Type = 0xFFFFFF00)
T36A4 003:442.020 - 0.019ms returns 0x08
T36A4 003:442.030 JLINK_GetNumWPUnits()
T36A4 003:442.038 - 0.007ms returns 4
T36A4 003:442.387 JLINK_GetNumBPUnits(Type = 0xFFFFFF00)
T36A4 003:442.414 - 0.027ms returns 0x08
T36A4 003:442.428 JLINK_GetNumWPUnits()
T36A4 003:442.440 - 0.011ms returns 4
T36A4 003:442.860 JLINK_GetNumBPUnits(Type = 0xFFFFFF00)
T36A4 003:442.889 - 0.029ms returns 0x08
T36A4 003:442.903 JLINK_GetNumWPUnits()
T36A4 003:442.915 - 0.011ms returns 4
TB270 003:499.250 JLINK_IsHalted()
TB270 003:503.588 - 4.336ms returns FALSE
TB270 003:503.715 JLINK_IsHalted()
TB270 003:504.155 - 0.439ms returns FALSE
TB270 003:549.893 JLINK_ReadMem(0x221821D0, 0x4 Bytes, ...)
TB270 003:549.961   CPU_ReadMem(4 bytes @ 0x221821D0)
TB270 003:550.616   Data:  07 00 00 00
TB270 003:550.658 - 0.766ms returns 0
TB270 003:550.786 JLINK_ReadMem(0x221821AC, 0x4 Bytes, ...)
TB270 003:550.811   CPU_ReadMem(4 bytes @ 0x221821AC)
TB270 003:551.322   Data:  84 19 18 22
TB270 003:551.360 - 0.573ms returns 0
TB270 003:551.488 JLINK_ReadMem(0x020E71EC, 0x4 Bytes, ...)
TB270 003:551.515   CPU_ReadMem(4 bytes @ 0x020E71EC)
TB270 003:552.042   Data:  0F 00 00 00
TB270 003:552.076 - 0.587ms returns 0
TB270 003:552.196 JLINK_ReadMem(0x221821B4, 0x4 Bytes, ...)
TB270 003:552.225   CPU_ReadMem(4 bytes @ 0x221821B4)
TB270 003:552.736   Data:  01 00 00 00
TB270 003:552.770 - 0.573ms returns 0
TB270 003:552.911 JLINK_ReadMem(0x221821D0, 0x4 Bytes, ...)
TB270 003:552.936   CPU_ReadMem(4 bytes @ 0x221821D0)
TB270 003:553.444   Data:  07 00 00 00
TB270 003:553.490 - 0.579ms returns 0
TB270 003:553.600 JLINK_ReadMem(0x221821AC, 0x4 Bytes, ...)
TB270 003:553.624   CPU_ReadMem(4 bytes @ 0x221821AC)
TB270 003:554.128   Data:  84 19 18 22
TB270 003:554.162 - 0.561ms returns 0
TB270 003:554.285 JLINK_ReadMem(0x020E71EC, 0x4 Bytes, ...)
TB270 003:554.305   CPU_ReadMem(4 bytes @ 0x020E71EC)
TB270 003:554.809   Data:  0F 00 00 00
TB270 003:554.840 - 0.555ms returns 0
TB270 003:554.928 JLINK_ReadMem(0x221821B4, 0x4 Bytes, ...)
TB270 003:554.943   CPU_ReadMem(4 bytes @ 0x221821B4)
TB270 003:555.476   Data:  01 00 00 00
TB270 003:555.506 - 0.579ms returns 0
TB270 003:609.231 JLINK_IsHalted()
TB270 003:609.924 - 0.692ms returns FALSE
TB270 003:610.050 JLINK_IsHalted()
TB270 003:610.553 - 0.502ms returns FALSE
TB270 003:718.463 JLINK_IsHalted()
TB270 003:719.169 - 0.705ms returns FALSE
TB270 003:719.293 JLINK_IsHalted()
TB270 003:719.809 - 0.515ms returns FALSE
TB270 003:828.384 JLINK_IsHalted()
TB270 003:829.081 - 0.696ms returns FALSE
TB270 003:829.226 JLINK_IsHalted()
TB270 003:829.828 - 0.601ms returns FALSE
TB270 003:936.967 JLINK_IsHalted()
TB270 003:937.729 - 0.761ms returns FALSE
TB270 003:937.876 JLINK_IsHalted()
TB270 003:938.435 - 0.557ms returns FALSE
TB270 004:047.009 JLINK_IsHalted()
TB270 004:050.306 - 3.295ms returns FALSE
TB270 004:050.454 JLINK_IsHalted()
TB270 004:051.053 - 0.598ms returns FALSE
TB270 004:155.600 JLINK_IsHalted()
TB270 004:156.234 - 0.633ms returns FALSE
TB270 004:156.351 JLINK_IsHalted()
TB270 004:156.803 - 0.450ms returns FALSE
TB270 004:265.456 JLINK_IsHalted()
TB270 004:266.075 - 0.618ms returns FALSE
TB270 004:266.211 JLINK_IsHalted()
TB270 004:266.806 - 0.594ms returns FALSE
TB270 004:374.256 JLINK_IsHalted()
TB270 004:374.815 - 0.557ms returns FALSE
TB270 004:374.941 JLINK_IsHalted()
TB270 004:375.411 - 0.469ms returns FALSE
TB270 004:483.791 JLINK_IsHalted()
TB270 004:484.418 - 0.625ms returns FALSE
TB270 004:484.608 JLINK_IsHalted()
TB270 004:485.184 - 0.575ms returns FALSE
TB270 004:594.146 JLINK_IsHalted()
TB270 004:594.864 - 0.716ms returns FALSE
TB270 004:595.008 JLINK_IsHalted()
TB270 004:595.552 - 0.543ms returns FALSE
TB270 004:702.798 JLINK_IsHalted()
TB270 004:708.331 - 5.531ms returns FALSE
TB270 004:708.521 JLINK_IsHalted()
TB270 004:709.290 - 0.767ms returns FALSE
TB270 004:811.743 JLINK_IsHalted()
TB270 004:812.453 - 0.708ms returns FALSE
TB270 004:812.609 JLINK_IsHalted()
TB270 004:813.081 - 0.470ms returns FALSE
TB270 004:921.703 JLINK_IsHalted()
TB270 004:922.360 - 0.656ms returns FALSE
TB270 004:922.483 JLINK_IsHalted()
TB270 004:922.973 - 0.489ms returns FALSE
TB270 005:031.593 JLINK_IsHalted()
TB270 005:032.295 - 0.700ms returns FALSE
TB270 005:032.420 JLINK_IsHalted()
TB270 005:032.977 - 0.555ms returns FALSE
TB270 005:140.741 JLINK_IsHalted()
TB270 005:141.338 - 0.597ms returns FALSE
TB270 005:141.485 JLINK_IsHalted()
TB270 005:142.014 - 0.528ms returns FALSE
TB270 005:249.307 JLINK_IsHalted()
TB270 005:251.653 - 2.344ms returns FALSE
TB270 005:251.782 JLINK_IsHalted()
TB270 005:252.273 - 0.490ms returns FALSE
TB270 005:358.607 JLINK_IsHalted()
TB270 005:359.341 - 0.731ms returns FALSE
TB270 005:359.527 JLINK_IsHalted()
TB270 005:360.124 - 0.596ms returns FALSE
TB270 005:468.515 JLINK_IsHalted()
TB270 005:469.171 - 0.655ms returns FALSE
TB270 005:469.304 JLINK_IsHalted()
TB270 005:469.837 - 0.531ms returns FALSE
TB270 005:577.844 JLINK_IsHalted()
TB270 005:578.465 - 0.621ms returns FALSE
TB270 005:578.571 JLINK_IsHalted()
TB270 005:579.023 - 0.451ms returns FALSE
TB270 005:687.286 JLINK_IsHalted()
TB270 005:687.898 - 0.610ms returns FALSE
TB270 005:688.063 JLINK_IsHalted()
TB270 005:688.629 - 0.565ms returns FALSE
TB270 005:796.251 JLINK_IsHalted()
TB270 005:801.212 - 4.959ms returns TRUE
TB270 005:801.345 JLINK_ReadReg(XPSR)
TB270 005:801.377   CPU_ReadMem(4 bytes @ 0xE000EE08)
TB270 005:801.916 - 0.571ms returns 0xF9000000
TB270 005:802.022 JLINK_ReadReg(R15 (PC))
TB270 005:802.042 - 0.020ms returns 0x020E0D90
TB270 005:802.158 JLINK_ReadReg(XPSR)
TB270 005:802.172 - 0.013ms returns 0xF9000000
TB270 005:802.182 JLINK_ReadReg(XPSR)
TB270 005:802.191 - 0.008ms returns 0xF9000000
TB270 005:802.201 JLINK_ReadReg(R15 (PC))
TB270 005:802.209 - 0.008ms returns 0x020E0D90
TB270 005:802.227 JLINK_ReadReg(XPSR)
TB270 005:802.236 - 0.008ms returns 0xF9000000
TB270 005:802.247 JLINK_ReadMem(0x020E0D90, 0x1 Bytes, ...)
TB270 005:802.265   CPU_ReadMem(64 bytes @ 0x020E0D80)
TB270 005:803.102    -- Updating C cache (64 bytes @ 0x020E0D80)
TB270 005:803.133    -- Read from C cache (1 bytes @ 0x020E0D90)
TB270 005:803.148   Data:  00
TB270 005:803.160 - 0.914ms returns 0
TB270 005:803.226 JLINK_IsHalted()
TB270 005:803.236 - 0.009ms returns TRUE
TB270 005:803.262 JLINK_ReadReg(XPSR)
TB270 005:803.273 - 0.010ms returns 0xF9000000
TB270 005:803.283 JLINK_ReadReg(XPSR)
TB270 005:803.292 - 0.008ms returns 0xF9000000
TB270 005:803.301 JLINK_ReadReg(R15 (PC))
TB270 005:803.310 - 0.008ms returns 0x020E0D90
TB270 005:803.327 JLINK_ReadReg(XPSR)
TB270 005:803.336 - 0.008ms returns 0xF9000000
TB270 005:803.346 JLINK_ReadMem(0x020E0D90, 0x1 Bytes, ...)
TB270 005:803.356    -- Read from C cache (1 bytes @ 0x020E0D90)
TB270 005:803.367   Data:  00
TB270 005:803.379 - 0.033ms returns 0
TB270 005:803.452 JLINK_IsHalted()
TB270 005:803.461 - 0.008ms returns TRUE
TB270 005:803.471 JLINK_ReadReg(XPSR)
TB270 005:803.479 - 0.008ms returns 0xF9000000
TB270 005:803.489 JLINK_ReadReg(R15 (PC))
TB270 005:803.497 - 0.008ms returns 0x020E0D90
TB270 005:803.514 JLINK_ReadReg(XPSR)
TB270 005:803.523 - 0.008ms returns 0xF9000000
TB270 005:803.533 JLINK_ReadReg(XPSR)
TB270 005:803.541 - 0.008ms returns 0xF9000000
TB270 005:803.550 JLINK_ReadReg(R15 (PC))
TB270 005:803.559 - 0.008ms returns 0x020E0D90
TB270 005:803.576 JLINK_ReadReg(XPSR)
TB270 005:803.584 - 0.008ms returns 0xF9000000
TB270 005:803.594 JLINK_ReadMem(0x020E0D90, 0x1 Bytes, ...)
TB270 005:803.602    -- Read from C cache (1 bytes @ 0x020E0D90)
TB270 005:803.614   Data:  00
TB270 005:803.625 - 0.031ms returns 0
TB270 005:803.634 JLINK_IsHalted()
TB270 005:803.642 - 0.007ms returns TRUE
TB270 005:803.658 JLINK_ReadReg(XPSR)
TB270 005:803.666 - 0.008ms returns 0xF9000000
TB270 005:803.676 JLINK_ReadReg(XPSR)
TB270 005:803.684 - 0.008ms returns 0xF9000000
TB270 005:803.693 JLINK_ReadReg(R15 (PC))
TB270 005:803.702 - 0.008ms returns 0x020E0D90
TB270 005:803.718 JLINK_ReadReg(XPSR)
TB270 005:803.727 - 0.008ms returns 0xF9000000
TB270 005:803.737 JLINK_ReadMem(0x020E0D90, 0x1 Bytes, ...)
TB270 005:803.745    -- Read from C cache (1 bytes @ 0x020E0D90)
TB270 005:803.756   Data:  00
TB270 005:803.767 - 0.031ms returns 0
TB270 005:803.785 JLINK_ReadMem(0x221821D0, 0x4 Bytes, ...)
TB270 005:803.797   CPU_ReadMem(4 bytes @ 0x221821D0)
TB270 005:804.257   Data:  07 00 00 00
TB270 005:804.303 - 0.517ms returns 0
TB270 005:804.464 JLINK_ReadMem(0x221821AC, 0x4 Bytes, ...)
TB270 005:804.493   CPU_ReadMem(4 bytes @ 0x221821AC)
TB270 005:805.048   Data:  84 19 18 22
TB270 005:805.088 - 0.624ms returns 0
TB270 005:805.235 JLINK_ReadMem(0x020E71EC, 0x4 Bytes, ...)
TB270 005:805.262   CPU_ReadMem(64 bytes @ 0x020E71C0)
TB270 005:806.145    -- Updating C cache (64 bytes @ 0x020E71C0)
TB270 005:806.172    -- Read from C cache (4 bytes @ 0x020E71EC)
TB270 005:806.186   Data:  0F 00 00 00
TB270 005:806.202 - 0.968ms returns 0
TB270 005:806.290 JLINK_ReadMem(0x221821B4, 0x4 Bytes, ...)
TB270 005:806.307   CPU_ReadMem(4 bytes @ 0x221821B4)
TB270 005:806.815   Data:  01 00 00 00
TB270 005:806.847 - 0.557ms returns 0
TB270 005:808.279 JLINK_ReadMem(0x221821D0, 0x4 Bytes, ...)
TB270 005:808.316   CPU_ReadMem(4 bytes @ 0x221821D0)
TB270 005:808.819   Data:  07 00 00 00
TB270 005:808.850 - 0.572ms returns 0
TB270 005:808.957 JLINK_ReadMem(0x221821AC, 0x4 Bytes, ...)
TB270 005:808.981   CPU_ReadMem(4 bytes @ 0x221821AC)
TB270 005:809.477   Data:  84 19 18 22
TB270 005:809.508 - 0.551ms returns 0
TB270 005:809.617 JLINK_ReadMem(0x020E71EC, 0x4 Bytes, ...)
TB270 005:809.663    -- Read from C cache (4 bytes @ 0x020E71EC)
TB270 005:809.685   Data:  0F 00 00 00
TB270 005:809.703 - 0.086ms returns 0
TB270 005:809.721 JLINK_ReadMem(0x221821B4, 0x4 Bytes, ...)
TB270 005:809.737   CPU_ReadMem(4 bytes @ 0x221821B4)
TB270 005:810.283   Data:  01 00 00 00
TB270 005:810.315 - 0.594ms returns 0
TB270 005:810.455 JLINK_ReadRegs(NumRegs = 20)
TB270 005:810.515   
  R0 (0)        = 0x00                 R1 (1)        = 0x00                 R2 (2)        = 0x00                 R3 (3)        = 0x00              
  R4 (4)        = 0x00                 R5 (5)        = 0x00                 R6 (6)        = 0x00                 R7 (7)        = 0x00              
  R8 (8)        = 0x00                 R9 (9)        = 0x00                 R10 (10)      = 0x00                 R11 (11)      = 0x00              
  R12 (12)      = 0xFFFFA502           R13 (SP) (13) = 0x22180540           R14 (14)      = 0xFFFFFFFF           R15 (PC) (15) = 0x20E0D90         
  XPSR (16)     = 0xF9000000           MSPLIM (86)   = 0x00                 PSPLIM (87)   = 0x00                 CFBP (20)     = 0x00              
TB270 005:810.534 - 0.079ms returns 0x00
TB270 005:818.201 JLINK_ReadMem(0x221821D0, 0x4 Bytes, ...)
TB270 005:818.237   CPU_ReadMem(4 bytes @ 0x221821D0)
TB270 005:818.726   Data:  07 00 00 00
TB270 005:818.760 - 0.560ms returns 0
TB270 005:818.849 JLINK_ReadMem(0x221821AC, 0x4 Bytes, ...)
TB270 005:818.868   CPU_ReadMem(4 bytes @ 0x221821AC)
TB270 005:819.365   Data:  84 19 18 22
TB270 005:819.395 - 0.546ms returns 0
TB270 005:819.515 JLINK_ReadMem(0x020E71EC, 0x4 Bytes, ...)
TB270 005:819.539    -- Read from C cache (4 bytes @ 0x020E71EC)
TB270 005:819.557   Data:  0F 00 00 00
TB270 005:819.569 - 0.054ms returns 0
TB270 005:819.585 JLINK_ReadMem(0x221821B4, 0x4 Bytes, ...)
TB270 005:819.604   CPU_ReadMem(4 bytes @ 0x221821B4)
TB270 005:820.109   Data:  01 00 00 00
TB270 005:820.142 - 0.557ms returns 0
TB270 005:820.277 JLINK_ReadMem(0x221821D0, 0x4 Bytes, ...)
TB270 005:820.303   CPU_ReadMem(4 bytes @ 0x221821D0)
TB270 005:820.820   Data:  07 00 00 00
TB270 005:820.864 - 0.587ms returns 0
TB270 005:821.029 JLINK_ReadMem(0x221821AC, 0x4 Bytes, ...)
TB270 005:821.065   CPU_ReadMem(4 bytes @ 0x221821AC)
TB270 005:821.621   Data:  84 19 18 22
TB270 005:821.653 - 0.625ms returns 0
TB270 005:821.840 JLINK_ReadMem(0x020E71EC, 0x4 Bytes, ...)
TB270 005:821.865    -- Read from C cache (4 bytes @ 0x020E71EC)
TB270 005:821.884   Data:  0F 00 00 00
TB270 005:821.899 - 0.059ms returns 0
TB270 005:821.913 JLINK_ReadMem(0x221821B4, 0x4 Bytes, ...)
TB270 005:821.932   CPU_ReadMem(4 bytes @ 0x221821B4)
TB270 005:822.445   Data:  01 00 00 00
TB270 005:822.471 - 0.558ms returns 0
TB270 005:823.609 JLINK_ReadMem(0xE000EDF0, 0x4 Bytes, ...)
TB270 005:823.655   CPU_ReadMem(4 bytes @ 0xE000EDF0)
TB270 005:827.896   Data:  03 00 13 00
TB270 005:827.933   Debug reg: DHCSR
TB270 005:827.950 - 4.342ms returns 0
TB270 005:829.126 JLINK_ReadMem(0x020E0D90, 0x4 Bytes, ...)
TB270 005:829.158    -- Read from C cache (4 bytes @ 0x020E0D90)
TB270 005:829.177   Data:  00 F0 06 F8
TB270 005:829.189 - 0.063ms returns 0
T36A4 005:832.918 JLINK_ReadReg(XPSR)
T36A4 005:832.954 - 0.035ms returns 0xF9000000
T36A4 005:832.970 JLINK_ReadReg(R15 (PC))
T36A4 005:833.012 - 0.040ms returns 0x020E0D90
T36A4 005:833.686 JLINK_IsHalted()
T36A4 005:833.713 - 0.027ms returns TRUE
T36A4 005:833.729 JLINK_ReadReg(XPSR)
T36A4 005:833.746 - 0.016ms returns 0xF9000000
T36A4 005:833.760 JLINK_ReadReg(R15 (PC))
T36A4 005:833.774 - 0.013ms returns 0x020E0D90
T36A4 005:833.812 JLINK_ReadReg(XPSR)
T36A4 005:833.827 - 0.015ms returns 0xF9000000
T36A4 005:833.841 JLINK_ReadReg(XPSR)
T36A4 005:833.853 - 0.012ms returns 0xF9000000
T36A4 005:833.867 JLINK_ReadReg(R15 (PC))
T36A4 005:833.879 - 0.012ms returns 0x020E0D90
T36A4 005:833.906 JLINK_ReadReg(XPSR)
T36A4 005:833.921 - 0.014ms returns 0xF9000000
T36A4 005:833.935 JLINK_ReadMem(0x020E0D90, 0x1 Bytes, ...)
T36A4 005:833.953    -- Read from C cache (1 bytes @ 0x020E0D90)
T36A4 005:833.980   Data:  00
T36A4 005:833.998 - 0.062ms returns 0
T36A4 005:834.012 JLINK_IsHalted()
T36A4 005:834.025 - 0.012ms returns TRUE
T36A4 005:834.073 JLINK_ReadReg(XPSR)
T36A4 005:834.089 - 0.015ms returns 0xF9000000
T36A4 005:834.102 JLINK_ReadReg(XPSR)
T36A4 005:834.113 - 0.011ms returns 0xF9000000
T36A4 005:834.136 JLINK_ReadReg(R15 (PC))
T36A4 005:834.149 - 0.012ms returns 0x020E0D90
T36A4 005:834.174 JLINK_ReadReg(XPSR)
T36A4 005:834.187 - 0.012ms returns 0xF9000000
T36A4 005:834.200 JLINK_ReadMem(0x020E0D90, 0x1 Bytes, ...)
T36A4 005:834.215    -- Read from C cache (1 bytes @ 0x020E0D90)
T36A4 005:834.231   Data:  00
T36A4 005:834.249 - 0.048ms returns 0
T36A4 005:834.307 JLINK_ReadMem(0xE0001000, 0x4 Bytes, ...)
T36A4 005:834.325   CPU_ReadMem(4 bytes @ 0xE0001000)
T36A4 005:834.992   Data:  01 00 00 40
T36A4 005:835.026   Debug reg: DWT_CTRL
T36A4 005:835.044 - 0.736ms returns 0
T36A4 005:835.167 JLINK_WriteMem(0xE0001FB0, 0x8 Bytes, ...)
T36A4 005:835.213   Data:  00 00 00 00 55 CE AC C5
T36A4 005:835.618   CPU_WriteMem(8 bytes @ 0xE0001FB0)
T36A4 005:836.280 - 1.113ms returns 0x8
T36A4 005:836.404 JLINK_ReadMem(0xE000EDFC, 0x4 Bytes, ...)
T36A4 005:836.430   CPU_ReadMem(4 bytes @ 0xE000EDFC)
T36A4 005:837.459   Data:  00 00 10 01
T36A4 005:837.492   Debug reg: DEMCR
T36A4 005:837.505 - 1.102ms returns 0
T36A4 005:844.029 JLINK_ReadMem(0xE0001004, 0x4 Bytes, ...)
T36A4 005:844.076   CPU_ReadMem(4 bytes @ 0xE0001004)
T36A4 005:844.645   Data:  4A B0 C7 02
T36A4 005:844.677   Debug reg: DWT_CYCCNT
T36A4 005:844.695 - 0.666ms returns 0
TB270 005:856.462 JLINK_ReadMem(0x221821D0, 0x4 Bytes, ...)
TB270 005:856.519   CPU_ReadMem(4 bytes @ 0x221821D0)
TB270 005:857.667   Data:  07 00 00 00
TB270 005:857.707 - 1.246ms returns 0
TB270 005:857.834 JLINK_ReadMem(0x221821AC, 0x4 Bytes, ...)
TB270 005:857.862   CPU_ReadMem(4 bytes @ 0x221821AC)
TB270 005:858.628   Data:  84 19 18 22
TB270 005:858.661 - 0.826ms returns 0
TB270 005:858.780 JLINK_ReadMem(0x020E71EC, 0x4 Bytes, ...)
TB270 005:858.799    -- Read from C cache (4 bytes @ 0x020E71EC)
TB270 005:858.815   Data:  0F 00 00 00
TB270 005:858.832 - 0.052ms returns 0
TB270 005:858.847 JLINK_ReadMem(0x221821B4, 0x4 Bytes, ...)
TB270 005:858.865   CPU_ReadMem(4 bytes @ 0x221821B4)
TB270 005:859.420   Data:  01 00 00 00
TB270 005:859.453 - 0.606ms returns 0
TB270 005:859.579 JLINK_ReadMem(0x221821D0, 0x4 Bytes, ...)
TB270 005:859.606   CPU_ReadMem(4 bytes @ 0x221821D0)
TB270 005:860.104   Data:  07 00 00 00
TB270 005:860.136 - 0.557ms returns 0
TB270 005:860.245 JLINK_ReadMem(0x221821AC, 0x4 Bytes, ...)
TB270 005:860.272   CPU_ReadMem(4 bytes @ 0x221821AC)
TB270 005:860.816   Data:  84 19 18 22
TB270 005:860.844 - 0.600ms returns 0
TB270 005:860.941 JLINK_ReadMem(0x020E71EC, 0x4 Bytes, ...)
TB270 005:860.963    -- Read from C cache (4 bytes @ 0x020E71EC)
TB270 005:860.981   Data:  0F 00 00 00
TB270 005:860.999 - 0.058ms returns 0
TB270 005:861.017 JLINK_ReadMem(0x221821B4, 0x4 Bytes, ...)
TB270 005:861.035   CPU_ReadMem(4 bytes @ 0x221821B4)
TB270 005:861.529   Data:  01 00 00 00
TB270 005:861.560 - 0.543ms returns 0
TB270 005:862.920 JLINK_ReadMem(0x020E0D90, 0x4 Bytes, ...)
TB270 005:862.952    -- Read from C cache (4 bytes @ 0x020E0D90)
TB270 005:862.970   Data:  00 F0 06 F8
TB270 005:862.987 - 0.067ms returns 0
TB270 006:477.237 JLINK_ReadMem(0x221821D0, 0x4 Bytes, ...)
TB270 006:477.305   CPU_ReadMem(4 bytes @ 0x221821D0)
TB270 006:477.927   Data:  07 00 00 00
TB270 006:477.967 - 0.731ms returns 0
TB270 006:478.086 JLINK_ReadMem(0x221821AC, 0x4 Bytes, ...)
TB270 006:478.117   CPU_ReadMem(4 bytes @ 0x221821AC)
TB270 006:479.196   Data:  84 19 18 22
TB270 006:479.230 - 1.144ms returns 0
TB270 006:479.356 JLINK_ReadMem(0x020E71EC, 0x4 Bytes, ...)
TB270 006:479.379    -- Read from C cache (4 bytes @ 0x020E71EC)
TB270 006:479.399   Data:  0F 00 00 00
TB270 006:479.417 - 0.061ms returns 0
TB270 006:479.434 JLINK_ReadMem(0x221821B4, 0x4 Bytes, ...)
TB270 006:479.453   CPU_ReadMem(4 bytes @ 0x221821B4)
TB270 006:480.427   Data:  01 00 00 00
TB270 006:480.462 - 1.028ms returns 0
TB270 006:480.597 JLINK_ReadMem(0x221821D0, 0x4 Bytes, ...)
TB270 006:480.626   CPU_ReadMem(4 bytes @ 0x221821D0)
TB270 006:481.731   Data:  07 00 00 00
TB270 006:481.766 - 1.170ms returns 0
TB270 006:481.911 JLINK_ReadMem(0x221821AC, 0x4 Bytes, ...)
TB270 006:481.932   CPU_ReadMem(4 bytes @ 0x221821AC)
TB270 006:482.893   Data:  84 19 18 22
TB270 006:482.920 - 1.009ms returns 0
TB270 006:483.043 JLINK_ReadMem(0x020E71EC, 0x4 Bytes, ...)
TB270 006:483.072    -- Read from C cache (4 bytes @ 0x020E71EC)
TB270 006:483.096   Data:  0F 00 00 00
TB270 006:483.121 - 0.079ms returns 0
TB270 006:483.145 JLINK_ReadMem(0x221821B4, 0x4 Bytes, ...)
TB270 006:483.171   CPU_ReadMem(4 bytes @ 0x221821B4)
TB270 006:483.832   Data:  01 00 00 00
TB270 006:483.866 - 0.721ms returns 0
TB270 007:151.436 JLINK_ReadMem(0x221821D0, 0x4 Bytes, ...)
TB270 007:151.499   CPU_ReadMem(4 bytes @ 0x221821D0)
TB270 007:152.134   Data:  07 00 00 00
TB270 007:152.180 - 0.744ms returns 0
TB270 007:152.308 JLINK_ReadMem(0x221821AC, 0x4 Bytes, ...)
TB270 007:152.339   CPU_ReadMem(4 bytes @ 0x221821AC)
TB270 007:152.966   Data:  84 19 18 22
TB270 007:153.004 - 0.696ms returns 0
TB270 007:153.144 JLINK_ReadMem(0x020E71EC, 0x4 Bytes, ...)
TB270 007:153.173    -- Read from C cache (4 bytes @ 0x020E71EC)
TB270 007:153.192   Data:  0F 00 00 00
TB270 007:153.211 - 0.067ms returns 0
TB270 007:153.229 JLINK_ReadMem(0x221821B4, 0x4 Bytes, ...)
TB270 007:153.249   CPU_ReadMem(4 bytes @ 0x221821B4)
TB270 007:153.840   Data:  01 00 00 00
TB270 007:153.885 - 0.656ms returns 0
TB270 007:157.425 JLINK_ReadMem(0xE0001004, 0x4 Bytes, ...)
TB270 007:157.474   Data:  4A B0 C7 02
TB270 007:157.493   Debug reg: DWT_CYCCNT
TB270 007:157.511 - 0.087ms returns 0
TB270 007:157.525 JLINK_IsHalted()
TB270 007:158.158 - 0.631ms returns TRUE
TB270 007:161.381 JLINK_ReadMem(0xE0001004, 0x4 Bytes, ...)
TB270 007:161.455   Data:  4A B0 C7 02
TB270 007:161.476   Debug reg: DWT_CYCCNT
TB270 007:161.493 - 0.112ms returns 0
TB270 007:161.512 JLINK_GoEx(MaxEmulInsts = 0, Flags = 0x01)
TB270 007:161.566   CPU_ReadMem(4 bytes @ 0xE0001000)
TB270 007:162.877   Memory map 'after startup completion point' is active
TB270 007:162.908 - 1.396ms 
TB270 007:265.193 JLINK_IsHalted()
TB270 007:265.831 - 0.636ms returns FALSE
TB270 007:265.949 JLINK_IsHalted()
TB270 007:266.411 - 0.461ms returns FALSE
TB270 007:374.208 JLINK_IsHalted()
TB270 007:376.521 - 2.312ms returns FALSE
TB270 007:376.659 JLINK_IsHalted()
TB270 007:377.123 - 0.463ms returns FALSE
TB270 007:484.224 JLINK_IsHalted()
TB270 007:484.832 - 0.607ms returns FALSE
TB270 007:484.972 JLINK_IsHalted()
TB270 007:485.543 - 0.570ms returns FALSE
TB270 007:592.781 JLINK_IsHalted()
TB270 007:593.418 - 0.636ms returns FALSE
TB270 007:593.545 JLINK_IsHalted()
TB270 007:594.049 - 0.503ms returns FALSE
TB270 007:702.959 JLINK_IsHalted()
TB270 007:703.596 - 0.635ms returns FALSE
TB270 007:703.695 JLINK_IsHalted()
TB270 007:704.172 - 0.476ms returns FALSE
TB270 007:812.249 JLINK_IsHalted()
TB270 007:812.871 - 0.621ms returns FALSE
TB270 007:812.993 JLINK_IsHalted()
TB270 007:813.488 - 0.495ms returns FALSE
TB270 007:921.851 JLINK_IsHalted()
TB270 007:922.451 - 0.599ms returns FALSE
TB270 007:922.569 JLINK_IsHalted()
TB270 007:923.041 - 0.470ms returns FALSE
TB270 008:031.337 JLINK_IsHalted()
TB270 008:032.180 - 0.842ms returns FALSE
TB270 008:032.325 JLINK_IsHalted()
TB270 008:032.817 - 0.490ms returns FALSE
TB270 008:140.082 JLINK_IsHalted()
TB270 008:140.880 - 0.796ms returns FALSE
TB270 008:141.017 JLINK_IsHalted()
TB270 008:141.581 - 0.563ms returns FALSE
T36A4 008:152.612 JLINK_IsHalted()
T36A4 008:153.267 - 0.653ms returns FALSE
T36A4 008:153.401 JLINK_IsHalted()
T36A4 008:153.899 - 0.497ms returns FALSE
TB270 008:249.622 JLINK_IsHalted()
TB270 008:250.226 - 0.603ms returns FALSE
TB270 008:250.363 JLINK_IsHalted()
TB270 008:250.814 - 0.450ms returns FALSE
TB270 008:358.494 JLINK_IsHalted()
TB270 008:359.129 - 0.633ms returns FALSE
TB270 008:359.254 JLINK_IsHalted()
TB270 008:359.703 - 0.448ms returns FALSE
TB270 008:468.146 JLINK_IsHalted()
TB270 008:468.828 - 0.680ms returns FALSE
TB270 008:469.000 JLINK_IsHalted()
TB270 008:469.555 - 0.555ms returns FALSE
TB270 008:578.326 JLINK_IsHalted()
TB270 008:582.679 - 4.351ms returns FALSE
TB270 008:582.828 JLINK_IsHalted()
TB270 008:583.309 - 0.479ms returns FALSE
TB270 008:687.237 JLINK_IsHalted()
TB270 008:687.840 - 0.602ms returns FALSE
TB270 008:687.991 JLINK_IsHalted()
TB270 008:688.464 - 0.471ms returns FALSE
TB270 008:796.659 JLINK_IsHalted()
TB270 008:797.317 - 0.657ms returns FALSE
TB270 008:797.462 JLINK_IsHalted()
TB270 008:797.982 - 0.519ms returns FALSE
TB270 008:905.560 JLINK_IsHalted()
TB270 008:906.233 - 0.672ms returns FALSE
TB270 008:906.376 JLINK_IsHalted()
TB270 008:906.890 - 0.513ms returns FALSE
TB270 009:015.642 JLINK_IsHalted()
TB270 009:016.278 - 0.635ms returns FALSE
TB270 009:016.386 JLINK_IsHalted()
TB270 009:016.910 - 0.522ms returns FALSE
TB270 009:124.150 JLINK_IsHalted()
TB270 009:124.834 - 0.684ms returns FALSE
TB270 009:124.972 JLINK_IsHalted()
TB270 009:125.541 - 0.568ms returns FALSE
T36A4 009:154.701 JLINK_IsHalted()
T36A4 009:155.242 - 0.539ms returns FALSE
T36A4 009:155.358 JLINK_IsHalted()
T36A4 009:155.834 - 0.473ms returns FALSE
TB270 009:234.203 JLINK_IsHalted()
TB270 009:234.856 - 0.651ms returns FALSE
TB270 009:235.002 JLINK_IsHalted()
TB270 009:235.543 - 0.540ms returns FALSE
TB270 009:342.918 JLINK_IsHalted()
TB270 009:343.742 - 0.822ms returns FALSE
TB270 009:343.875 JLINK_IsHalted()
TB270 009:344.441 - 0.564ms returns FALSE
TB270 009:452.451 JLINK_IsHalted()
TB270 009:453.060 - 0.608ms returns FALSE
TB270 009:453.198 JLINK_IsHalted()
TB270 009:453.683 - 0.483ms returns FALSE
TB270 009:561.950 JLINK_IsHalted()
TB270 009:562.520 - 0.569ms returns FALSE
TB270 009:562.631 JLINK_IsHalted()
TB270 009:563.070 - 0.438ms returns FALSE
TB270 009:671.558 JLINK_IsHalted()
TB270 009:672.198 - 0.639ms returns FALSE
TB270 009:672.318 JLINK_IsHalted()
TB270 009:672.810 - 0.491ms returns FALSE
TB270 009:780.247 JLINK_IsHalted()
TB270 009:780.840 - 0.591ms returns FALSE
TB270 009:780.950 JLINK_IsHalted()
TB270 009:781.402 - 0.449ms returns FALSE
TB270 009:890.191 JLINK_IsHalted()
TB270 009:890.894 - 0.702ms returns FALSE
TB270 009:891.037 JLINK_IsHalted()
TB270 009:891.558 - 0.520ms returns FALSE
TB270 009:999.080 JLINK_IsHalted()
TB270 009:999.743 - 0.662ms returns FALSE
TB270 009:999.890 JLINK_IsHalted()
TB270 010:000.416 - 0.526ms returns FALSE
TB270 010:109.494 JLINK_IsHalted()
TB270 010:110.248 - 0.754ms returns FALSE
TB270 010:110.366 JLINK_IsHalted()
TB270 010:110.917 - 0.549ms returns FALSE
T36A4 010:157.366 JLINK_IsHalted()
T36A4 010:159.312 - 1.944ms returns FALSE
T36A4 010:159.451 JLINK_IsHalted()
T36A4 010:159.995 - 0.542ms returns FALSE
TB270 010:218.434 JLINK_IsHalted()
TB270 010:219.130 - 0.694ms returns FALSE
TB270 010:219.250 JLINK_IsHalted()
TB270 010:219.832 - 0.581ms returns FALSE
TB270 010:328.058 JLINK_IsHalted()
TB270 010:332.246 - 4.185ms returns FALSE
TB270 010:332.389 JLINK_IsHalted()
TB270 010:332.901 - 0.512ms returns FALSE
TB270 010:436.532 JLINK_IsHalted()
TB270 010:437.198 - 0.665ms returns FALSE
TB270 010:437.334 JLINK_IsHalted()
TB270 010:437.831 - 0.497ms returns FALSE
TB270 010:546.217 JLINK_IsHalted()
TB270 010:547.008 - 0.790ms returns FALSE
TB270 010:547.198 JLINK_IsHalted()
TB270 010:547.720 - 0.521ms returns FALSE
TB270 010:609.847 JLINK_ReadMem(0x221821D0, 0x4 Bytes, ...)
TB270 010:609.908   CPU_ReadMem(4 bytes @ 0x221821D0)
TB270 010:610.510   Data:  07 00 00 00
TB270 010:610.548 - 0.702ms returns 0
TB270 010:610.644 JLINK_ReadMem(0x221821AC, 0x4 Bytes, ...)
TB270 010:610.672   CPU_ReadMem(4 bytes @ 0x221821AC)
TB270 010:611.174   Data:  84 19 18 22
TB270 010:611.210 - 0.566ms returns 0
TB270 010:611.338 JLINK_ReadMem(0x020E71EC, 0x4 Bytes, ...)
TB270 010:611.374   CPU_ReadMem(4 bytes @ 0x020E71EC)
TB270 010:611.871   Data:  0F 00 00 00
TB270 010:611.899 - 0.561ms returns 0
TB270 010:611.997 JLINK_ReadMem(0x221821B4, 0x4 Bytes, ...)
TB270 010:612.013   CPU_ReadMem(4 bytes @ 0x221821B4)
TB270 010:612.418   Data:  01 00 00 00
TB270 010:612.444 - 0.447ms returns 0
TB270 010:624.816 JLINK_ReadMem(0x221821D0, 0x4 Bytes, ...)
TB270 010:624.878   CPU_ReadMem(4 bytes @ 0x221821D0)
TB270 010:625.470   Data:  07 00 00 00
TB270 010:625.509 - 0.693ms returns 0
TB270 010:625.622 JLINK_ReadMem(0x221821AC, 0x4 Bytes, ...)
TB270 010:625.651   CPU_ReadMem(4 bytes @ 0x221821AC)
TB270 010:626.562   Data:  84 19 18 22
TB270 010:626.594 - 0.971ms returns 0
TB270 010:626.700 JLINK_ReadMem(0x020E71EC, 0x4 Bytes, ...)
TB270 010:626.717   CPU_ReadMem(4 bytes @ 0x020E71EC)
TB270 010:627.181   Data:  0F 00 00 00
TB270 010:627.215 - 0.515ms returns 0
TB270 010:627.322 JLINK_ReadMem(0x221821B4, 0x4 Bytes, ...)
TB270 010:627.350   CPU_ReadMem(4 bytes @ 0x221821B4)
TB270 010:627.851   Data:  01 00 00 00
TB270 010:627.885 - 0.563ms returns 0
TB270 010:628.013 JLINK_ReadMem(0x221821D0, 0x4 Bytes, ...)
TB270 010:628.041   CPU_ReadMem(4 bytes @ 0x221821D0)
TB270 010:628.538   Data:  07 00 00 00
TB270 010:628.570 - 0.557ms returns 0
TB270 010:628.677 JLINK_ReadMem(0x221821AC, 0x4 Bytes, ...)
TB270 010:628.700   CPU_ReadMem(4 bytes @ 0x221821AC)
TB270 010:629.166   Data:  84 19 18 22
TB270 010:629.195 - 0.518ms returns 0
TB270 010:629.290 JLINK_ReadMem(0x020E71EC, 0x4 Bytes, ...)
TB270 010:629.307   CPU_ReadMem(4 bytes @ 0x020E71EC)
TB270 010:629.822   Data:  0F 00 00 00
TB270 010:629.856 - 0.566ms returns 0
TB270 010:629.978 JLINK_ReadMem(0x221821B4, 0x4 Bytes, ...)
TB270 010:630.006   CPU_ReadMem(4 bytes @ 0x221821B4)
TB270 010:630.511   Data:  01 00 00 00
TB270 010:630.545 - 0.566ms returns 0
TB270 010:631.758 JLINK_ReadMem(0x221821D0, 0x4 Bytes, ...)
TB270 010:631.794   CPU_ReadMem(4 bytes @ 0x221821D0)
TB270 010:632.304   Data:  07 00 00 00
TB270 010:632.338 - 0.580ms returns 0
TB270 010:632.441 JLINK_ReadMem(0x221821AC, 0x4 Bytes, ...)
TB270 010:632.458   CPU_ReadMem(4 bytes @ 0x221821AC)
TB270 010:632.907   Data:  84 19 18 22
TB270 010:632.941 - 0.500ms returns 0
TB270 010:633.058 JLINK_ReadMem(0x020E71EC, 0x4 Bytes, ...)
TB270 010:633.084   CPU_ReadMem(4 bytes @ 0x020E71EC)
TB270 010:633.623   Data:  0F 00 00 00
TB270 010:633.655 - 0.598ms returns 0
TB270 010:633.778 JLINK_ReadMem(0x221821B4, 0x4 Bytes, ...)
TB270 010:633.805   CPU_ReadMem(4 bytes @ 0x221821B4)
TB270 010:634.436   Data:  01 00 00 00
TB270 010:634.467 - 0.689ms returns 0
TB270 010:634.596 JLINK_ReadMem(0x221821D0, 0x4 Bytes, ...)
TB270 010:634.621   CPU_ReadMem(4 bytes @ 0x221821D0)
TB270 010:635.127   Data:  07 00 00 00
TB270 010:635.159 - 0.563ms returns 0
TB270 010:635.278 JLINK_ReadMem(0x221821AC, 0x4 Bytes, ...)
TB270 010:635.306   CPU_ReadMem(4 bytes @ 0x221821AC)
TB270 010:635.827   Data:  84 19 18 22
TB270 010:635.860 - 0.582ms returns 0
TB270 010:635.987 JLINK_ReadMem(0x020E71EC, 0x4 Bytes, ...)
TB270 010:636.014   CPU_ReadMem(4 bytes @ 0x020E71EC)
TB270 010:636.509   Data:  0F 00 00 00
TB270 010:636.542 - 0.555ms returns 0
TB270 010:636.666 JLINK_ReadMem(0x221821B4, 0x4 Bytes, ...)
TB270 010:636.694   CPU_ReadMem(4 bytes @ 0x221821B4)
TB270 010:637.221   Data:  01 00 00 00
TB270 010:637.254 - 0.588ms returns 0
TB270 010:638.593 JLINK_ReadMem(0x221821D0, 0x4 Bytes, ...)
TB270 010:638.625   CPU_ReadMem(4 bytes @ 0x221821D0)
TB270 010:639.136   Data:  07 00 00 00
TB270 010:639.170 - 0.578ms returns 0
TB270 010:639.281 JLINK_ReadMem(0x221821AC, 0x4 Bytes, ...)
TB270 010:639.305   CPU_ReadMem(4 bytes @ 0x221821AC)
TB270 010:639.822   Data:  84 19 18 22
TB270 010:639.866 - 0.585ms returns 0
TB270 010:639.998 JLINK_ReadMem(0x020E71EC, 0x4 Bytes, ...)
TB270 010:640.034   CPU_ReadMem(4 bytes @ 0x020E71EC)
TB270 010:640.618   Data:  0F 00 00 00
TB270 010:640.650 - 0.653ms returns 0
TB270 010:640.790 JLINK_ReadMem(0x221821B4, 0x4 Bytes, ...)
TB270 010:640.826   CPU_ReadMem(4 bytes @ 0x221821B4)
TB270 010:645.218   Data:  01 00 00 00
TB270 010:645.256 - 4.465ms returns 0
TB270 010:645.389 JLINK_ReadMem(0x221821D0, 0x4 Bytes, ...)
TB270 010:645.414   CPU_ReadMem(4 bytes @ 0x221821D0)
TB270 010:645.946   Data:  07 00 00 00
TB270 010:645.980 - 0.591ms returns 0
TB270 010:646.104 JLINK_ReadMem(0x221821AC, 0x4 Bytes, ...)
TB270 010:646.132   CPU_ReadMem(4 bytes @ 0x221821AC)
TB270 010:647.046   Data:  84 19 18 22
TB270 010:647.082 - 0.979ms returns 0
TB270 010:647.182 JLINK_ReadMem(0x020E71EC, 0x4 Bytes, ...)
TB270 010:647.201   CPU_ReadMem(4 bytes @ 0x020E71EC)
TB270 010:647.681   Data:  0F 00 00 00
TB270 010:647.718 - 0.536ms returns 0
TB270 010:647.864 JLINK_ReadMem(0x221821B4, 0x4 Bytes, ...)
TB270 010:647.892   CPU_ReadMem(4 bytes @ 0x221821B4)
TB270 010:648.400   Data:  01 00 00 00
TB270 010:648.433 - 0.569ms returns 0
T9BD8 011:124.514 JLINK_Halt()
T9BD8 011:128.552 - 4.038ms returns 0x00
T9BD8 011:128.676 JLINK_ReadReg(XPSR)
T9BD8 011:132.725   CPU_ReadMem(4 bytes @ 0xE000EE08)
T9BD8 011:133.221 - 4.544ms returns 0x41000000
T9BD8 011:139.763 JLINK_Close()
T9BD8 011:153.306 - 13.540ms
T9BD8 011:153.352   
T9BD8 011:153.363   Closed
