     VMA      LMA     Size Align Out     In      Symbol
       0        0        0     1 RAM_START = 0x22180000
       0        0        0     1 RAM_LENGTH = 0x00054000
       0        0        0     1 FLASH_START = 0x020d8000
       0        0        0     1 FLASH_LENGTH = 0x00028000
       0        0        0     1 DATA_FLASH_START = 0x27000000
       0        0        0     1 DATA_FLASH_LENGTH = 0x00000000
       0        0        0     1 SDRAM_START = 0x6fe00000
       0        0        0     1 SDRAM_LENGTH = 0x001e0000
       0        0        0     1 OSPI0_CS0_START = 0x88000000
       0        0        0     1 OSPI0_CS0_LENGTH = 0x08000000
       0        0        0     1 OSPI0_CS1_START = 0x98000000
       0        0        0     1 OSPI0_CS1_LENGTH = 0x08000000
       0        0        0     1 OSPI1_CS0_START = 0x74000000
       0        0        0     1 OSPI1_CS0_LENGTH = 0x04000000
       0        0        0     1 OSPI1_CS1_START = 0x7c000000
       0        0        0     1 OSPI1_CS1_LENGTH = 0x04000000
       0        0        0     1 OPTION_SETTING_OFS0_START = 0x02c9f040
       0        0        0     1 OPTION_SETTING_OFS0_LENGTH = 0x00000000
       0        0        0     1 OPTION_SETTING_OFS2_START = 0x02c9f044
       0        0        0     1 OPTION_SETTING_OFS2_LENGTH = 0x00000000
       0        0        0     1 OPTION_SETTING_SAS_START = 0x02c9f074
       0        0        0     1 OPTION_SETTING_SAS_LENGTH = 0x00000000
       0        0        0     1 OPTION_SETTING_OFS1_START = 0x12c9f4c0
       0        0        0     1 OPTION_SETTING_OFS1_LENGTH = 0x00000000
       0        0        0     1 OPTION_SETTING_OFS1_SEC_START = 0x02c9f0c0
       0        0        0     1 OPTION_SETTING_OFS1_SEC_LENGTH = 0x00000000
       0        0        0     1 OPTION_SETTING_OFS1_SEL_START = 0x02c9f120
       0        0        0     1 OPTION_SETTING_OFS1_SEL_LENGTH = 0x00000000
       0        0        0     1 OPTION_SETTING_OFS3_START = 0x12c9f4c4
       0        0        0     1 OPTION_SETTING_OFS3_LENGTH = 0x00000000
       0        0        0     1 OPTION_SETTING_OFS3_SEC_START = 0x02c9f0c4
       0        0        0     1 OPTION_SETTING_OFS3_SEC_LENGTH = 0x00000000
       0        0        0     1 OPTION_SETTING_OFS3_SEL_START = 0x02c9f124
       0        0        0     1 OPTION_SETTING_OFS3_SEL_LENGTH = 0x00000000
       0        0        0     1 OPTION_SETTING_BPS_START = 0x12c9f600
       0        0        0     1 OPTION_SETTING_BPS_LENGTH = 0x00000000
       0        0        0     1 OPTION_SETTING_BPS_SEC_START = 0x02c9f200
       0        0        0     1 OPTION_SETTING_BPS_SEC_LENGTH = 0x00000000
       0        0        0     1 OPTION_SETTING_OTP_FSBLCTRL0_START = 0x02e07600
       0        0        0     1 OPTION_SETTING_OTP_FSBLCTRL0_LENGTH = 0x00000000
       0        0        0     1 OPTION_SETTING_OTP_FSBLCTRL1_START = 0x02e07604
       0        0        0     1 OPTION_SETTING_OTP_FSBLCTRL1_LENGTH = 0x00000000
       0        0        0     1 OPTION_SETTING_OTP_FSBLCTRL2_START = 0x02e07608
       0        0        0     1 OPTION_SETTING_OTP_FSBLCTRL2_LENGTH = 0x00000000
       0        0        0     1 OPTION_SETTING_OTP_SAMR_START = 0x02e07614
       0        0        0     1 OPTION_SETTING_OTP_SAMR_LENGTH = 0x00000000
       0        0        0     1 OPTION_SETTING_OTP_SACC00_START = 0x02e07620
       0        0        0     1 OPTION_SETTING_OTP_SACC00_LENGTH = 0x00000000
       0        0        0     1 OPTION_SETTING_OTP_SACC10_START = 0x02e07630
       0        0        0     1 OPTION_SETTING_OTP_SACC10_LENGTH = 0x00000000
       0        0        0     1 OPTION_SETTING_OTP_SACC01_START = 0x02e07640
       0        0        0     1 OPTION_SETTING_OTP_SACC01_LENGTH = 0x00000000
       0        0        0     1 OPTION_SETTING_OTP_SACC11_START = 0x02e07650
       0        0        0     1 OPTION_SETTING_OTP_SACC11_LENGTH = 0x00000000
       0        0        0     1 OPTION_SETTING_OTP_SACC02_START = 0x02e07660
       0        0        0     1 OPTION_SETTING_OTP_SACC02_LENGTH = 0x00000000
       0        0        0     1 OPTION_SETTING_OTP_SACC12_START = 0x02e07670
       0        0        0     1 OPTION_SETTING_OTP_SACC12_LENGTH = 0x00000000
       0        0        0     1 OPTION_SETTING_OTP_SACC03_START = 0x02e07680
       0        0        0     1 OPTION_SETTING_OTP_SACC03_LENGTH = 0x00000000
       0        0        0     1 OPTION_SETTING_OTP_SACC13_START = 0x02e07690
       0        0        0     1 OPTION_SETTING_OTP_SACC13_LENGTH = 0x00000000
       0        0        0     1 OPTION_SETTING_OTP_PBPS_SEC_START = 0x02e17700
       0        0        0     1 OPTION_SETTING_OTP_PBPS_SEC_LENGTH = 0x00000000
       0        0        0     1 OPTION_SETTING_OTP_PBPS_START = 0x12e17780
       0        0        0     1 OPTION_SETTING_OTP_PBPS_LENGTH = 0x00000000
       0        0        0     1 OPTION_SETTING_OTP_ZHUK_START = 0x02e17920
       0        0        0     1 OPTION_SETTING_OTP_ZHUK_LENGTH = 0x00000000
       0        0        0     1 CTCM_START = 0x00000000
       0        0        0     1 CTCM_LENGTH = 0x00010000
       0        0        0     1 STCM_START = 0x20000000
       0        0        0     1 STCM_LENGTH = 0x00010000
       0        0        0     1 SHAREMEM_START = 0x6FFE0000
       0        0        0     1 SHAREMEM_LENGTH = 0x20000
98000000 98000000        0     1 .ospi0_cs1.startof
98000000 98000000        0     1         __ddsc_OSPI0_CS1_START = .
6fe00000 6fe00000        0     1 .sdram.startof
6fe00000 6fe00000        0     1         __ddsc_SDRAM_START = .
6fe00000 6fe00000        0     1 __sdram_from_ospi0_cs1$$
6fe00000 6fe00000        0     1         __sdram_from_ospi0_cs1$$Base = .
6fe00000 6fe00000        0     1         __sdram_from_ospi0_cs1$$Load = LOADADDR(__sdram_from_ospi0_cs1$$)
6fe00000 6fe00000        0     1         __sdram_from_ospi0_cs1$$Limit = .
88000000 88000000        0     1 .ospi0_cs0.startof
88000000 88000000        0     1         __ddsc_OSPI0_CS0_START = .
88000000 88000000        0     1 __ospi0_cs0_from_ospi0_cs1$$
88000000 88000000        0     1         __ospi0_cs0_from_ospi0_cs1$$Base = .
88000000 88000000        0     1         __ospi0_cs0_from_ospi0_cs1$$Load = LOADADDR(__ospi0_cs0_from_ospi0_cs1$$)
88000000 88000000        0     1         __ospi0_cs0_from_ospi0_cs1$$Limit = .
74000000 74000000        0     1 .ospi1_cs0.startof
74000000 74000000        0     1         __ddsc_OSPI1_CS0_START = .
74000000 74000000        0     1 __ospi1_cs0_from_ospi0_cs1$$
74000000 74000000        0     1         __ospi1_cs0_from_ospi0_cs1$$Base = .
74000000 74000000        0     1         __ospi1_cs0_from_ospi0_cs1$$Load = LOADADDR(__ospi1_cs0_from_ospi0_cs1$$)
74000000 74000000        0     1         __ospi1_cs0_from_ospi0_cs1$$Limit = .
       0        0        0     1 .ctcm.startof
       0        0        0     1         __ddsc_CTCM_START = .
       0        0        0     1 __ctcm_from_ospi0_cs1$$
       0        0        0     1         __ctcm_from_ospi0_cs1$$Base = .
       0        0        0     1         __ctcm_from_ospi0_cs1$$Load = LOADADDR(__ctcm_from_ospi0_cs1$$)
       0        0        0     1         __ctcm_from_ospi0_cs1$$Limit = .
20000000 20000000        0     1 .stcm.startof
20000000 20000000        0     1         __ddsc_STCM_START = .
20000000 20000000        0     1 __stcm_from_ospi0_cs1$$
20000000 20000000        0     1         __stcm_from_ospi0_cs1$$Base = .
20000000 20000000        0     1         __stcm_from_ospi0_cs1$$Load = LOADADDR(__stcm_from_ospi0_cs1$$)
20000000 20000000        0     1         __stcm_from_ospi0_cs1$$Limit = .
22180000 22180000        0     1 .ram.startof
22180000 22180000        0     1         __ddsc_RAM_START = .
22180000 22180000       3c  1024 __ram_dtc_vector$$
22180000 22180000        0     1         __ram_dtc_vector$$Base = .
22180000 22180000       3c  1024         ./ra/fsp/src/r_dtc/r_dtc.o:(.fsp_dtc_vector_table)
22180000 22180000       3c     1                 gp_dtc_vector_table
2218003c 2218003c        0     1         __ram_dtc_vector$$Limit = .
2218003c 2218003c        0     1 __ram_from_ospi0_cs1$$
2218003c 2218003c        0     1         __ram_from_ospi0_cs1$$Base = .
2218003c 2218003c        0     1         __ram_from_ospi0_cs1$$Load = LOADADDR(__ram_from_ospi0_cs1$$)
2218003c 2218003c        0     1         __ram_from_ospi0_cs1$$Limit = .
98000000 98000000        0     1 __ospi0_cs1_readonly$$
98000000 98000000        0     1         __ospi0_cs1_readonly$$Base = .
98000000 98000000        0     1         __ospi0_cs1_readonly$$Limit = .
98000000 98000000        0     1 __ospi0_cs1_noinit$$
98000000 98000000        0     1         __ospi0_cs1_noinit$$Base = .
98000000 98000000        0     1         __ospi0_cs1_noinit$$Limit = .
98000000 98000000        0     1 .ospi0_cs1.endof
98000000 98000000        0     1         __ddsc_OSPI0_CS1_END = .
7c000000 7c000000        0     1 .ospi1_cs1.startof
7c000000 7c000000        0     1         __ddsc_OSPI1_CS1_START = .
6fe00000 6fe00000        0     1 __sdram_from_ospi1_cs1$$
6fe00000 6fe00000        0     1         __sdram_from_ospi1_cs1$$Base = .
6fe00000 6fe00000        0     1         __sdram_from_ospi1_cs1$$Load = LOADADDR(__sdram_from_ospi1_cs1$$)
6fe00000 6fe00000        0     1         __sdram_from_ospi1_cs1$$Limit = .
88000000 88000000        0     1 __ospi0_cs0_from_ospi1_cs1$$
88000000 88000000        0     1         __ospi0_cs0_from_ospi1_cs1$$Base = .
88000000 88000000        0     1         __ospi0_cs0_from_ospi1_cs1$$Load = LOADADDR(__ospi0_cs0_from_ospi1_cs1$$)
88000000 88000000        0     1         __ospi0_cs0_from_ospi1_cs1$$Limit = .
74000000 74000000        0     1 __ospi1_cs0_from_ospi1_cs1$$
74000000 74000000        0     1         __ospi1_cs0_from_ospi1_cs1$$Base = .
74000000 74000000        0     1         __ospi1_cs0_from_ospi1_cs1$$Load = LOADADDR(__ospi1_cs0_from_ospi1_cs1$$)
74000000 74000000        0     1         __ospi1_cs0_from_ospi1_cs1$$Limit = .
       0        0        0     1 __ctcm_from_ospi1_cs1$$
       0        0        0     1         __ctcm_from_ospi1_cs1$$Base = .
       0        0        0     1         __ctcm_from_ospi1_cs1$$Load = LOADADDR(__ctcm_from_ospi1_cs1$$)
       0        0        0     1         __ctcm_from_ospi1_cs1$$Limit = .
20000000 20000000        0     1 __stcm_from_ospi1_cs1$$
20000000 20000000        0     1         __stcm_from_ospi1_cs1$$Base = .
20000000 20000000        0     1         __stcm_from_ospi1_cs1$$Load = LOADADDR(__stcm_from_ospi1_cs1$$)
20000000 20000000        0     1         __stcm_from_ospi1_cs1$$Limit = .
2218003c 2218003c        0     1 __ram_from_ospi1_cs1$$
2218003c 2218003c        0     1         __ram_from_ospi1_cs1$$Base = .
2218003c 2218003c        0     1         __ram_from_ospi1_cs1$$Load = LOADADDR(__ram_from_ospi1_cs1$$)
2218003c 2218003c        0     1         __ram_from_ospi1_cs1$$Limit = .
7c000000 7c000000        0     1 __ospi1_cs1_readonly$$
7c000000 7c000000        0     1         __ospi1_cs1_readonly$$Base = .
7c000000 7c000000        0     1         __ospi1_cs1_readonly$$Limit = .
7c000000 7c000000        0     1 __ospi1_cs1_noinit$$
7c000000 7c000000        0     1         __ospi1_cs1_noinit$$Base = .
7c000000 7c000000        0     1         __ospi1_cs1_noinit$$Limit = .
7c000000 7c000000        0     1 .ospi1_cs1.endof
7c000000 7c000000        0     1         __ddsc_OSPI1_CS1_END = .
27000000 27000000        0     1 .data_flash.startof
27000000 27000000        0     1         __ddsc_DATA_FLASH_START = .
6fe00000 6fe00000        0     1 __sdram_from_data_flash$$
6fe00000 6fe00000        0     1         __sdram_from_data_flash$$Base = .
6fe00000 6fe00000        0     1         __sdram_from_data_flash$$Load = LOADADDR(__sdram_from_data_flash$$)
6fe00000 6fe00000        0     1         __sdram_from_data_flash$$Limit = .
88000000 88000000        0     1 __ospi0_cs0_from_data_flash$$
88000000 88000000        0     1         __ospi0_cs0_from_data_flash$$Base = .
88000000 88000000        0     1         __ospi0_cs0_from_data_flash$$Load = LOADADDR(__ospi0_cs0_from_data_flash$$)
88000000 88000000        0     1         __ospi0_cs0_from_data_flash$$Limit = .
74000000 74000000        0     1 __ospi1_cs0_from_data_flash$$
74000000 74000000        0     1         __ospi1_cs0_from_data_flash$$Base = .
74000000 74000000        0     1         __ospi1_cs0_from_data_flash$$Load = LOADADDR(__ospi1_cs0_from_data_flash$$)
74000000 74000000        0     1         __ospi1_cs0_from_data_flash$$Limit = .
       0        0        0     1 __ctcm_from_data_flash$$
       0        0        0     1         __ctcm_from_data_flash$$Base = .
       0        0        0     1         __ctcm_from_data_flash$$Load = LOADADDR(__ctcm_from_data_flash$$)
       0        0        0     1         __ctcm_from_data_flash$$Limit = .
20000000 20000000        0     1 __stcm_from_data_flash$$
20000000 20000000        0     1         __stcm_from_data_flash$$Base = .
20000000 20000000        0     1         __stcm_from_data_flash$$Load = LOADADDR(__stcm_from_data_flash$$)
20000000 20000000        0     1         __stcm_from_data_flash$$Limit = .
2218003c 2218003c        0     1 __ram_from_data_flash$$
2218003c 2218003c        0     1         __ram_from_data_flash$$Base = .
2218003c 2218003c        0     1         __ram_from_data_flash$$Load = LOADADDR(__ram_from_data_flash$$)
2218003c 2218003c        0     1         __ram_from_data_flash$$Limit = .
27000000 27000000        0     1 __data_flash_readonly$$
27000000 27000000        0     1         __data_flash_readonly$$Base = .
27000000 27000000        0     1         __data_flash_readonly$$Limit = .
27000000 27000000        0     1 __data_flash_noinit$$
27000000 27000000        0     1         __data_flash_noinit$$Base = .
27000000 27000000        0     1         __data_flash_noinit$$Limit = .
27000000 27000000        0     1 .data_flash.endof
27000000 27000000        0     1         __ddsc_DATA_FLASH_END = .
 20d8000  20d8000        0     1 .flash.startof
 20d8000  20d8000        0     1         __ddsc_FLASH_START = .
 20d8000  20d8000       7c     4 __flash_vectors$$
 20d8000  20d8000        0     1         __flash_vectors$$Base = .
 20d8000  20d8000        0     1         _VECTORS = .
 20d8000  20d8000       40     4         ./ra/fsp/src/bsp/cmsis/Device/RENESAS/Source/startup.o:(.fixed_vectors)
 20d8000  20d8000       40     1                 __Vectors
 20d8040  20d8040       3c     4         ./ra_gen/vector_data.o:(.application_vectors)
 20d8040  20d8040       3c     1                 g_vector_table
 20d807c  20d807c        0     1         __flash_vectors$$Limit = .
 20d807c  20d807c        0     1 __flash_noinit$$
 20d807c  20d807c        0     1         __flash_noinit$$Base = .
 20d807c  20d807c        0     1         __flash_noinit$$Limit = .
6fe00000 6fe00000        0     1 __sdram_from_flash$$
6fe00000 6fe00000        0     1         __sdram_from_flash$$Base = .
6fe00000 6fe00000        0     1         __sdram_from_flash$$Load = LOADADDR(__sdram_from_flash$$)
6fe00000 6fe00000        0     1         __sdram_from_flash$$Limit = .
6fe00000 6fe00000        0     1 __sdram_noinit_nocache$$
6fe00000 6fe00000        0     1         __sdram_noinit_nocache$$Base = .
6fe00000 6fe00000        0     1         __sdram_noinit_nocache$$Limit = .
6fe00000 6fe00000        0     1 __sdram_zero_nocache$$
6fe00000 6fe00000        0     1         __sdram_zero_nocache$$Base = .
6fe00000 6fe00000        0     1         . = ALIGN(32)
6fe00000 6fe00000        0     1         __sdram_zero_nocache$$Limit = .
6fe00000 6fe00000        0     1 __sdram_noinit$$
6fe00000 6fe00000        0     1         __sdram_noinit$$Base = .
6fe00000 6fe00000        0     1         __sdram_noinit$$Limit = .
6fe00000 6fe00000        0     1 __sdram_zero$$
6fe00000 6fe00000        0     1         __sdram_zero$$Base = .
6fe00000 6fe00000        0     1         __sdram_zero$$Limit = .
6fe00000 6fe00000        0     1 .sdram.endof
6fe00000 6fe00000        0     1         __ddsc_SDRAM_END = .
88000000 88000000        0     1 __ospi0_cs0_from_flash$$
88000000 88000000        0     1         __ospi0_cs0_from_flash$$Base = .
88000000 88000000        0     1         __ospi0_cs0_from_flash$$Load = LOADADDR(__ospi0_cs0_from_flash$$)
88000000 88000000        0     1         __ospi0_cs0_from_flash$$Limit = .
88000000 88000000        0     1 __ospi0_cs0_noinit_nocache$$
88000000 88000000        0     1         __ospi0_cs0_noinit_nocache$$Base = .
88000000 88000000        0     1         __ospi0_cs0_noinit_nocache$$Limit = .
88000000 88000000        0     1 __ospi0_cs0_zero_nocache$$
88000000 88000000        0     1         __ospi0_cs0_zero_nocache$$Base = .
88000000 88000000        0     1         . = ALIGN(32)
88000000 88000000        0     1         __ospi0_cs0_zero_nocache$$Limit = .
88000000 88000000        0     1 __ospi0_cs0_noinit$$
88000000 88000000        0     1         __ospi0_cs0_noinit$$Base = .
88000000 88000000        0     1         __ospi0_cs0_noinit$$Limit = .
88000000 88000000        0     1 __ospi0_cs0_zero$$
88000000 88000000        0     1         __ospi0_cs0_zero$$Base = .
88000000 88000000        0     1         __ospi0_cs0_zero$$Limit = .
88000000 88000000        0     1 .ospi0_cs0.endof
88000000 88000000        0     1         __ddsc_OSPI0_CS0_END = .
74000000 74000000        0     1 __ospi1_cs0_from_flash$$
74000000 74000000        0     1         __ospi1_cs0_from_flash$$Base = .
74000000 74000000        0     1         __ospi1_cs0_from_flash$$Load = LOADADDR(__ospi1_cs0_from_flash$$)
74000000 74000000        0     1         __ospi1_cs0_from_flash$$Limit = .
74000000 74000000        0     1 __ospi1_cs0_noinit_nocache$$
74000000 74000000        0     1         __ospi1_cs0_noinit_nocache$$Base = .
74000000 74000000        0     1         __ospi1_cs0_noinit_nocache$$Limit = .
74000000 74000000        0     1 __ospi1_cs0_zero_nocache$$
74000000 74000000        0     1         __ospi1_cs0_zero_nocache$$Base = .
74000000 74000000        0     1         . = ALIGN(32)
74000000 74000000        0     1         __ospi1_cs0_zero_nocache$$Limit = .
74000000 74000000        0     1 __ospi1_cs0_noinit$$
74000000 74000000        0     1         __ospi1_cs0_noinit$$Base = .
74000000 74000000        0     1         __ospi1_cs0_noinit$$Limit = .
74000000 74000000        0     1 __ospi1_cs0_zero$$
74000000 74000000        0     1         __ospi1_cs0_zero$$Base = .
74000000 74000000        0     1         __ospi1_cs0_zero$$Limit = .
74000000 74000000        0     1 .ospi1_cs0.endof
74000000 74000000        0     1         __ddsc_OSPI1_CS0_END = .
       0        0        0     1 __ctcm_from_flash$$
       0        0        0     1         __ctcm_from_flash$$Base = .
       0        0        0     1         __ctcm_from_flash$$Load = LOADADDR(__ctcm_from_flash$$)
       0        0        0     1         __ctcm_from_flash$$Limit = .
       0        0        0     1 __ctcm_noinit$$
       0        0        0     1         __ctcm_noinit$$Base = .
       0        0        0     1         __ctcm_noinit$$Limit = .
       0        0        0     1 __ctcm_zero$$
       0        0        0     1         __ctcm_zero$$Base = .
       0        0        0     1         __ctcm_zero$$Limit = .
       0        0        0     1 .ctcm.endof
       0        0        0     1         __ddsc_CTCM_END = .
20000000 20000000        0     1 __stcm_from_flash$$
20000000 20000000        0     1         __stcm_from_flash$$Base = .
20000000 20000000        0     1         __stcm_from_flash$$Load = LOADADDR(__stcm_from_flash$$)
20000000 20000000        0     1         __stcm_from_flash$$Limit = .
20000000 20000000        0     1 __stcm_noinit$$
20000000 20000000        0     1         __stcm_noinit$$Base = .
20000000 20000000        0     1         __stcm_noinit$$Limit = .
20000000 20000000        0     1 __stcm_zero$$
20000000 20000000        0     1         __stcm_zero$$Base = .
20000000 20000000        0     1         __stcm_zero$$Limit = .
20000000 20000000        0     1 .stcm.endof
20000000 20000000        0     1         __ddsc_STCM_END = .
22180040  20d8080       34    16 __ram_from_flash$$
22180040  20d8080        0     1         __ram_from_flash$$Base = .
22180040  20d8080        0     1         __ram_from_flash$$Load = LOADADDR(__ram_from_flash$$)
22180040  20d8080        1     1         ./src/Vehicle/platform/fsp_vehicle_i2c.o:(.data.g_i2c_event)
22180040  20d8080        1     1                 g_i2c_event
22180050  20d8090       10    16         ./ra_gen/vehicle_thread.o:(.data.g_transfer3_info)
22180050  20d8090       10     1                 g_transfer3_info
22180060  20d80a0       10    16         ./ra_gen/vehicle_thread.o:(.data.g_transfer2_info)
22180060  20d80a0       10     1                 g_transfer2_info
22180070  20d80b0        4     4         ./ra_gen/wifi_upload_thread.o:(.data.g_uart0_baud_setting)
22180070  20d80b0        4     1                 g_uart0_baud_setting
22180074  20d80b4        0     1         __ram_from_flash$$Limit = .
22180080 22180080        0     1 __ram_noinit_nocache$$
22180080 22180080        0     1         __ram_noinit_nocache$$Base = .
22180080 22180080        0     1         __ram_noinit_nocache$$Limit = .
22180080 22180080        0     1 __ram_zero_nocache$$
22180080 22180080        0     1         __ram_zero_nocache$$Base = .
22180080 22180080        0     1         . = ALIGN(32)
22180080 22180080        0     1         __ram_zero_nocache$$Limit = .
22180080 22180080      42c     8 __ram_noinit$$
22180080 22180080        0     1         __ram_noinit$$Base = .
22180080 22180080      400     8         ./ra/fsp/src/bsp/cmsis/Device/RENESAS/Source/startup.o:(.bss.g_main_stack)
22180080 22180080      400     1                 g_main_stack
22180480 22180480       2c     4         ./ra/fsp/src/bsp/mcu/all/bsp_clocks.o:(.ram_noinit)
22180480 22180480       2c     1                 g_clock_freq
221804ac 221804ac        0     1         __ram_noinit$$Limit = .
221804ac 221804ac     2100     4 __ram_zero$$
221804ac 221804ac        0     1         __ram_zero$$Base = .
221804ac 221804ac        4     4         ./src/WifiUpload/wifi_upload_mailbox.o:(.bss.g_wifi_upload_queue)
221804ac 221804ac        4     1                 g_wifi_upload_queue
221804b0 221804b0       18     1         ./src/WifiUpload/wifi_upload_mailbox.o:(.bss.g_wifi_upload_queue_storage)
221804b0 221804b0       18     1                 g_wifi_upload_queue_storage
221804c8 221804c8       48     4         ./src/WifiUpload/wifi_upload_mailbox.o:(.bss.g_wifi_upload_queue_control)
221804c8 221804c8       48     1                 g_wifi_upload_queue_control
22180510 22180510        4     4         ./src/Vehicle/platform/fsp_vehicle_i2c.o:(.bss.g_i2c_owner_task)
22180510 22180510        4     1                 g_i2c_owner_task
22180514 22180514       a4     4         ./src/Vehicle/application/vehicle_service.o:(.bss.g_vehicle)
22180514 22180514       a4     1                 g_vehicle
221805b8 221805b8       14     1         ./src/Vehicle/adapters/rtos/vehicle_command_mailbox.o:(.bss.g_command_queue_storage)
221805b8 221805b8       14     1                 g_command_queue_storage
221805cc 221805cc       48     4         ./src/Vehicle/adapters/rtos/vehicle_command_mailbox.o:(.bss.g_command_queue_control)
221805cc 221805cc       48     1                 g_command_queue_control
22180614 22180614        4     4         ./src/Vehicle/adapters/rtos/vehicle_command_mailbox.o:(.bss.g_command_queue)
22180614 22180614        4     1                 g_command_queue
22180618 22180618       a8     4         ./src/SEGGER_RTT/SEGGER_RTT.o:(.bss._SEGGER_RTT)
22180618 22180618       a8     1                 _SEGGER_RTT
221806c0 221806c0      800     1         ./src/SEGGER_RTT/SEGGER_RTT.o:(.bss._acUpBuffer)
221806c0 221806c0      800     1                 _acUpBuffer
22180ec0 22180ec0       10     1         ./src/SEGGER_RTT/SEGGER_RTT.o:(.bss._acDownBuffer)
22180ec0 22180ec0       10     1                 _acDownBuffer
22180ed0 22180ed0       10     4         ./src/IPC/shared_jpeg_cpu1.o:(.bss.g_shared_jpeg_cpu1_context)
22180ed0 22180ed0       10     1                 g_shared_jpeg_cpu1_context
22180ee0 22180ee0       48     4         ./src/DA16200/da16200_AT.o:(.bss.g_da16200_tx_semaphore_control)
22180ee0 22180ee0       48     1                 g_da16200_tx_semaphore_control
22180f28 22180f28        4     4         ./src/DA16200/da16200_AT.o:(.bss.g_da16200_tx_semaphore)
22180f28 22180f28        4     1                 g_da16200_tx_semaphore
22180f2c 22180f2c       48     4         ./src/DA16200/da16200_AT.o:(.bss.g_da16200_rx_semaphore_control)
22180f2c 22180f2c       48     1                 g_da16200_rx_semaphore_control
22180f74 22180f74        4     4         ./src/DA16200/da16200_AT.o:(.bss.g_da16200_rx_semaphore)
22180f74 22180f74        4     1                 g_da16200_rx_semaphore
22180f78 22180f78      204     2         ./src/DA16200/da16200_AT.o:(.bss.g_da16200_rx_ring)
22180f78 22180f78      204     1                 g_da16200_rx_ring
2218117c 2218117c        1     1         ./src/DA16200/da16200_AT.o:(.bss.g_da16200_tx_done)
2218117c 2218117c        1     1                 g_da16200_tx_done
2218117d 2218117d        1     1         ./src/DA16200/da16200_AT.o:(.bss.g_da16200_rx_overflow)
2218117d 2218117d        1     1                 g_da16200_rx_overflow
22181180 22181180        4     4         ./src/DA16200/da16200_AT.o:(.bss.g_da16200_uart_error)
22181180 22181180        4     1                 g_da16200_uart_error
22181184 22181184        4     4         ./src/DA16200/da16200_AT.o:(.bss.g_da16200_rx_drop_count)
22181184 22181184        4     1                 g_da16200_rx_drop_count
22181188 22181188        4     4         ./src/DA16200/da16200_AT.o:(.bss.g_da16200_rx_char_count)
22181188 22181188        4     1                 g_da16200_rx_char_count
2218118c 2218118c      200     4         ./src/wifi_upload_thread_entry.o:(.bss.wifi_upload_thread_entry.response)
2218118c 2218118c      200     1                 wifi_upload_thread_entry.response
2218138c 2218138c      200     4         ./src/wifi_upload_thread_entry.o:(.bss.wifi_upload_connect_frontend.response)
2218138c 2218138c      200     1                 wifi_upload_connect_frontend.response
2218158c 2218158c       64     4         ./ra_gen/command_rx_thread.o:(.bss.command_rx_thread_memory)
2218158c 2218158c       64     1                 command_rx_thread_memory
221815f0 221815f0        4     4         ./ra_gen/command_rx_thread.o:(.bss.command_rx_thread)
221815f0 221815f0        4     1                 command_rx_thread
221815f4 221815f4        8     4         ./ra_gen/common_data.o:(.bss.g_ioport_ctrl)
221815f4 221815f4        8     1                 g_ioport_ctrl
221815fc 221815fc       1c     4         ./ra_gen/ipc_thread.o:(.bss.g_ipc1_ctrl)
221815fc 221815fc       1c     1                 g_ipc1_ctrl
22181618 22181618       64     4         ./ra_gen/ipc_thread.o:(.bss.ipc_thread_memory)
22181618 22181618       64     1                 ipc_thread_memory
2218167c 2218167c        4     4         ./ra_gen/ipc_thread.o:(.bss.ipc_thread)
2218167c 2218167c        4     1                 ipc_thread
22181680 22181680        4     4         ./ra_gen/main.o:(.bss.g_fsp_common_initialized_semaphore)
22181680 22181680        4     1                 g_fsp_common_initialized_semaphore
22181684 22181684        1     1         ./ra_gen/main.o:(.bss.g_fsp_common_initialized)
22181684 22181684        1     1                 g_fsp_common_initialized
22181688 22181688        4     4         ./ra_gen/main.o:(.bss.g_fsp_common_thread_count)
22181688 22181688        4     1                 g_fsp_common_thread_count
2218168c 2218168c       48     4         ./ra_gen/main.o:(.bss.g_fsp_common_initialized_semaphore_memory)
2218168c 2218168c       48     1                 g_fsp_common_initialized_semaphore_memory
221816d4 221816d4       64     4         ./ra_gen/main.o:(.bss.vApplicationGetIdleTaskMemory.xIdleTaskTCB)
221816d4 221816d4       64     1                 vApplicationGetIdleTaskMemory.xIdleTaskTCB
22181738 22181738      200     4         ./ra_gen/main.o:(.bss.vApplicationGetIdleTaskMemory.uxIdleTaskStack)
22181738 22181738      200     1                 vApplicationGetIdleTaskMemory.uxIdleTaskStack
22181938 22181938       64     4         ./ra_gen/main.o:(.bss.vApplicationGetTimerTaskMemory.xTimerTaskTCB)
22181938 22181938       64     1                 vApplicationGetTimerTaskMemory.xTimerTaskTCB
2218199c 2218199c      200     4         ./ra_gen/main.o:(.bss.vApplicationGetTimerTaskMemory.uxTimerTaskStack)
2218199c 2218199c      200     1                 vApplicationGetTimerTaskMemory.uxTimerTaskStack
22181b9c 22181b9c       20     4         ./ra_gen/vehicle_thread.o:(.bss.g_right_wheel_ctrl)
22181b9c 22181b9c       20     1                 g_right_wheel_ctrl
22181bbc 22181bbc       20     4         ./ra_gen/vehicle_thread.o:(.bss.g_fan_ctrl)
22181bbc 22181bbc       20     1                 g_fan_ctrl
22181bdc 22181bdc       20     4         ./ra_gen/vehicle_thread.o:(.bss.g_left_wheel_ctrl)
22181bdc 22181bdc       20     1                 g_left_wheel_ctrl
22181bfc 22181bfc        8     4         ./ra_gen/vehicle_thread.o:(.bss.g_transfer3_ctrl)
22181bfc 22181bfc        8     1                 g_transfer3_ctrl
22181c04 22181c04        8     4         ./ra_gen/vehicle_thread.o:(.bss.g_transfer2_ctrl)
22181c04 22181c04        8     1                 g_transfer2_ctrl
22181c0c 22181c0c       40     4         ./ra_gen/vehicle_thread.o:(.bss.g_i2c_master0_ctrl)
22181c0c 22181c0c       40     1                 g_i2c_master0_ctrl
22181c4c 22181c4c       64     4         ./ra_gen/vehicle_thread.o:(.bss.vehicle_thread_memory)
22181c4c 22181c4c       64     1                 vehicle_thread_memory
22181cb0 22181cb0        4     4         ./ra_gen/vehicle_thread.o:(.bss.vehicle_thread)
22181cb0 22181cb0        4     1                 vehicle_thread
22181cb4 22181cb4       64     4         ./ra_gen/video_tx_thread.o:(.bss.video_tx_thread_memory)
22181cb4 22181cb4       64     1                 video_tx_thread_memory
22181d18 22181d18        4     4         ./ra_gen/video_tx_thread.o:(.bss.video_tx_thread)
22181d18 22181d18        4     1                 video_tx_thread
22181d1c 22181d1c       34     4         ./ra_gen/wifi_upload_thread.o:(.bss.g_uart0_ctrl)
22181d1c 22181d1c       34     1                 g_uart0_ctrl
22181d50 22181d50       64     4         ./ra_gen/wifi_upload_thread.o:(.bss.wifi_upload_thread_memory)
22181d50 22181d50       64     1                 wifi_upload_thread_memory
22181db4 22181db4        4     4         ./ra_gen/wifi_upload_thread.o:(.bss.wifi_upload_thread)
22181db4 22181db4        4     1                 wifi_upload_thread
22181db8 22181db8        4     4         ./ra/fsp/src/rm_freertos_port/port.o:(.bss.uxCriticalNesting)
22181db8 22181db8        4     1                 uxCriticalNesting
22181dbc 22181dbc        4     4         ./ra/fsp/src/rm_freertos_port/port.o:(.bss.g_mask_level_before_disable)
22181dbc 22181dbc        4     1                 g_mask_level_before_disable
22181dc0 22181dc0        1     1         ./ra/fsp/src/r_dtc/r_dtc.o:(.bss.r_dtc_state_initialize.g_dtc_state_initialized)
22181dc0 22181dc0        1     1                 r_dtc_state_initialize.g_dtc_state_initialized
22181dc4 22181dc4       54     4         ./ra/fsp/src/bsp/mcu/all/bsp_group_irq.o:(.bss.g_bsp_group_irq_sources)
22181dc4 22181dc4       54     1                 g_bsp_group_irq_sources
22181e18 22181e18        4     4         ./ra/fsp/src/bsp/mcu/all/bsp_io.o:(.bss.g_protect_pfswe_counter)
22181e18 22181e18        4     1                 g_protect_pfswe_counter
22181e1c 22181e1c       3c     4         ./ra/fsp/src/bsp/mcu/all/bsp_irq.o:(.bss.gp_renesas_isr_context)
22181e1c 22181e1c       3c     1                 gp_renesas_isr_context
22181e58 22181e58        a     2         ./ra/fsp/src/bsp/mcu/all/bsp_register_protection.o:(.bss.g_protect_counters)
22181e58 22181e58        a     1                 g_protect_counters
22181e64 22181e64        4     4         ./ra/fsp/src/bsp/cmsis/Device/RENESAS/Source/system.o:(.bss.SystemCoreClock)
22181e64 22181e64        4     1                 SystemCoreClock
22181e68 22181e68        4     4         ./ra/aws/FreeRTOS/FreeRTOS/Source/portable/MemMang/heap_4.o:(.bss.pxEnd)
22181e68 22181e68        4     1                 pxEnd
22181e6c 22181e6c        4     4         ./ra/aws/FreeRTOS/FreeRTOS/Source/portable/MemMang/heap_4.o:(.bss.xFreeBytesRemaining)
22181e6c 22181e6c        4     1                 xFreeBytesRemaining
22181e70 22181e70        8     4         ./ra/aws/FreeRTOS/FreeRTOS/Source/portable/MemMang/heap_4.o:(.bss.xStart)
22181e70 22181e70        8     1                 xStart
22181e78 22181e78      400     1         ./ra/aws/FreeRTOS/FreeRTOS/Source/portable/MemMang/heap_4.o:(.bss.ucHeap)
22181e78 22181e78      400     1                 ucHeap
22182278 22182278        4     4         ./ra/aws/FreeRTOS/FreeRTOS/Source/portable/MemMang/heap_4.o:(.bss.xNumberOfSuccessfulFrees)
22182278 22182278        4     1                 xNumberOfSuccessfulFrees
2218227c 2218227c       50     4         ./ra/aws/FreeRTOS/FreeRTOS/Source/queue.o:(.bss.xQueueRegistry)
2218227c 2218227c       50     1                 xQueueRegistry
221822cc 221822cc        4     4         ./ra/aws/FreeRTOS/FreeRTOS/Source/tasks.o:(.bss.pxCurrentTCB)
221822cc 221822cc        4     1                 pxCurrentTCB
221822d0 221822d0        4     4         ./ra/aws/FreeRTOS/FreeRTOS/Source/tasks.o:(.bss.uxTaskNumber)
221822d0 221822d0        4     1                 uxTaskNumber
221822d4 221822d4        4     4         ./ra/aws/FreeRTOS/FreeRTOS/Source/tasks.o:(.bss.xSchedulerRunning)
221822d4 221822d4        4     1                 xSchedulerRunning
221822d8 221822d8       14     4         ./ra/aws/FreeRTOS/FreeRTOS/Source/tasks.o:(.bss.xTasksWaitingTermination)
221822d8 221822d8       14     1                 xTasksWaitingTermination
221822ec 221822ec        4     4         ./ra/aws/FreeRTOS/FreeRTOS/Source/tasks.o:(.bss.uxDeletedTasksWaitingCleanUp)
221822ec 221822ec        4     1                 uxDeletedTasksWaitingCleanUp
221822f0 221822f0        4     4         ./ra/aws/FreeRTOS/FreeRTOS/Source/tasks.o:(.bss.uxCurrentNumberOfTasks)
221822f0 221822f0        4     1                 uxCurrentNumberOfTasks
221822f4 221822f4        4     4         ./ra/aws/FreeRTOS/FreeRTOS/Source/tasks.o:(.bss.uxSchedulerSuspended)
221822f4 221822f4        4     1                 uxSchedulerSuspended
221822f8 221822f8        4     4         ./ra/aws/FreeRTOS/FreeRTOS/Source/tasks.o:(.bss.xTickCount)
221822f8 221822f8        4     1                 xTickCount
221822fc 221822fc      140     4         ./ra/aws/FreeRTOS/FreeRTOS/Source/tasks.o:(.bss.pxReadyTasksLists)
221822fc 221822fc      140     1                 pxReadyTasksLists
2218243c 2218243c        4     4         ./ra/aws/FreeRTOS/FreeRTOS/Source/tasks.o:(.bss.uxTopReadyPriority)
2218243c 2218243c        4     1                 uxTopReadyPriority
22182440 22182440       14     4         ./ra/aws/FreeRTOS/FreeRTOS/Source/tasks.o:(.bss.xSuspendedTaskList)
22182440 22182440       14     1                 xSuspendedTaskList
22182454 22182454        4     4         ./ra/aws/FreeRTOS/FreeRTOS/Source/tasks.o:(.bss.xYieldPendings)
22182454 22182454        4     1                 xYieldPendings
22182458 22182458       14     4         ./ra/aws/FreeRTOS/FreeRTOS/Source/tasks.o:(.bss.xPendingReadyList)
22182458 22182458       14     1                 xPendingReadyList
2218246c 2218246c        4     4         ./ra/aws/FreeRTOS/FreeRTOS/Source/tasks.o:(.bss.xNextTaskUnblockTime)
2218246c 2218246c        4     1                 xNextTaskUnblockTime
22182470 22182470        4     4         ./ra/aws/FreeRTOS/FreeRTOS/Source/tasks.o:(.bss.xIdleTaskHandles.0)
22182470 22182470        4     1                 xIdleTaskHandles.0
22182474 22182474        4     4         ./ra/aws/FreeRTOS/FreeRTOS/Source/tasks.o:(.bss.xPendedTicks)
22182474 22182474        4     1                 xPendedTicks
22182478 22182478        4     4         ./ra/aws/FreeRTOS/FreeRTOS/Source/tasks.o:(.bss.pxDelayedTaskList)
22182478 22182478        4     1                 pxDelayedTaskList
2218247c 2218247c        4     4         ./ra/aws/FreeRTOS/FreeRTOS/Source/tasks.o:(.bss.pxOverflowDelayedTaskList)
2218247c 2218247c        4     1                 pxOverflowDelayedTaskList
22182480 22182480        4     4         ./ra/aws/FreeRTOS/FreeRTOS/Source/tasks.o:(.bss.xNumOfOverflows)
22182480 22182480        4     1                 xNumOfOverflows
22182484 22182484       14     4         ./ra/aws/FreeRTOS/FreeRTOS/Source/tasks.o:(.bss.xDelayedTaskList1)
22182484 22182484       14     1                 xDelayedTaskList1
22182498 22182498       14     4         ./ra/aws/FreeRTOS/FreeRTOS/Source/tasks.o:(.bss.xDelayedTaskList2)
22182498 22182498       14     1                 xDelayedTaskList2
221824ac 221824ac        4     4         ./ra/aws/FreeRTOS/FreeRTOS/Source/timers.o:(.bss.xTimerQueue)
221824ac 221824ac        4     1                 xTimerQueue
221824b0 221824b0        4     4         ./ra/aws/FreeRTOS/FreeRTOS/Source/timers.o:(.bss.xTimerTaskHandle)
221824b0 221824b0        4     1                 xTimerTaskHandle
221824b4 221824b4        4     4         ./ra/aws/FreeRTOS/FreeRTOS/Source/timers.o:(.bss.pxCurrentTimerList)
221824b4 221824b4        4     1                 pxCurrentTimerList
221824b8 221824b8        4     4         ./ra/aws/FreeRTOS/FreeRTOS/Source/timers.o:(.bss.pxOverflowTimerList)
221824b8 221824b8        4     1                 pxOverflowTimerList
221824bc 221824bc        4     4         ./ra/aws/FreeRTOS/FreeRTOS/Source/timers.o:(.bss.prvSampleTimeNow.xLastTime)
221824bc 221824bc        4     1                 prvSampleTimeNow.xLastTime
221824c0 221824c0       14     4         ./ra/aws/FreeRTOS/FreeRTOS/Source/timers.o:(.bss.xActiveTimerList1)
221824c0 221824c0       14     1                 xActiveTimerList1
221824d4 221824d4       14     4         ./ra/aws/FreeRTOS/FreeRTOS/Source/timers.o:(.bss.xActiveTimerList2)
221824d4 221824d4       14     1                 xActiveTimerList2
221824e8 221824e8       48     4         ./ra/aws/FreeRTOS/FreeRTOS/Source/timers.o:(.bss.prvCheckForValidListAndQueue.xStaticTimerQueue)
221824e8 221824e8       48     1                 prvCheckForValidListAndQueue.xStaticTimerQueue
22182530 22182530       78     1         ./ra/aws/FreeRTOS/FreeRTOS/Source/timers.o:(.bss.prvCheckForValidListAndQueue.ucStaticTimerQueueStorage)
22182530 22182530       78     1                 prvCheckForValidListAndQueue.ucStaticTimerQueueStorage
221825a8 221825a8        4     4         C:\Renesas\RA\e2studio_v2026-04.2_fsp_v6.5.0\toolchains\llvm_arm\ATfE-21.1.1-Windows-x86_64\bin\..\lib\clang-runtimes/arm-none-eabi/armv8m.main_hard_fp_exn_rtti_unaligned_size\lib\libc.a(libc_picolib_machine_arm_tls.c.o):(.bss.__tls)
221825a8 221825a8        4     1                 __tls
221825ac 221825ac        0     1         __ram_zero$$Limit = .
221825ac 221825ac        0     1 __ram_tdata$$
221825ac 221825ac        0     1         __ram_tdata$$Base = .
221825ac 221825ac        0     1         __ram_tdata$$Load = LOADADDR(__ram_tdata$$)
221825ac 221825ac        0     1         __ram_tdata$$Limit = .
221825ac 221825ac        0     1 __ram_tbss$$
221825ac 221825ac        0     1         __ram_tbss$$Base = .
221825ac 221825ac        0     1         __ram_tbss$$Limit = .
221825b0 221825b0     2800     8 __ram_thread_stack$$
221825b0 221825b0        0     1         __ram_thread_stack$$Base = .
221825b0 221825b0      400     8         ./ra_gen/command_rx_thread.o:(.stack.command_rx_thread)
221825b0 221825b0      400     1                 command_rx_thread_stack
221829b0 221829b0      400     8         ./ra_gen/ipc_thread.o:(.stack.ipc_thread)
221829b0 221829b0      400     1                 ipc_thread_stack
22182db0 22182db0      400     8         ./ra_gen/vehicle_thread.o:(.stack.vehicle_thread)
22182db0 22182db0      400     1                 vehicle_thread_stack
221831b0 221831b0      400     8         ./ra_gen/video_tx_thread.o:(.stack.video_tx_thread)
221831b0 221831b0      400     1                 video_tx_thread_stack
221835b0 221835b0     1800     8         ./ra_gen/wifi_upload_thread.o:(.stack.wifi_upload_thread)
221835b0 221835b0     1800     1                 wifi_upload_thread_stack
22184db0 22184db0        0     1         __ram_thread_stack$$Limit = .
22184e00 22184e00        0     1 .ram.endof
22184e00 22184e00        0     1         __ddsc_RAM_END = .
22184e00 22184e00        0     1 .ram.flat_nsc
22184e00 22184e00        0     1         __ddsc_RAM_NSC = .
 20d80b8  20d80b8     b45e     8 __flash_readonly$$
 20d80b8  20d80b8        0     1         __flash_readonly$$Base = .
 20d80b8  20d80b8       40     2         ./src/WifiUpload/wifi_upload_mailbox.o:(.text.wifi_upload_mailbox_init)
 20d80b8  20d80b8        0     1                 $t
 20d80b9  20d80b9       40     1                 wifi_upload_mailbox_init
 20d80f8  20d80f8       3c     2         ./src/WifiUpload/wifi_upload_mailbox.o:(.text.wifi_upload_mailbox_submit)
 20d80f8  20d80f8        0     1                 $t
 20d80f9  20d80f9       3c     1                 wifi_upload_mailbox_submit
 20d8134  20d8134       2e     2         ./src/WifiUpload/wifi_upload_mailbox.o:(.text.wifi_upload_mailbox_take)
 20d8134  20d8134        0     1                 $t
 20d8135  20d8135       2e     1                 wifi_upload_mailbox_take
 20d8162  20d8162       22     2         ./src/Vehicle/platform/fsp_vehicle_actuators.o:(.text.fsp_vehicle_actuator_port_get)
 20d8162  20d8162        0     1                 $t
 20d8163  20d8163       22     1                 fsp_vehicle_actuator_port_get
 20d8184  20d8184       32     2         ./src/Vehicle/platform/fsp_vehicle_actuators.o:(.text.actuator_init)
 20d8184  20d8184        0     1                 $t
 20d8185  20d8185       32     1                 actuator_init
 20d81b8  20d81b8       4c     4         ./src/Vehicle/platform/fsp_vehicle_actuators.o:(.text.wheels_write)
 20d81b8  20d81b8        0     1                 $t
 20d81b9  20d81b9       4c     1                 wheels_write
 20d8200  20d8200        0     1                 $d
 20d8204  20d8204       94     4         ./src/Vehicle/platform/fsp_vehicle_actuators.o:(.text.suction_write)
 20d8204  20d8204        0     1                 $t
 20d8205  20d8205       94     1                 suction_write
 20d8294  20d8294        0     1                 $d
 20d8298  20d8298       3e     2         ./src/Vehicle/platform/fsp_vehicle_actuators.o:(.text.timer_open_start_safe)
 20d8298  20d8298        0     1                 $t
 20d8299  20d8299       3e     1                 timer_open_start_safe
 20d82d6  20d82d6       a0     2         ./src/Vehicle/platform/fsp_vehicle_actuators.o:(.text.set_wheel)
 20d82d6  20d82d6        0     1                 $t
 20d82d7  20d82d7       a0     1                 set_wheel
 20d8376  20d8376       76     2         ./src/Vehicle/platform/fsp_vehicle_actuators.o:(.text.set_duty)
 20d8376  20d8376        0     1                 $t
 20d8377  20d8377       76     1                 set_duty
 20d83ec  20d83ec       28     2         ./src/Vehicle/platform/fsp_vehicle_factory.o:(.text.fsp_vehicle_dependencies_create)
 20d83ec  20d83ec        0     1                 $t
 20d83ed  20d83ed       28     1                 fsp_vehicle_dependencies_create
 20d8414  20d8414       4a     2         ./src/Vehicle/platform/fsp_vehicle_i2c.o:(.text.imu_i2c0_callback)
 20d8414  20d8414        0     1                 $t
 20d8415  20d8415       4a     1                 imu_i2c0_callback
 20d845e  20d845e       60     2         ./src/Vehicle/platform/fsp_vehicle_i2c.o:(.text.fsp_vehicle_i2c_init)
 20d845e  20d845e        0     1                 $t
 20d845f  20d845f       60     1                 fsp_vehicle_i2c_init
 20d84be  20d84be       7a     2         ./src/Vehicle/platform/fsp_vehicle_i2c.o:(.text.port_write)
 20d84be  20d84be        0     1                 $t
 20d84bf  20d84bf       7a     1                 port_write
 20d8538  20d8538       9e     2         ./src/Vehicle/platform/fsp_vehicle_i2c.o:(.text.port_read)
 20d8538  20d8538        0     1                 $t
 20d8539  20d8539       9e     1                 port_read
 20d85d6  20d85d6        6     2         ./src/Vehicle/platform/fsp_vehicle_i2c.o:(.text.port_delay_ms)
 20d85d6  20d85d6        0     1                 $t
 20d85d7  20d85d7        6     1                 port_delay_ms
 20d85dc  20d85dc       34     2         ./src/Vehicle/platform/fsp_vehicle_i2c.o:(.text.wait_event)
 20d85dc  20d85dc        0     1                 $t
 20d85dd  20d85dd       34     1                 wait_event
 20d8610  20d8610       42     2         ./src/Vehicle/domain/heading_controller.o:(.text.heading_controller_init)
 20d8610  20d8610        0     1                 $t
 20d8611  20d8611       42     1                 heading_controller_init
 20d8652  20d8652       38     2         ./src/Vehicle/domain/heading_controller.o:(.text.heading_controller_start)
 20d8652  20d8652        0     1                 $t
 20d8653  20d8653       38     1                 heading_controller_start
 20d868a  20d868a        c     2         ./src/Vehicle/domain/heading_controller.o:(.text.heading_controller_stop)
 20d868a  20d868a        0     1                 $t
 20d868b  20d868b        c     1                 heading_controller_stop
 20d8698  20d8698      224     4         ./src/Vehicle/domain/heading_controller.o:(.text.heading_controller_update)
 20d8698  20d8698        0     1                 $t
 20d8699  20d8699      224     1                 heading_controller_update
 20d88a4  20d88a4        0     1                 $d
 20d88bc  20d88bc       10     2         ./src/Vehicle/domain/heading_controller.o:(.text.heading_controller_is_enabled)
 20d88bc  20d88bc        0     1                 $t
 20d88bd  20d88bd       10     1                 heading_controller_is_enabled
 20d88cc  20d88cc       f4     2         ./src/Vehicle/device/mpu6050.o:(.text.mpu6050_init)
 20d88cc  20d88cc        0     1                 $t
 20d88cd  20d88cd       f4     1                 mpu6050_init
 20d89c0  20d89c0      11c     4         ./src/Vehicle/device/mpu6050.o:(.text.mpu6050_read)
 20d89c0  20d89c0        0     1                 $t
 20d89c1  20d89c1      11c     1                 mpu6050_read
 20d8acc  20d8acc        0     1                 $d
 20d8adc  20d8adc       9c     4         ./src/Vehicle/device/mpu6050.o:(.text.mpu6050_calibrate_gyro)
 20d8adc  20d8adc        0     1                 $t
 20d8add  20d8add       9c     1                 mpu6050_calibrate_gyro
 20d8b74  20d8b74        0     1                 $d
 20d8b78  20d8b78       d4     4         ./src/Vehicle/application/vehicle_service.o:(.text.vehicle_service_init)
 20d8b78  20d8b78        0     1                 $t
 20d8b79  20d8b79       d4     1                 vehicle_service_init
 20d8c48  20d8c48        0     1                 $d
 20d8c4c  20d8c4c       38     4         ./src/Vehicle/application/vehicle_service.o:(.text.wheels_stop)
 20d8c4c  20d8c4c        0     1                 $t
 20d8c4d  20d8c4d       38     1                 wheels_stop
 20d8c80  20d8c80        0     1                 $d
 20d8c84  20d8c84      1dc     4         ./src/Vehicle/application/vehicle_service.o:(.text.vehicle_service_step)
 20d8c84  20d8c84        0     1                 $t
 20d8c85  20d8c85      1dc     1                 vehicle_service_step
 20d8e50  20d8e50        0     1                 $d
 20d8e60  20d8e60       84     4         ./src/Vehicle/application/vehicle_service.o:(.text.straight_start)
 20d8e60  20d8e60        0     1                 $t
 20d8e61  20d8e61       84     1                 straight_start
 20d8edc  20d8edc        0     1                 $d
 20d8ee4  20d8ee4       d8     4         ./src/Vehicle/application/vehicle_service.o:(.text.vehicle_service_manual_command)
 20d8ee4  20d8ee4        0     1                 $t
 20d8ee5  20d8ee5       d8     1                 vehicle_service_manual_command
 20d8f4c  20d8f4c        0     1                 $d
 20d8f50  20d8f50        0     1                 $t
 20d8fb4  20d8fb4        0     1                 $d
 20d8fbc  20d8fbc       3e     2         ./src/Vehicle/application/vehicle_service.o:(.text.vehicle_service_automatic_start)
 20d8fbc  20d8fbc        0     1                 $t
 20d8fbd  20d8fbd       3e     1                 vehicle_service_automatic_start
 20d8ffc  20d8ffc       6c     4         ./src/Vehicle/application/vehicle_service.o:(.text.vehicle_service_suction_set)
 20d8ffc  20d8ffc        0     1                 $t
 20d8ffd  20d8ffd       6c     1                 vehicle_service_suction_set
 20d9060  20d9060        0     1                 $d
 20d9068  20d9068       2c     2         ./src/Vehicle/application/vehicle_service.o:(.text.vehicle_service_mode_set)
 20d9068  20d9068        0     1                 $t
 20d9069  20d9069       2c     1                 vehicle_service_mode_set
 20d9094  20d9094       30     4         ./src/Vehicle/application/vehicle_service.o:(.text.vehicle_service_emergency_stop)
 20d9094  20d9094        0     1                 $t
 20d9095  20d9095       30     1                 vehicle_service_emergency_stop
 20d90c0  20d90c0        0     1                 $d
 20d90c4  20d90c4       38     2         ./src/Vehicle/adapters/rtos/vehicle_command_mailbox.o:(.text.vehicle_command_mailbox_init)
 20d90c4  20d90c4        0     1                 $t
 20d90c5  20d90c5       38     1                 vehicle_command_mailbox_init
 20d90fc  20d90fc       2e     2         ./src/Vehicle/adapters/rtos/vehicle_command_mailbox.o:(.text.vehicle_command_mailbox_take)
 20d90fc  20d90fc        0     1                 $t
 20d90fd  20d90fd       2e     1                 vehicle_command_mailbox_take
 20d912c  20d912c       72     4         ./src/SEGGER_RTT/SEGGER_RTT.o:(.text._DoInit)
 20d912c  20d912c        0     1                 $t
 20d912d  20d912d       72     1                 _DoInit
 20d91a0  20d91a0       6a     4         ./src/SEGGER_RTT/SEGGER_RTT.o:(.text._WriteBlocking)
 20d91a0  20d91a0        0     1                 $t
 20d91a1  20d91a1       6a     1                 _WriteBlocking
 20d920a  20d920a       f4     2         ./src/SEGGER_RTT/SEGGER_RTT.o:(.text.SEGGER_RTT_WriteNoLock)
 20d920a  20d920a        0     1                 $t
 20d920b  20d920b       f4     1                 SEGGER_RTT_WriteNoLock
 20d92fe  20d92fe       3a     2         ./src/SEGGER_RTT/SEGGER_RTT.o:(.text.SEGGER_RTT_Write)
 20d92fe  20d92fe        0     1                 $t
 20d92ff  20d92ff       3a     1                 SEGGER_RTT_Write
 20d9338  20d9338      306     4         ./src/SEGGER_RTT/SEGGER_RTT_printf.o:(.text.SEGGER_RTT_vprintf)
 20d9338  20d9338        0     1                 $t
 20d9339  20d9339      306     1                 SEGGER_RTT_vprintf
 20d9474  20d9474        0     1                 $d
 20d947e  20d947e        0     1                 $t
 20d963e  20d963e       40     2         ./src/SEGGER_RTT/SEGGER_RTT_printf.o:(.text._StoreChar)
 20d963e  20d963e        0     1                 $t
 20d963f  20d963f       40     1                 _StoreChar
 20d9680  20d9680       f4     4         ./src/SEGGER_RTT/SEGGER_RTT_printf.o:(.text._PrintUnsigned)
 20d9680  20d9680        0     1                 $t
 20d9681  20d9681       f4     1                 _PrintUnsigned
 20d9774  20d9774        c     2         ./src/RingBuffer/ring_buffer.o:(.text.RingBuffer_Init)
 20d9774  20d9774        0     1                 $t
 20d9775  20d9775        c     1                 RingBuffer_Init
 20d9780  20d9780        c     2         ./src/RingBuffer/ring_buffer.o:(.text.RingBuffer_Clear)
 20d9780  20d9780        0     1                 $t
 20d9781  20d9781        c     1                 RingBuffer_Clear
 20d978c  20d978c       32     2         ./src/RingBuffer/ring_buffer.o:(.text.RingBuffer_Write)
 20d978c  20d978c        0     1                 $t
 20d978d  20d978d       32     1                 RingBuffer_Write
 20d97be  20d97be       32     2         ./src/RingBuffer/ring_buffer.o:(.text.RingBuffer_Read)
 20d97be  20d97be        0     1                 $t
 20d97bf  20d97bf       32     1                 RingBuffer_Read
 20d97f0  20d97f0       38     2         ./src/IPC/shared_jpeg_cpu1.o:(.text.shared_jpeg_cpu1_init)
 20d97f0  20d97f0        0     1                 $t
 20d97f1  20d97f1       38     1                 shared_jpeg_cpu1_init
 20d9828  20d9828       1e     2         ./src/IPC/shared_jpeg_cpu1.o:(.text.shared_jpeg_cpu1_on_ipc_message_isr)
 20d9828  20d9828        0     1                 $t
 20d9829  20d9829       1e     1                 shared_jpeg_cpu1_on_ipc_message_isr
 20d9846  20d9846      1ca     2         ./src/IPC/shared_jpeg_cpu1.o:(.text.shared_jpeg_cpu1_process)
 20d9846  20d9846        0     1                 $t
 20d9847  20d9847      1ca     1                 shared_jpeg_cpu1_process
 20d9a10  20d9a10       88     2         ./src/IPC/shared_jpeg_cpu1.o:(.text.shared_jpeg_cpu1_complete_upload)
 20d9a10  20d9a10        0     1                 $t
 20d9a11  20d9a11       88     1                 shared_jpeg_cpu1_complete_upload
 20d9a98  20d9a98       46     4         ./src/IPC/shared_jpeg_protocol.o:(.text.shared_jpeg_crc32)
 20d9a98  20d9a98        0     1                 $t
 20d9a99  20d9a99       46     1                 shared_jpeg_crc32
 20d9ade  20d9ade       b8     2         ./src/DA16200/da16200_AT.o:(.text.DA16200_UartInit)
 20d9ade  20d9ade        0     1                 $t
 20d9adf  20d9adf       b8     1                 DA16200_UartInit
 20d9b96  20d9b96       24     2         ./src/DA16200/da16200_AT.o:(.text.g_printf)
 20d9b96  20d9b96        0     1                 $t
 20d9b97  20d9b97       24     1                 g_printf
 20d9bba  20d9bba      1c0     2         ./src/DA16200/da16200_AT.o:(.text.DA16200_SendCommandAndGetResponse)
 20d9bba  20d9bba        0     1                 $t
 20d9bbb  20d9bbb      1c0     1                 DA16200_SendCommandAndGetResponse
 20d9d7c  20d9d7c       60     4         ./src/DA16200/da16200_AT.o:(.text.da16200_clear_rx_ring)
 20d9d7c  20d9d7c        0     1                 $t
 20d9d7d  20d9d7d       60     1                 da16200_clear_rx_ring
 20d9ddc  20d9ddc       44     4         ./src/DA16200/da16200_AT.o:(.text.da16200_send_raw)
 20d9ddc  20d9ddc        0     1                 $t
 20d9ddd  20d9ddd       44     1                 da16200_send_raw
 20d9e20  20d9e20       5e     2         ./src/DA16200/da16200_AT.o:(.text.da16200_wait_tx_complete)
 20d9e20  20d9e20        0     1                 $t
 20d9e21  20d9e21       5e     1                 da16200_wait_tx_complete
 20d9e7e  20d9e7e       46     2         ./src/DA16200/da16200_AT.o:(.text.da16200_read_rx_byte)
 20d9e7e  20d9e7e        0     1                 $t
 20d9e7f  20d9e7f       46     1                 da16200_read_rx_byte
 20d9ec4  20d9ec4       50     4         ./src/DA16200/da16200_AT.o:(.text.da16200_response_has_terminal_line)
 20d9ec4  20d9ec4        0     1                 $t
 20d9ec5  20d9ec5       50     1                 da16200_response_has_terminal_line
 20d9f14  20d9f14       48     4         ./src/DA16200/da16200_AT.o:(.text.da16200_response_has_complete_error_line)
 20d9f14  20d9f14        0     1                 $t
 20d9f15  20d9f15       48     1                 da16200_response_has_complete_error_line
 20d9f5c  20d9f5c       18     2         ./src/DA16200/da16200_AT.o:(.text.da16200_wait_rx_activity)
 20d9f5c  20d9f5c        0     1                 $t
 20d9f5d  20d9f5d       18     1                 da16200_wait_rx_activity
 20d9f74  20d9f74       44     2         ./src/DA16200/da16200_AT.o:(.text.DA16200_SendCommandAndWait)
 20d9f74  20d9f74        0     1                 $t
 20d9f75  20d9f75       44     1                 DA16200_SendCommandAndWait
 20d9fb8  20d9fb8       58     2         ./src/DA16200/da16200_AT.o:(.text.DA16200_QueryWifiMode)
 20d9fb8  20d9fb8        0     1                 $t
 20d9fb9  20d9fb9       58     1                 DA16200_QueryWifiMode
 20da010  20da010       24     2         ./src/DA16200/da16200_AT.o:(.text.DA16200_SetWifiMode)
 20da010  20da010        0     1                 $t
 20da011  20da011       24     1                 DA16200_SetWifiMode
 20da034  20da034       42     2         ./src/DA16200/da16200_AT.o:(.text.DA16200_ResetAndWaitReady)
 20da034  20da034        0     1                 $t
 20da035  20da035       42     1                 DA16200_ResetAndWaitReady
 20da076  20da076      1f0     2         ./src/DA16200/da16200_AT.o:(.text.DA16200_ConnectWifi)
 20da076  20da076        0     1                 $t
 20da077  20da077      1f0     1                 DA16200_ConnectWifi
 20da266  20da266       6e     2         ./src/DA16200/da16200_AT.o:(.text.da16200_log_response_line)
 20da266  20da266        0     1                 $t
 20da267  20da267       6e     1                 da16200_log_response_line
 20da2d4  20da2d4       58     2         ./src/DA16200/da16200_AT.o:(.text.DA16200_QueryStaConnected)
 20da2d4  20da2d4        0     1                 $t
 20da2d5  20da2d5       58     1                 DA16200_QueryStaConnected
 20da32c  20da32c       8a     4         ./src/DA16200/da16200_AT.o:(.text.DA16200_EnsureWifiConnected)
 20da32c  20da32c        0     1                 $t
 20da32d  20da32d       8a     1                 DA16200_EnsureWifiConnected
 20da3b6  20da3b6      130     2         ./src/DA16200/da16200_AT.o:(.text.DA16200_TcpClientOpen)
 20da3b6  20da3b6        0     1                 $t
 20da3b7  20da3b7      130     1                 DA16200_TcpClientOpen
 20da4e6  20da4e6       42     2         ./src/DA16200/da16200_AT.o:(.text.da16200_parse_tcp_client_cid)
 20da4e6  20da4e6        0     1                 $t
 20da4e7  20da4e7       42     1                 da16200_parse_tcp_client_cid
 20da528  20da528       48     2         ./src/DA16200/da16200_AT.o:(.text.DA16200_TcpCloseAll)
 20da528  20da528        0     1                 $t
 20da529  20da529       48     1                 DA16200_TcpCloseAll
 20da570  20da570       c6     2         ./src/DA16200/da16200_AT.o:(.text.UART0_CallBack)
 20da570  20da570        0     1                 $t
 20da571  20da571       c6     1                 UART0_CallBack
 20da636  20da636       fe     2         ./src/DA16200/da16200_AT.o:(.text.DA16200_TcpClientSendBinaryChunk)
 20da636  20da636        0     1                 $t
 20da637  20da637       fe     1                 DA16200_TcpClientSendBinaryChunk
 20da734  20da734      11a     4         ./src/DA16200/da16200_AT.o:(.text.da16200_wait_response_ok)
 20da734  20da734        0     1                 $t
 20da735  20da735      11a     1                 da16200_wait_response_ok
 20da850  20da850        8     4         ./src/command_rx_thread_entry.o:(.text.command_rx_thread_entry)
 20da850  20da850        0     1                 $t
 20da851  20da851        8     1                 command_rx_thread_entry
 20da858  20da858       1a     2         ./src/hal_warmstart.o:(.text.R_BSP_WarmStart)
 20da858  20da858        0     1                 $t
 20da859  20da859       1a     1                 R_BSP_WarmStart
 20da872  20da872       46     2         ./src/ipc_thread_entry.o:(.text.g_ipc1_callback)
 20da872  20da872        0     1                 $t
 20da873  20da873       46     1                 g_ipc1_callback
 20da8b8  20da8b8      118     4         ./src/ipc_thread_entry.o:(.text.ipc_thread_entry)
 20da8b8  20da8b8        0     1                 $t
 20da8b9  20da8b9      118     1                 ipc_thread_entry
 20da9d0  20da9d0       24     2         ./src/ipc_thread_entry.o:(.text.g_printf)
 20da9d0  20da9d0        0     1                 $t
 20da9d1  20da9d1       24     1                 g_printf
 20da9f4  20da9f4      108     4         ./src/vehicle_thread_entry.o:(.text.vehicle_thread_entry)
 20da9f4  20da9f4        0     1                 $t
 20da9f5  20da9f5      108     1                 vehicle_thread_entry
 20daa78  20daa78        0     1                 $d
 20daa7e  20daa7e        0     1                 $t
 20daaf8  20daaf8        0     1                 $d
 20daafc  20daafc       24     2         ./src/vehicle_thread_entry.o:(.text.g_printf)
 20daafc  20daafc        0     1                 $t
 20daafd  20daafd       24     1                 g_printf
 20dab20  20dab20        8     4         ./src/video_tx_thread_entry.o:(.text.video_tx_thread_entry)
 20dab20  20dab20        0     1                 $t
 20dab21  20dab21        8     1                 video_tx_thread_entry
 20dab28  20dab28      3aa     4         ./src/wifi_upload_thread_entry.o:(.text.wifi_upload_thread_entry)
 20dab28  20dab28        0     1                 $t
 20dab29  20dab29      3aa     1                 wifi_upload_thread_entry
 20daed2  20daed2       24     2         ./src/wifi_upload_thread_entry.o:(.text.g_printf)
 20daed2  20daed2        0     1                 $t
 20daed3  20daed3       24     1                 g_printf
 20daef6  20daef6       2e     2         ./src/wifi_upload_thread_entry.o:(.text.wifi_upload_reject_pending_job)
 20daef6  20daef6        0     1                 $t
 20daef7  20daef7       2e     1                 wifi_upload_reject_pending_job
 20daf24  20daf24       38     2         ./src/wifi_upload_thread_entry.o:(.text.wifi_upload_complete_job)
 20daf24  20daf24        0     1                 $t
 20daf25  20daf25       38     1                 wifi_upload_complete_job
 20daf5c  20daf5c       6a     2         ./ra_gen/command_rx_thread.o:(.text.command_rx_thread_create)
 20daf5c  20daf5c        0     1                 $t
 20daf5d  20daf5d       6a     1                 command_rx_thread_create
 20dafc6  20dafc6       12     2         ./ra_gen/command_rx_thread.o:(.text.command_rx_thread_func)
 20dafc6  20dafc6        0     1                 $t
 20dafc7  20dafc7       12     1                 command_rx_thread_func
 20dafd8  20dafd8        2     2         ./ra_gen/common_data.o:(.text.g_common_init)
 20dafd8  20dafd8        0     1                 $t
 20dafd9  20dafd9        2     1                 g_common_init
 20dafda  20dafda        4     2         ./ra_gen/hal_data.o:(.text.g_hal_init)
 20dafda  20dafda        0     1                 $t
 20dafdb  20dafdb        4     1                 g_hal_init
 20dafde  20dafde       6a     2         ./ra_gen/ipc_thread.o:(.text.ipc_thread_create)
 20dafde  20dafde        0     1                 $t
 20dafdf  20dafdf       6a     1                 ipc_thread_create
 20db048  20db048       12     2         ./ra_gen/ipc_thread.o:(.text.ipc_thread_func)
 20db048  20db048        0     1                 $t
 20db049  20db049       12     1                 ipc_thread_func
 20db05a  20db05a        4     2         ./ra_gen/main.o:(.text.rtos_startup_err_callback_internal)
 20db05a  20db05a        0     1                 $t
 20db05b  20db05b        4     1                 rtos_startup_err_callback_internal
 20db05b  20db05b        4     1                 rtos_startup_err_callback
 20db060  20db060       62     4         ./ra_gen/main.o:(.text.rtos_startup_common_init)
 20db060  20db060        0     1                 $t
 20db061  20db061       62     1                 rtos_startup_common_init
 20db0c2  20db0c2       5a     2         ./ra_gen/main.o:(.text.main)
 20db0c2  20db0c2        0     1                 $t
 20db0c3  20db0c3       5a     1                 main
 20db11c  20db11c       1a     2         ./ra_gen/main.o:(.text.vApplicationGetIdleTaskMemory)
 20db11c  20db11c        0     1                 $t
 20db11d  20db11d       1a     1                 vApplicationGetIdleTaskMemory
 20db136  20db136       1a     2         ./ra_gen/main.o:(.text.vApplicationGetTimerTaskMemory)
 20db136  20db136        0     1                 $t
 20db137  20db137       1a     1                 vApplicationGetTimerTaskMemory
 20db150  20db150       6a     2         ./ra_gen/vehicle_thread.o:(.text.vehicle_thread_create)
 20db150  20db150        0     1                 $t
 20db151  20db151       6a     1                 vehicle_thread_create
 20db1ba  20db1ba       12     2         ./ra_gen/vehicle_thread.o:(.text.vehicle_thread_func)
 20db1ba  20db1ba        0     1                 $t
 20db1bb  20db1bb       12     1                 vehicle_thread_func
 20db1cc  20db1cc       6a     2         ./ra_gen/video_tx_thread.o:(.text.video_tx_thread_create)
 20db1cc  20db1cc        0     1                 $t
 20db1cd  20db1cd       6a     1                 video_tx_thread_create
 20db236  20db236       12     2         ./ra_gen/video_tx_thread.o:(.text.video_tx_thread_func)
 20db236  20db236        0     1                 $t
 20db237  20db237       12     1                 video_tx_thread_func
 20db248  20db248       6a     2         ./ra_gen/wifi_upload_thread.o:(.text.wifi_upload_thread_create)
 20db248  20db248        0     1                 $t
 20db249  20db249       6a     1                 wifi_upload_thread_create
 20db2b2  20db2b2       12     2         ./ra_gen/wifi_upload_thread.o:(.text.wifi_upload_thread_func)
 20db2b2  20db2b2        0     1                 $t
 20db2b3  20db2b3       12     1                 wifi_upload_thread_func
 20db2c4  20db2c4       18     4         ./ra/fsp/src/rm_freertos_port/port.o:(.text.SVC_Handler)
 20db2c4  20db2c4        0     1                 $t
 20db2c5  20db2c5       12     1                 SVC_Handler
 20db2d8  20db2d8        0     1                 $d
 20db2dc  20db2dc       44     4         ./ra/fsp/src/rm_freertos_port/port.o:(.text.PendSV_Handler)
 20db2dc  20db2dc        0     1                 $t
 20db2dd  20db2dd       40     1                 PendSV_Handler
 20db31c  20db31c        0     1                 $d
 20db320  20db320       24     4         ./ra/fsp/src/rm_freertos_port/port.o:(.text.rm_freertos_port_restore_task_stackless)
 20db320  20db320        0     1                 $t
 20db321  20db321       20     1                 rm_freertos_port_restore_task_stackless
 20db33a  20db33a        0     1                 _skip_restore_ns_context
 20db340  20db340        0     1                 $d
 20db344  20db344       26     2         ./ra/fsp/src/rm_freertos_port/port.o:(.text.SysTick_Handler)
 20db344  20db344        0     1                 $t
 20db345  20db345       26     1                 SysTick_Handler
 20db36a  20db36a       36     2         ./ra/fsp/src/rm_freertos_port/port.o:(.text.vPortSVCHandler_C)
 20db36a  20db36a        0     1                 $t
 20db36b  20db36b       36     1                 vPortSVCHandler_C
 20db3a0  20db3a0       28     2         ./ra/fsp/src/rm_freertos_port/port.o:(.text.pxPortInitialiseStack)
 20db3a0  20db3a0        0     1                 $t
 20db3a1  20db3a1       28     1                 pxPortInitialiseStack
 20db3c8  20db3c8        6     4         ./ra/fsp/src/rm_freertos_port/port.o:(.text.prvTaskExitError)
 20db3c8  20db3c8        0     1                 $t
 20db3c9  20db3c9        6     1                 prvTaskExitError
 20db3d0  20db3d0       3c     4         ./ra/fsp/src/rm_freertos_port/port.o:(.text.xPortStartScheduler)
 20db3d0  20db3d0        0     1                 $t
 20db3d1  20db3d1       3c     1                 xPortStartScheduler
 20db40c  20db40c       46     2         ./ra/fsp/src/rm_freertos_port/port.o:(.text.vPortSetupTimerInterrupt)
 20db40c  20db40c        0     1                 $t
 20db40d  20db40d       46     1                 vPortSetupTimerInterrupt
 20db452  20db452       56     2         ./ra/fsp/src/rm_freertos_port/port.o:(.text.vPortEnterCritical)
 20db452  20db452        0     1                 $t
 20db453  20db453       56     1                 vPortEnterCritical
 20db4a8  20db4a8       46     2         ./ra/fsp/src/rm_freertos_port/port.o:(.text.vPortExitCritical)
 20db4a8  20db4a8        0     1                 $t
 20db4a9  20db4a9       46     1                 vPortExitCritical
 20db4ee  20db4ee       6e     2         ./ra/fsp/src/rm_freertos_port/port.o:(.text.rm_freertos_port_sleep_preserving_lpm)
 20db4ee  20db4ee        0     1                 $t
 20db4ef  20db4ef       6e     1                 rm_freertos_port_sleep_preserving_lpm
 20db55c  20db55c       18     2         ./ra/fsp/src/rm_freertos_port/port.o:(.text.vApplicationIdleHook)
 20db55c  20db55c        0     1                 $t
 20db55d  20db55d       18     1                 vApplicationIdleHook
 20db574  20db574       6c     2         ./ra/fsp/src/rm_freertos_port/port.o:(.text.vPortValidateInterruptPriority)
 20db574  20db574        0     1                 $t
 20db575  20db575       6c     1                 vPortValidateInterruptPriority
 20db5e0  20db5e0       9a     2         ./ra/fsp/src/r_spi_b/r_spi_b.o:(.text.spi_b_rxi_isr)
 20db5e0  20db5e0        0     1                 $t
 20db5e1  20db5e1       9a     1                 spi_b_rxi_isr
 20db67a  20db67a       a6     2         ./ra/fsp/src/r_spi_b/r_spi_b.o:(.text.spi_b_txi_isr)
 20db67a  20db67a        0     1                 $t
 20db67b  20db67b       a6     1                 spi_b_txi_isr
 20db720  20db720       6e     4         ./ra/fsp/src/r_spi_b/r_spi_b.o:(.text.r_spi_b_transmit)
 20db720  20db720        0     1                 $t
 20db721  20db721       6e     1                 r_spi_b_transmit
 20db78e  20db78e       da     2         ./ra/fsp/src/r_spi_b/r_spi_b.o:(.text.spi_b_tei_isr)
 20db78e  20db78e        0     1                 $t
 20db78f  20db78f       da     1                 spi_b_tei_isr
 20db868  20db868       3e     2         ./ra/fsp/src/r_spi_b/r_spi_b.o:(.text.r_spi_b_call_callback)
 20db868  20db868        0     1                 $t
 20db869  20db869       3e     1                 r_spi_b_call_callback
 20db8a6  20db8a6       e4     2         ./ra/fsp/src/r_spi_b/r_spi_b.o:(.text.spi_b_eri_isr)
 20db8a6  20db8a6        0     1                 $t
 20db8a7  20db8a7       e4     1                 spi_b_eri_isr
 20db98c  20db98c      31a     4         ./ra/fsp/src/r_sci_b_uart/r_sci_b_uart.o:(.text.R_SCI_B_UART_Open)
 20db98c  20db98c        0     1                 $t
 20db98d  20db98d      31a     1                 R_SCI_B_UART_Open
 20dbca6  20dbca6        a     2         ./ra/fsp/src/r_sci_b_uart/r_sci_b_uart.o:(.text.R_SCI_B_UART_Read)
 20dbca6  20dbca6        0     1                 $t
 20dbca7  20dbca7        a     1                 R_SCI_B_UART_Read
 20dbcb0  20dbcb0       4c     4         ./ra/fsp/src/r_sci_b_uart/r_sci_b_uart.o:(.text.R_SCI_B_UART_Write)
 20dbcb0  20dbcb0        0     1                 $t
 20dbcb1  20dbcb1       4c     1                 R_SCI_B_UART_Write
 20dbcfc  20dbcfc       32     2         ./ra/fsp/src/r_sci_b_uart/r_sci_b_uart.o:(.text.R_SCI_B_UART_BaudSet)
 20dbcfc  20dbcfc        0     1                 $t
 20dbcfd  20dbcfd       32     1                 R_SCI_B_UART_BaudSet
 20dbd2e  20dbd2e        c     2         ./ra/fsp/src/r_sci_b_uart/r_sci_b_uart.o:(.text.R_SCI_B_UART_InfoGet)
 20dbd2e  20dbd2e        0     1                 $t
 20dbd2f  20dbd2f        c     1                 R_SCI_B_UART_InfoGet
 20dbd3c  20dbd3c       3a     4         ./ra/fsp/src/r_sci_b_uart/r_sci_b_uart.o:(.text.R_SCI_B_UART_Abort)
 20dbd3c  20dbd3c        0     1                 $t
 20dbd3d  20dbd3d       3a     1                 R_SCI_B_UART_Abort
 20dbd76  20dbd76        e     2         ./ra/fsp/src/r_sci_b_uart/r_sci_b_uart.o:(.text.R_SCI_B_UART_CallbackSet)
 20dbd76  20dbd76        0     1                 $t
 20dbd77  20dbd77        e     1                 R_SCI_B_UART_CallbackSet
 20dbd84  20dbd84       ec     4         ./ra/fsp/src/r_sci_b_uart/r_sci_b_uart.o:(.text.R_SCI_B_UART_Close)
 20dbd84  20dbd84        0     1                 $t
 20dbd85  20dbd85       ec     1                 R_SCI_B_UART_Close
 20dbe70  20dbe70        e     2         ./ra/fsp/src/r_sci_b_uart/r_sci_b_uart.o:(.text.R_SCI_B_UART_ReadStop)
 20dbe70  20dbe70        0     1                 $t
 20dbe71  20dbe71        e     1                 R_SCI_B_UART_ReadStop
 20dbe7e  20dbe7e        4     2         ./ra/fsp/src/r_sci_b_uart/r_sci_b_uart.o:(.text.R_SCI_B_UART_ReceiveSuspend)
 20dbe7e  20dbe7e        0     1                 $t
 20dbe7f  20dbe7f        4     1                 R_SCI_B_UART_ReceiveSuspend
 20dbe82  20dbe82        4     2         ./ra/fsp/src/r_sci_b_uart/r_sci_b_uart.o:(.text.R_SCI_B_UART_ReceiveResume)
 20dbe82  20dbe82        0     1                 $t
 20dbe83  20dbe83        4     1                 R_SCI_B_UART_ReceiveResume
 20dbe86  20dbe86       6e     2         ./ra/fsp/src/r_sci_b_uart/r_sci_b_uart.o:(.text.r_sci_b_uart_synchronization_delay_cfg)
 20dbe86  20dbe86        0     1                 $t
 20dbe87  20dbe87       6e     1                 r_sci_b_uart_synchronization_delay_cfg
 20dbef4  20dbef4       94     2         ./ra/fsp/src/r_sci_b_uart/r_sci_b_uart.o:(.text.sci_b_uart_txi_isr)
 20dbef4  20dbef4        0     1                 $t
 20dbef5  20dbef5       94     1                 sci_b_uart_txi_isr
 20dbf88  20dbf88       4a     2         ./ra/fsp/src/r_sci_b_uart/r_sci_b_uart.o:(.text.r_sci_b_uart_call_callback)
 20dbf88  20dbf88        0     1                 $t
 20dbf89  20dbf89       4a     1                 r_sci_b_uart_call_callback
 20dbfd2  20dbfd2       88     2         ./ra/fsp/src/r_sci_b_uart/r_sci_b_uart.o:(.text.sci_b_uart_rxi_isr)
 20dbfd2  20dbfd2        0     1                 $t
 20dbfd3  20dbfd3       88     1                 sci_b_uart_rxi_isr
 20dc05a  20dc05a       52     2         ./ra/fsp/src/r_sci_b_uart/r_sci_b_uart.o:(.text.sci_b_uart_tei_isr)
 20dc05a  20dc05a        0     1                 $t
 20dc05b  20dc05b       52     1                 sci_b_uart_tei_isr
 20dc0ac  20dc0ac       82     2         ./ra/fsp/src/r_sci_b_uart/r_sci_b_uart.o:(.text.sci_b_uart_eri_isr)
 20dc0ac  20dc0ac        0     1                 $t
 20dc0ad  20dc0ad       82     1                 sci_b_uart_eri_isr
 20dc12e  20dc12e       92     2         ./ra/fsp/src/r_ipc/r_ipc.o:(.text.R_IPC_Open)
 20dc12e  20dc12e        0     1                 $t
 20dc12f  20dc12f       92     1                 R_IPC_Open
 20dc1c0  20dc1c0       10     2         ./ra/fsp/src/r_ipc/r_ipc.o:(.text.R_IPC_MessageSend)
 20dc1c0  20dc1c0        0     1                 $t
 20dc1c1  20dc1c1       10     1                 R_IPC_MessageSend
 20dc1d0  20dc1d0        8     2         ./ra/fsp/src/r_ipc/r_ipc.o:(.text.R_IPC_EventGenerate)
 20dc1d0  20dc1d0        0     1                 $t
 20dc1d1  20dc1d1        8     1                 R_IPC_EventGenerate
 20dc1d8  20dc1d8        e     2         ./ra/fsp/src/r_ipc/r_ipc.o:(.text.R_IPC_CallbackSet)
 20dc1d8  20dc1d8        0     1                 $t
 20dc1d9  20dc1d9        e     1                 R_IPC_CallbackSet
 20dc1e6  20dc1e6       34     2         ./ra/fsp/src/r_ipc/r_ipc.o:(.text.R_IPC_Close)
 20dc1e6  20dc1e6        0     1                 $t
 20dc1e7  20dc1e7       34     1                 R_IPC_Close
 20dc21a  20dc21a       54     2         ./ra/fsp/src/r_ipc/r_ipc.o:(.text.ipc_isr)
 20dc21a  20dc21a        0     1                 $t
 20dc21b  20dc21b       54     1                 ipc_isr
 20dc26e  20dc26e       4e     2         ./ra/fsp/src/r_ipc/r_ipc.o:(.text.r_ipc_call_callback)
 20dc26e  20dc26e        0     1                 $t
 20dc26f  20dc26f       4e     1                 r_ipc_call_callback
 20dc2bc  20dc2bc       16     2         ./ra/fsp/src/r_ioport/r_ioport.o:(.text.R_IOPORT_Open)
 20dc2bc  20dc2bc        0     1                 $t
 20dc2bd  20dc2bd       16     1                 R_IOPORT_Open
 20dc2d4  20dc2d4       be     4         ./ra/fsp/src/r_ioport/r_ioport.o:(.text.r_ioport_pins_config)
 20dc2d4  20dc2d4        0     1                 $t
 20dc2d5  20dc2d5       be     1                 r_ioport_pins_config
 20dc394  20dc394       ce     4         ./ra/fsp/src/r_ioport/r_ioport.o:(.text.bsp_vbatt_init)
 20dc394  20dc394        0     1                 $t
 20dc395  20dc395       ce     1                 bsp_vbatt_init
 20dc462  20dc462       fc     2         ./ra/fsp/src/r_iic_master/r_iic_master.o:(.text.R_IIC_MASTER_Open)
 20dc462  20dc462        0     1                 $t
 20dc463  20dc463       fc     1                 R_IIC_MASTER_Open
 20dc55e  20dc55e        c     2         ./ra/fsp/src/r_iic_master/r_iic_master.o:(.text.R_IIC_MASTER_Read)
 20dc55e  20dc55e        0     1                 $t
 20dc55f  20dc55f        c     1                 R_IIC_MASTER_Read
 20dc56a  20dc56a        c     2         ./ra/fsp/src/r_iic_master/r_iic_master.o:(.text.R_IIC_MASTER_Write)
 20dc56a  20dc56a        0     1                 $t
 20dc56b  20dc56b        c     1                 R_IIC_MASTER_Write
 20dc576  20dc576       32     2         ./ra/fsp/src/r_iic_master/r_iic_master.o:(.text.R_IIC_MASTER_Abort)
 20dc576  20dc576        0     1                 $t
 20dc577  20dc577       32     1                 R_IIC_MASTER_Abort
 20dc5a8  20dc5a8        a     2         ./ra/fsp/src/r_iic_master/r_iic_master.o:(.text.R_IIC_MASTER_SlaveAddressSet)
 20dc5a8  20dc5a8        0     1                 $t
 20dc5a9  20dc5a9        a     1                 R_IIC_MASTER_SlaveAddressSet
 20dc5b4  20dc5b4      184     4         ./ra/fsp/src/r_iic_master/r_iic_master.o:(.text.iic_master_open_hw_master)
 20dc5b4  20dc5b4        0     1                 $t
 20dc5b5  20dc5b5      184     1                 iic_master_open_hw_master
 20dc738  20dc738      150     4         ./ra/fsp/src/r_iic_master/r_iic_master.o:(.text.iic_master_read_write)
 20dc738  20dc738        0     1                 $t
 20dc739  20dc739      150     1                 iic_master_read_write
 20dc888  20dc888      1d2     2         ./ra/fsp/src/r_iic_master/r_iic_master.o:(.text.iic_master_rxi_isr)
 20dc888  20dc888        0     1                 $t
 20dc889  20dc889      1d2     1                 iic_master_rxi_isr
 20dca5c  20dca5c      15e     4         ./ra/fsp/src/r_iic_master/r_iic_master.o:(.text.iic_master_txi_isr)
 20dca5c  20dca5c        0     1                 $t
 20dca5d  20dca5d      15e     1                 iic_master_txi_isr
 20dcbbc  20dcbbc       e4     4         ./ra/fsp/src/r_iic_master/r_iic_master.o:(.text.iic_master_tei_isr)
 20dcbbc  20dcbbc        0     1                 $t
 20dcbbd  20dcbbd       e4     1                 iic_master_tei_isr
 20dcca0  20dcca0      13c     2         ./ra/fsp/src/r_iic_master/r_iic_master.o:(.text.iic_master_eri_isr)
 20dcca0  20dcca0        0     1                 $t
 20dcca1  20dcca1      13c     1                 iic_master_eri_isr
 20dcddc  20dcddc       62     2         ./ra/fsp/src/r_iic_master/r_iic_master.o:(.text.iic_master_notify)
 20dcddc  20dcddc        0     1                 $t
 20dcddd  20dcddd       62     1                 iic_master_notify
 20dce3e  20dce3e       86     2         ./ra/fsp/src/r_icu/r_icu.o:(.text.r_icu_isr)
 20dce3e  20dce3e        0     1                 $t
 20dce3f  20dce3f       86     1                 r_icu_isr
 20dcec4  20dcec4      4e6     4         ./ra/fsp/src/r_gpt/r_gpt.o:(.text.R_GPT_Open)
 20dcec4  20dcec4        0     1                 $t
 20dcec5  20dcec5      4e6     1                 R_GPT_Open
[...]
__ram_from_flash$$Base                            fsp_gen.lld:624
                                                  ./ra/fsp/src/bsp/mcu/ra8p1/bsp_linker.o
__ram_from_flash$$Limit                           fsp_gen.lld:631
                                                  ./ra/fsp/src/bsp/mcu/ra8p1/bsp_linker.o
__ram_from_flash$$Load                            fsp_gen.lld:624
                                                  ./ra/fsp/src/bsp/mcu/ra8p1/bsp_linker.o
__ram_tdata$$Base                                 fsp_gen.lld:674
                                                  ./ra/fsp/src/bsp/mcu/ra8p1/bsp_linker.o
__ram_tdata$$Limit                                fsp_gen.lld:678
                                                  ./ra/fsp/src/bsp/mcu/ra8p1/bsp_linker.o
__ram_tdata$$Load                                 fsp_gen.lld:674
                                                  ./ra/fsp/src/bsp/mcu/ra8p1/bsp_linker.o
SystemCoreClockUpdate                             ./ra/fsp/src/bsp/mcu/all/bsp_clocks.o
                                                  ./ra/fsp/src/bsp/cmsis/Device/RENESAS/Source/system.o
bsp_clock_freq_var_init                           ./ra/fsp/src/bsp/mcu/all/bsp_clocks.o
                                                  ./ra/fsp/src/bsp/cmsis/Device/RENESAS/Source/system.o
bsp_init_internal                                 ./ra/fsp/src/bsp/mcu/all/bsp_common.o
bsp_init                                          ./ra/fsp/src/bsp/mcu/all/bsp_common.o
                                                  ./ra/fsp/src/bsp/cmsis/Device/RENESAS/Source/system.o
g_bsp_group_irq_sources                           ./ra/fsp/src/bsp/mcu/all/bsp_group_irq.o
NMI_Handler                                       ./ra/fsp/src/bsp/mcu/all/bsp_group_irq.o
                                                  ./ra/fsp/src/bsp/cmsis/Device/RENESAS/Source/startup.o
bsp_irq_cfg                                       ./ra/fsp/src/bsp/mcu/all/bsp_irq.o
                                                  ./ra/fsp/src/bsp/cmsis/Device/RENESAS/Source/system.o
__aeabi_memcpy4                                   C:\Renesas\RA\e2studio_v2026-04.2_fsp_v6.5.0\toolchains\llvm_arm\ATfE-21.1.1-Windows-x86_64\bin\..\lib\clang-runtimes/arm-none-eabi/armv8m.main_hard_fp_exn_rtti_unaligned_size\lib\libc.a(memcpy.c.o)
                                                  ./ra/fsp/src/bsp/mcu/all/bsp_ospi_b.o
                                                  ./ra/fsp/src/bsp/cmsis/Device/RENESAS/Source/system.o
g_protect_counters                                ./ra/fsp/src/bsp/mcu/all/bsp_register_protection.o
Reset_Handler                                     ./ra/fsp/src/bsp/cmsis/Device/RENESAS/Source/startup.o
SystemInit                                        ./ra/fsp/src/bsp/cmsis/Device/RENESAS/Source/system.o
                                                  ./ra/fsp/src/bsp/cmsis/Device/RENESAS/Source/startup.o
Default_Handler                                   ./ra/fsp/src/bsp/cmsis/Device/RENESAS/Source/startup.o
g_main_stack                                      ./ra/fsp/src/bsp/cmsis/Device/RENESAS/Source/startup.o
                                                  ./ra/fsp/src/bsp/cmsis/Device/RENESAS/Source/system.o
__Vectors                                         ./ra/fsp/src/bsp/cmsis/Device/RENESAS/Source/startup.o
                                                  ./ra/fsp/src/bsp/cmsis/Device/RENESAS/Source/system.o
HardFault_Handler                                 ./ra/fsp/src/bsp/cmsis/Device/RENESAS/Source/startup.o
MemManage_Handler                                 ./ra/fsp/src/bsp/cmsis/Device/RENESAS/Source/startup.o
BusFault_Handler                                  ./ra/fsp/src/bsp/cmsis/Device/RENESAS/Source/startup.o
UsageFault_Handler                                ./ra/fsp/src/bsp/cmsis/Device/RENESAS/Source/startup.o
SecureFault_Handler                               ./ra/fsp/src/bsp/cmsis/Device/RENESAS/Source/startup.o
DebugMon_Handler                                  ./ra/fsp/src/bsp/cmsis/Device/RENESAS/Source/startup.o
_init_tls                                         C:\Renesas\RA\e2studio_v2026-04.2_fsp_v6.5.0\toolchains\llvm_arm\ATfE-21.1.1-Windows-x86_64\bin\..\lib\clang-runtimes/arm-none-eabi/armv8m.main_hard_fp_exn_rtti_unaligned_size\lib\libc.a(libc_picolib_inittls.c.o)
                                                  ./ra/fsp/src/bsp/cmsis/Device/RENESAS/Source/system.o
__init_array_start                                fsp_gen.lld:751
                                                  ./ra/fsp/src/bsp/cmsis/Device/RENESAS/Source/system.o
__init_array_end                                  fsp_gen.lld:754
                                                  ./ra/fsp/src/bsp/cmsis/Device/RENESAS/Source/system.o
vPortFree                                         ./ra/aws/FreeRTOS/FreeRTOS/Source/portable/MemMang/heap_4.o
                                                  ./ra/aws/FreeRTOS/FreeRTOS/Source/event_groups.o
                                                  ./ra/aws/FreeRTOS/FreeRTOS/Source/queue.o
                                                  ./ra/aws/FreeRTOS/FreeRTOS/Source/stream_buffer.o
                                                  ./ra/aws/FreeRTOS/FreeRTOS/Source/tasks.o
                                                  ./ra/aws/FreeRTOS/FreeRTOS/Source/timers.o
vListInitialise                                   ./ra/aws/FreeRTOS/FreeRTOS/Source/list.o
                                                  ./ra/aws/FreeRTOS/FreeRTOS/Source/event_groups.o
                                                  ./ra/aws/FreeRTOS/FreeRTOS/Source/queue.o
                                                  ./ra/aws/FreeRTOS/FreeRTOS/Source/tasks.o
                                                  ./ra/aws/FreeRTOS/FreeRTOS/Source/timers.o
vListInitialiseItem                               ./ra/aws/FreeRTOS/FreeRTOS/Source/list.o
                                                  ./ra/aws/FreeRTOS/FreeRTOS/Source/tasks.o
                                                  ./ra/aws/FreeRTOS/FreeRTOS/Source/timers.o
vListInsertEnd                                    ./ra/aws/FreeRTOS/FreeRTOS/Source/list.o
                                                  ./ra/aws/FreeRTOS/FreeRTOS/Source/tasks.o
vListInsert                                       ./ra/aws/FreeRTOS/FreeRTOS/Source/list.o
                                                  ./ra/aws/FreeRTOS/FreeRTOS/Source/tasks.o
                                                  ./ra/aws/FreeRTOS/FreeRTOS/Source/timers.o
uxListRemove                                      ./ra/aws/FreeRTOS/FreeRTOS/Source/list.o
                                                  ./ra/aws/FreeRTOS/FreeRTOS/Source/tasks.o
                                                  ./ra/aws/FreeRTOS/FreeRTOS/Source/timers.o
xQueueGenericReset                                ./ra/aws/FreeRTOS/FreeRTOS/Source/queue.o
xTaskRemoveFromEventList                          ./ra/aws/FreeRTOS/FreeRTOS/Source/tasks.o
                                                  ./ra/aws/FreeRTOS/FreeRTOS/Source/queue.o
vTaskInternalSetTimeOutState                      ./ra/aws/FreeRTOS/FreeRTOS/Source/tasks.o
                                                  ./ra/aws/FreeRTOS/FreeRTOS/Source/queue.o
xTaskCheckForTimeOut                              ./ra/aws/FreeRTOS/FreeRTOS/Source/tasks.o
                                                  ./ra/aws/FreeRTOS/FreeRTOS/Source/queue.o
                                                  ./ra/aws/FreeRTOS/FreeRTOS/Source/stream_buffer.o
vTaskPlaceOnEventList                             ./ra/aws/FreeRTOS/FreeRTOS/Source/tasks.o
                                                  ./ra/aws/FreeRTOS/FreeRTOS/Source/queue.o
vTaskMissedYield                                  ./ra/aws/FreeRTOS/FreeRTOS/Source/tasks.o
                                                  ./ra/aws/FreeRTOS/FreeRTOS/Source/queue.o
uxTaskGetNumberOfTasks                            ./ra/aws/FreeRTOS/FreeRTOS/Source/tasks.o
                                                  ./ra/aws/FreeRTOS/FreeRTOS/Source/queue.o
xQueueRegistry                                    ./ra/aws/FreeRTOS/FreeRTOS/Source/queue.o
vQueueAddToRegistry                               ./ra/aws/FreeRTOS/FreeRTOS/Source/queue.o
                                                  ./ra/aws/FreeRTOS/FreeRTOS/Source/timers.o
vQueueWaitForMessageRestricted                    ./ra/aws/FreeRTOS/FreeRTOS/Source/queue.o
                                                  ./ra/aws/FreeRTOS/FreeRTOS/Source/timers.o
vTaskPlaceOnEventListRestricted                   ./ra/aws/FreeRTOS/FreeRTOS/Source/tasks.o
                                                  ./ra/aws/FreeRTOS/FreeRTOS/Source/queue.o
xTimerCreateTimerTask                             ./ra/aws/FreeRTOS/FreeRTOS/Source/timers.o
                                                  ./ra/aws/FreeRTOS/FreeRTOS/Source/tasks.o
bzero                                             C:\Renesas\RA\e2studio_v2026-04.2_fsp_v6.5.0\toolchains\llvm_arm\ATfE-21.1.1-Windows-x86_64\bin\..\lib\clang-runtimes/arm-none-eabi/armv8m.main_hard_fp_exn_rtti_unaligned_size\lib\libc.a(bzero.c.o)
__aeabi_memcpy8                                   C:\Renesas\RA\e2studio_v2026-04.2_fsp_v6.5.0\toolchains\llvm_arm\ATfE-21.1.1-Windows-x86_64\bin\..\lib\clang-runtimes/arm-none-eabi/armv8m.main_hard_fp_exn_rtti_unaligned_size\lib\libc.a(memcpy.c.o)
__tdata_source                                    fsp_gen.lld:1293
                                                  C:\Renesas\RA\e2studio_v2026-04.2_fsp_v6.5.0\toolchains\llvm_arm\ATfE-21.1.1-Windows-x86_64\bin\..\lib\clang-runtimes/arm-none-eabi/armv8m.main_hard_fp_exn_rtti_unaligned_size\lib\libc.a(libc_picolib_inittls.c.o)
__tdata_size                                      fsp_gen.lld:1294
                                                  C:\Renesas\RA\e2studio_v2026-04.2_fsp_v6.5.0\toolchains\llvm_arm\ATfE-21.1.1-Windows-x86_64\bin\..\lib\clang-runtimes/arm-none-eabi/armv8m.main_hard_fp_exn_rtti_unaligned_size\lib\libc.a(libc_picolib_inittls.c.o)
__tbss_offset                                     fsp_gen.lld:1295
                                                  C:\Renesas\RA\e2studio_v2026-04.2_fsp_v6.5.0\toolchains\llvm_arm\ATfE-21.1.1-Windows-x86_64\bin\..\lib\clang-runtimes/arm-none-eabi/armv8m.main_hard_fp_exn_rtti_unaligned_size\lib\libc.a(libc_picolib_inittls.c.o)
__tbss_size                                       fsp_gen.lld:1296
                                                  C:\Renesas\RA\e2studio_v2026-04.2_fsp_v6.5.0\toolchains\llvm_arm\ATfE-21.1.1-Windows-x86_64\bin\..\lib\clang-runtimes/arm-none-eabi/armv8m.main_hard_fp_exn_rtti_unaligned_size\lib\libc.a(libc_picolib_inittls.c.o)
__arm32_tls_tcb_offset                            fsp_gen.lld:1297
                                                  C:\Renesas\RA\e2studio_v2026-04.2_fsp_v6.5.0\toolchains\llvm_arm\ATfE-21.1.1-Windows-x86_64\bin\..\lib\clang-runtimes/arm-none-eabi/armv8m.main_hard_fp_exn_rtti_unaligned_size\lib\libc.a(libc_picolib_machine_arm_set_tls.c.o)
__tls                                             C:\Renesas\RA\e2studio_v2026-04.2_fsp_v6.5.0\toolchains\llvm_arm\ATfE-21.1.1-Windows-x86_64\bin\..\lib\clang-runtimes/arm-none-eabi/armv8m.main_hard_fp_exn_rtti_unaligned_size\lib\libc.a(libc_picolib_machine_arm_tls.c.o)
                                                  C:\Renesas\RA\e2studio_v2026-04.2_fsp_v6.5.0\toolchains\llvm_arm\ATfE-21.1.1-Windows-x86_64\bin\..\lib\clang-runtimes/arm-none-eabi/armv8m.main_hard_fp_exn_rtti_unaligned_size\lib\libc.a(libc_picolib_machine_arm_set_tls.c.o)
                                                  C:\Renesas\RA\e2studio_v2026-04.2_fsp_v6.5.0\toolchains\llvm_arm\ATfE-21.1.1-Windows-x86_64\bin\..\lib\clang-runtimes/arm-none-eabi/armv8m.main_hard_fp_exn_rtti_unaligned_size\lib\libc.a(libc_picolib_machine_arm_read_tp.S.o)
vfprintf                                          C:\Renesas\RA\e2studio_v2026-04.2_fsp_v6.5.0\toolchains\llvm_arm\ATfE-21.1.1-Windows-x86_64\bin\..\lib\clang-runtimes/arm-none-eabi/armv8m.main_hard_fp_exn_rtti_unaligned_size\lib\libc.a(libc_tinystdio_vfprintf.c.o)
                                                  C:\Renesas\RA\e2studio_v2026-04.2_fsp_v6.5.0\toolchains\llvm_arm\ATfE-21.1.1-Windows-x86_64\bin\..\lib\clang-runtimes/arm-none-eabi/armv8m.main_hard_fp_exn_rtti_unaligned_size\lib\libc.a(libc_tinystdio_snprintf.c.o)
__file_str_put                                    C:\Renesas\RA\e2studio_v2026-04.2_fsp_v6.5.0\toolchains\llvm_arm\ATfE-21.1.1-Windows-x86_64\bin\..\lib\clang-runtimes/arm-none-eabi/armv8m.main_hard_fp_exn_rtti_unaligned_size\lib\libc.a(libc_tinystdio_filestrput.c.o)
                                                  C:\Renesas\RA\e2studio_v2026-04.2_fsp_v6.5.0\toolchains\llvm_arm\ATfE-21.1.1-Windows-x86_64\bin\..\lib\clang-runtimes/arm-none-eabi/armv8m.main_hard_fp_exn_rtti_unaligned_size\lib\libc.a(libc_tinystdio_snprintf.c.o)
__dtox_engine                                     C:\Renesas\RA\e2studio_v2026-04.2_fsp_v6.5.0\toolchains\llvm_arm\ATfE-21.1.1-Windows-x86_64\bin\..\lib\clang-runtimes/arm-none-eabi/armv8m.main_hard_fp_exn_rtti_unaligned_size\lib\libc.a(libc_tinystdio_dtox_engine.c.o)
                                                  C:\Renesas\RA\e2studio_v2026-04.2_fsp_v6.5.0\toolchains\llvm_arm\ATfE-21.1.1-Windows-x86_64\bin\..\lib\clang-runtimes/arm-none-eabi/armv8m.main_hard_fp_exn_rtti_unaligned_size\lib\libc.a(libc_tinystdio_vfprintf.c.o)
__dtoa_engine                                     C:\Renesas\RA\e2studio_v2026-04.2_fsp_v6.5.0\toolchains\llvm_arm\ATfE-21.1.1-Windows-x86_64\bin\..\lib\clang-runtimes/arm-none-eabi/armv8m.main_hard_fp_exn_rtti_unaligned_size\lib\libc.a(libc_tinystdio_dtoa_ryu.c.o)
                                                  C:\Renesas\RA\e2studio_v2026-04.2_fsp_v6.5.0\toolchains\llvm_arm\ATfE-21.1.1-Windows-x86_64\bin\..\lib\clang-runtimes/arm-none-eabi/armv8m.main_hard_fp_exn_rtti_unaligned_size\lib\libc.a(libc_tinystdio_vfprintf.c.o)
strnlen                                           C:\Renesas\RA\e2studio_v2026-04.2_fsp_v6.5.0\toolchains\llvm_arm\ATfE-21.1.1-Windows-x86_64\bin\..\lib\clang-runtimes/arm-none-eabi/armv8m.main_hard_fp_exn_rtti_unaligned_size\lib\libc.a(libc_string_strnlen.c.o)
                                                  C:\Renesas\RA\e2studio_v2026-04.2_fsp_v6.5.0\toolchains\llvm_arm\ATfE-21.1.1-Windows-x86_64\bin\..\lib\clang-runtimes/arm-none-eabi/armv8m.main_hard_fp_exn_rtti_unaligned_size\lib\libc.a(libc_tinystdio_vfprintf.c.o)
__d_vfprintf                                      C:\Renesas\RA\e2studio_v2026-04.2_fsp_v6.5.0\toolchains\llvm_arm\ATfE-21.1.1-Windows-x86_64\bin\..\lib\clang-runtimes/arm-none-eabi/armv8m.main_hard_fp_exn_rtti_unaligned_size\lib\libc.a(libc_tinystdio_vfprintf.c.o)
__log10Pow2                                       C:\Renesas\RA\e2studio_v2026-04.2_fsp_v6.5.0\toolchains\llvm_arm\ATfE-21.1.1-Windows-x86_64\bin\..\lib\clang-runtimes/arm-none-eabi/armv8m.main_hard_fp_exn_rtti_unaligned_size\lib\libc.a(libc_tinystdio_ryu_log10.c.o)
                                                  C:\Renesas\RA\e2studio_v2026-04.2_fsp_v6.5.0\toolchains\llvm_arm\ATfE-21.1.1-Windows-x86_64\bin\..\lib\clang-runtimes/arm-none-eabi/armv8m.main_hard_fp_exn_rtti_unaligned_size\lib\libc.a(libc_tinystdio_dtoa_ryu.c.o)
__pow5bits                                        C:\Renesas\RA\e2studio_v2026-04.2_fsp_v6.5.0\toolchains\llvm_arm\ATfE-21.1.1-Windows-x86_64\bin\..\lib\clang-runtimes/arm-none-eabi/armv8m.main_hard_fp_exn_rtti_unaligned_size\lib\libc.a(libc_tinystdio_ryu_pow5bits.c.o)
                                                  C:\Renesas\RA\e2studio_v2026-04.2_fsp_v6.5.0\toolchains\llvm_arm\ATfE-21.1.1-Windows-x86_64\bin\..\lib\clang-runtimes/arm-none-eabi/armv8m.main_hard_fp_exn_rtti_unaligned_size\lib\libc.a(libc_tinystdio_dtoa_ryu.c.o)
                                                  C:\Renesas\RA\e2studio_v2026-04.2_fsp_v6.5.0\toolchains\llvm_arm\ATfE-21.1.1-Windows-x86_64\bin\..\lib\clang-runtimes/arm-none-eabi/armv8m.main_hard_fp_exn_rtti_unaligned_size\lib\libc.a(libc_tinystdio_ryu_table.c.o)
__double_computeInvPow5                           C:\Renesas\RA\e2studio_v2026-04.2_fsp_v6.5.0\toolchains\llvm_arm\ATfE-21.1.1-Windows-x86_64\bin\..\lib\clang-runtimes/arm-none-eabi/armv8m.main_hard_fp_exn_rtti_unaligned_size\lib\libc.a(libc_tinystdio_ryu_table.c.o)
                                                  C:\Renesas\RA\e2studio_v2026-04.2_fsp_v6.5.0\toolchains\llvm_arm\ATfE-21.1.1-Windows-x86_64\bin\..\lib\clang-runtimes/arm-none-eabi/armv8m.main_hard_fp_exn_rtti_unaligned_size\lib\libc.a(libc_tinystdio_dtoa_ryu.c.o)
__pow5Factor                                      C:\Renesas\RA\e2studio_v2026-04.2_fsp_v6.5.0\toolchains\llvm_arm\ATfE-21.1.1-Windows-x86_64\bin\..\lib\clang-runtimes/arm-none-eabi/armv8m.main_hard_fp_exn_rtti_unaligned_size\lib\libc.a(libc_tinystdio_ryu_table.c.o)
                                                  C:\Renesas\RA\e2studio_v2026-04.2_fsp_v6.5.0\toolchains\llvm_arm\ATfE-21.1.1-Windows-x86_64\bin\..\lib\clang-runtimes/arm-none-eabi/armv8m.main_hard_fp_exn_rtti_unaligned_size\lib\libc.a(libc_tinystdio_dtoa_ryu.c.o)
__log10Pow5                                       C:\Renesas\RA\e2studio_v2026-04.2_fsp_v6.5.0\toolchains\llvm_arm\ATfE-21.1.1-Windows-x86_64\bin\..\lib\clang-runtimes/arm-none-eabi/armv8m.main_hard_fp_exn_rtti_unaligned_size\lib\libc.a(libc_tinystdio_ryu_log10.c.o)
                                                  C:\Renesas\RA\e2studio_v2026-04.2_fsp_v6.5.0\toolchains\llvm_arm\ATfE-21.1.1-Windows-x86_64\bin\..\lib\clang-runtimes/arm-none-eabi/armv8m.main_hard_fp_exn_rtti_unaligned_size\lib\libc.a(libc_tinystdio_dtoa_ryu.c.o)
__double_computePow5                              C:\Renesas\RA\e2studio_v2026-04.2_fsp_v6.5.0\toolchains\llvm_arm\ATfE-21.1.1-Windows-x86_64\bin\..\lib\clang-runtimes/arm-none-eabi/armv8m.main_hard_fp_exn_rtti_unaligned_size\lib\libc.a(libc_tinystdio_ryu_table.c.o)
                                                  C:\Renesas\RA\e2studio_v2026-04.2_fsp_v6.5.0\toolchains\llvm_arm\ATfE-21.1.1-Windows-x86_64\bin\..\lib\clang-runtimes/arm-none-eabi/armv8m.main_hard_fp_exn_rtti_unaligned_size\lib\libc.a(libc_tinystdio_dtoa_ryu.c.o)
__umul128                                         C:\Renesas\RA\e2studio_v2026-04.2_fsp_v6.5.0\toolchains\llvm_arm\ATfE-21.1.1-Windows-x86_64\bin\..\lib\clang-runtimes/arm-none-eabi/armv8m.main_hard_fp_exn_rtti_unaligned_size\lib\libc.a(libc_tinystdio_ryu_umul128.c.o)
                                                  C:\Renesas\RA\e2studio_v2026-04.2_fsp_v6.5.0\toolchains\llvm_arm\ATfE-21.1.1-Windows-x86_64\bin\..\lib\clang-runtimes/arm-none-eabi/armv8m.main_hard_fp_exn_rtti_unaligned_size\lib\libc.a(libc_tinystdio_dtoa_ryu.c.o)
                                                  C:\Renesas\RA\e2studio_v2026-04.2_fsp_v6.5.0\toolchains\llvm_arm\ATfE-21.1.1-Windows-x86_64\bin\..\lib\clang-runtimes/arm-none-eabi/armv8m.main_hard_fp_exn_rtti_unaligned_size\lib\libc.a(libc_tinystdio_ryu_table.c.o)
__shiftright128                                   C:\Renesas\RA\e2studio_v2026-04.2_fsp_v6.5.0\toolchains\llvm_arm\ATfE-21.1.1-Windows-x86_64\bin\..\lib\clang-runtimes/arm-none-eabi/armv8m.main_hard_fp_exn_rtti_unaligned_size\lib\libc.a(libc_tinystdio_ryu_umul128.c.o)
                                                  C:\Renesas\RA\e2studio_v2026-04.2_fsp_v6.5.0\toolchains\llvm_arm\ATfE-21.1.1-Windows-x86_64\bin\..\lib\clang-runtimes/arm-none-eabi/armv8m.main_hard_fp_exn_rtti_unaligned_size\lib\libc.a(libc_tinystdio_dtoa_ryu.c.o)
                                                  C:\Renesas\RA\e2studio_v2026-04.2_fsp_v6.5.0\toolchains\llvm_arm\ATfE-21.1.1-Windows-x86_64\bin\..\lib\clang-runtimes/arm-none-eabi/armv8m.main_hard_fp_exn_rtti_unaligned_size\lib\libc.a(libc_tinystdio_ryu_table.c.o)
