     VMA      LMA     Size Align Out     In      Symbol
       0        0        0     1 RAM_START = 0x22180000
       0        0        0     1 RAM_LENGTH = 0x00054000
       0        0        0     1 FLASH_START = 0x020d8000
       0        0        0     1 FLASH_LENGTH = 0x00028000
       0        0        0     1 DATA_FLASH_START = 0x27000000
       0        0        0     1 DATA_FLASH_LENGTH = 0x00000000
       0        0        0     1 SDRAM_START = 0x6fe00000
       0        0        0     1 SDRAM_LENGTH = 0x001e0000
       0        0        0     1 OSPI0_CS0_START = 0x88000000
       0        0        0     1 OSPI0_CS0_LENGTH = 0x08000000
       0        0        0     1 OSPI0_CS1_START = 0x98000000
       0        0        0     1 OSPI0_CS1_LENGTH = 0x08000000
       0        0        0     1 OSPI1_CS0_START = 0x74000000
       0        0        0     1 OSPI1_CS0_LENGTH = 0x04000000
       0        0        0     1 OSPI1_CS1_START = 0x7c000000
       0        0        0     1 OSPI1_CS1_LENGTH = 0x04000000
       0        0        0     1 OPTION_SETTING_OFS0_START = 0x02c9f040
       0        0        0     1 OPTION_SETTING_OFS0_LENGTH = 0x00000000
       0        0        0     1 OPTION_SETTING_OFS2_START = 0x02c9f044
       0        0        0     1 OPTION_SETTING_OFS2_LENGTH = 0x00000000
       0        0        0     1 OPTION_SETTING_SAS_START = 0x02c9f074
       0        0        0     1 OPTION_SETTING_SAS_LENGTH = 0x00000000
       0        0        0     1 OPTION_SETTING_OFS1_START = 0x12c9f4c0
       0        0        0     1 OPTION_SETTING_OFS1_LENGTH = 0x00000000
       0        0        0     1 OPTION_SETTING_OFS1_SEC_START = 0x02c9f0c0
       0        0        0     1 OPTION_SETTING_OFS1_SEC_LENGTH = 0x00000000
       0        0        0     1 OPTION_SETTING_OFS1_SEL_START = 0x02c9f120
       0        0        0     1 OPTION_SETTING_OFS1_SEL_LENGTH = 0x00000000
       0        0        0     1 OPTION_SETTING_OFS3_START = 0x12c9f4c4
       0        0        0     1 OPTION_SETTING_OFS3_LENGTH = 0x00000000
       0        0        0     1 OPTION_SETTING_OFS3_SEC_START = 0x02c9f0c4
       0        0        0     1 OPTION_SETTING_OFS3_SEC_LENGTH = 0x00000000
       0        0        0     1 OPTION_SETTING_OFS3_SEL_START = 0x02c9f124
       0        0        0     1 OPTION_SETTING_OFS3_SEL_LENGTH = 0x00000000
       0        0        0     1 OPTION_SETTING_BPS_START = 0x12c9f600
       0        0        0     1 OPTION_SETTING_BPS_LENGTH = 0x00000000
       0        0        0     1 OPTION_SETTING_BPS_SEC_START = 0x02c9f200
       0        0        0     1 OPTION_SETTING_BPS_SEC_LENGTH = 0x00000000
       0        0        0     1 OPTION_SETTING_OTP_FSBLCTRL0_START = 0x02e07600
       0        0        0     1 OPTION_SETTING_OTP_FSBLCTRL0_LENGTH = 0x00000000
       0        0        0     1 OPTION_SETTING_OTP_FSBLCTRL1_START = 0x02e07604
       0        0        0     1 OPTION_SETTING_OTP_FSBLCTRL1_LENGTH = 0x00000000
       0        0        0     1 OPTION_SETTING_OTP_FSBLCTRL2_START = 0x02e07608
       0        0        0     1 OPTION_SETTING_OTP_FSBLCTRL2_LENGTH = 0x00000000
       0        0        0     1 OPTION_SETTING_OTP_SAMR_START = 0x02e07614
       0        0        0     1 OPTION_SETTING_OTP_SAMR_LENGTH = 0x00000000
       0        0        0     1 OPTION_SETTING_OTP_SACC00_START = 0x02e07620
       0        0        0     1 OPTION_SETTING_OTP_SACC00_LENGTH = 0x00000000
       0        0        0     1 OPTION_SETTING_OTP_SACC10_START = 0x02e07630
       0        0        0     1 OPTION_SETTING_OTP_SACC10_LENGTH = 0x00000000
       0        0        0     1 OPTION_SETTING_OTP_SACC01_START = 0x02e07640
       0        0        0     1 OPTION_SETTING_OTP_SACC01_LENGTH = 0x00000000
       0        0        0     1 OPTION_SETTING_OTP_SACC11_START = 0x02e07650
       0        0        0     1 OPTION_SETTING_OTP_SACC11_LENGTH = 0x00000000
       0        0        0     1 OPTION_SETTING_OTP_SACC02_START = 0x02e07660
       0        0        0     1 OPTION_SETTING_OTP_SACC02_LENGTH = 0x00000000
       0        0        0     1 OPTION_SETTING_OTP_SACC12_START = 0x02e07670
       0        0        0     1 OPTION_SETTING_OTP_SACC12_LENGTH = 0x00000000
       0        0        0     1 OPTION_SETTING_OTP_SACC03_START = 0x02e07680
       0        0        0     1 OPTION_SETTING_OTP_SACC03_LENGTH = 0x00000000
       0        0        0     1 OPTION_SETTING_OTP_SACC13_START = 0x02e07690
       0        0        0     1 OPTION_SETTING_OTP_SACC13_LENGTH = 0x00000000
       0        0        0     1 OPTION_SETTING_OTP_PBPS_SEC_START = 0x02e17700
       0        0        0     1 OPTION_SETTING_OTP_PBPS_SEC_LENGTH = 0x00000000
       0        0        0     1 OPTION_SETTING_OTP_PBPS_START = 0x12e17780
       0        0        0     1 OPTION_SETTING_OTP_PBPS_LENGTH = 0x00000000
       0        0        0     1 OPTION_SETTING_OTP_ZHUK_START = 0x02e17920
       0        0        0     1 OPTION_SETTING_OTP_ZHUK_LENGTH = 0x00000000
       0        0        0     1 CTCM_START = 0x00000000
       0        0        0     1 CTCM_LENGTH = 0x00010000
       0        0        0     1 STCM_START = 0x20000000
       0        0        0     1 STCM_LENGTH = 0x00010000
       0        0        0     1 SHAREMEM_START = 0x6FFE0000
       0        0        0     1 SHAREMEM_LENGTH = 0x20000
98000000 98000000        0     1 .ospi0_cs1.startof
98000000 98000000        0     1         __ddsc_OSPI0_CS1_START = .
6fe00000 6fe00000        0     1 .sdram.startof
6fe00000 6fe00000        0     1         __ddsc_SDRAM_START = .
6fe00000 6fe00000        0     1 __sdram_from_ospi0_cs1$$
6fe00000 6fe00000        0     1         __sdram_from_ospi0_cs1$$Base = .
6fe00000 6fe00000        0     1         __sdram_from_ospi0_cs1$$Load = LOADADDR(__sdram_from_ospi0_cs1$$)
6fe00000 6fe00000        0     1         __sdram_from_ospi0_cs1$$Limit = .
88000000 88000000        0     1 .ospi0_cs0.startof
88000000 88000000        0     1         __ddsc_OSPI0_CS0_START = .
88000000 88000000        0     1 __ospi0_cs0_from_ospi0_cs1$$
88000000 88000000        0     1         __ospi0_cs0_from_ospi0_cs1$$Base = .
88000000 88000000        0     1         __ospi0_cs0_from_ospi0_cs1$$Load = LOADADDR(__ospi0_cs0_from_ospi0_cs1$$)
88000000 88000000        0     1         __ospi0_cs0_from_ospi0_cs1$$Limit = .
74000000 74000000        0     1 .ospi1_cs0.startof
74000000 74000000        0     1         __ddsc_OSPI1_CS0_START = .
74000000 74000000        0     1 __ospi1_cs0_from_ospi0_cs1$$
74000000 74000000        0     1         __ospi1_cs0_from_ospi0_cs1$$Base = .
74000000 74000000        0     1         __ospi1_cs0_from_ospi0_cs1$$Load = LOADADDR(__ospi1_cs0_from_ospi0_cs1$$)
74000000 74000000        0     1         __ospi1_cs0_from_ospi0_cs1$$Limit = .
       0        0        0     1 .ctcm.startof
       0        0        0     1         __ddsc_CTCM_START = .
       0        0        0     1 __ctcm_from_ospi0_cs1$$
       0        0        0     1         __ctcm_from_ospi0_cs1$$Base = .
       0        0        0     1         __ctcm_from_ospi0_cs1$$Load = LOADADDR(__ctcm_from_ospi0_cs1$$)
       0        0        0     1         __ctcm_from_ospi0_cs1$$Limit = .
20000000 20000000        0     1 .stcm.startof
20000000 20000000        0     1         __ddsc_STCM_START = .
20000000 20000000        0     1 __stcm_from_ospi0_cs1$$
20000000 20000000        0     1         __stcm_from_ospi0_cs1$$Base = .
20000000 20000000        0     1         __stcm_from_ospi0_cs1$$Load = LOADADDR(__stcm_from_ospi0_cs1$$)
20000000 20000000        0     1         __stcm_from_ospi0_cs1$$Limit = .
22180000 22180000        0     1 .ram.startof
22180000 22180000        0     1         __ddsc_RAM_START = .
22180000 22180000        0     1 __ram_dtc_vector$$
22180000 22180000        0     1         __ram_dtc_vector$$Base = .
22180000 22180000        0     1         __ram_dtc_vector$$Limit = .
22180000 22180000        0     1 __ram_from_ospi0_cs1$$
22180000 22180000        0     1         __ram_from_ospi0_cs1$$Base = .
22180000 22180000        0     1         __ram_from_ospi0_cs1$$Load = LOADADDR(__ram_from_ospi0_cs1$$)
22180000 22180000        0     1         __ram_from_ospi0_cs1$$Limit = .
98000000 98000000        0     1 __ospi0_cs1_readonly$$
98000000 98000000        0     1         __ospi0_cs1_readonly$$Base = .
98000000 98000000        0     1         __ospi0_cs1_readonly$$Limit = .
98000000 98000000        0     1 __ospi0_cs1_noinit$$
98000000 98000000        0     1         __ospi0_cs1_noinit$$Base = .
98000000 98000000        0     1         __ospi0_cs1_noinit$$Limit = .
98000000 98000000        0     1 .ospi0_cs1.endof
98000000 98000000        0     1         __ddsc_OSPI0_CS1_END = .
7c000000 7c000000        0     1 .ospi1_cs1.startof
7c000000 7c000000        0     1         __ddsc_OSPI1_CS1_START = .
6fe00000 6fe00000        0     1 __sdram_from_ospi1_cs1$$
6fe00000 6fe00000        0     1         __sdram_from_ospi1_cs1$$Base = .
6fe00000 6fe00000        0     1         __sdram_from_ospi1_cs1$$Load = LOADADDR(__sdram_from_ospi1_cs1$$)
6fe00000 6fe00000        0     1         __sdram_from_ospi1_cs1$$Limit = .
88000000 88000000        0     1 __ospi0_cs0_from_ospi1_cs1$$
88000000 88000000        0     1         __ospi0_cs0_from_ospi1_cs1$$Base = .
88000000 88000000        0     1         __ospi0_cs0_from_ospi1_cs1$$Load = LOADADDR(__ospi0_cs0_from_ospi1_cs1$$)
88000000 88000000        0     1         __ospi0_cs0_from_ospi1_cs1$$Limit = .
74000000 74000000        0     1 __ospi1_cs0_from_ospi1_cs1$$
74000000 74000000        0     1         __ospi1_cs0_from_ospi1_cs1$$Base = .
74000000 74000000        0     1         __ospi1_cs0_from_ospi1_cs1$$Load = LOADADDR(__ospi1_cs0_from_ospi1_cs1$$)
74000000 74000000        0     1         __ospi1_cs0_from_ospi1_cs1$$Limit = .
       0        0        0     1 __ctcm_from_ospi1_cs1$$
       0        0        0     1         __ctcm_from_ospi1_cs1$$Base = .
       0        0        0     1         __ctcm_from_ospi1_cs1$$Load = LOADADDR(__ctcm_from_ospi1_cs1$$)
       0        0        0     1         __ctcm_from_ospi1_cs1$$Limit = .
20000000 20000000        0     1 __stcm_from_ospi1_cs1$$
20000000 20000000        0     1         __stcm_from_ospi1_cs1$$Base = .
20000000 20000000        0     1         __stcm_from_ospi1_cs1$$Load = LOADADDR(__stcm_from_ospi1_cs1$$)
20000000 20000000        0     1         __stcm_from_ospi1_cs1$$Limit = .
22180000 22180000        0     1 __ram_from_ospi1_cs1$$
22180000 22180000        0     1         __ram_from_ospi1_cs1$$Base = .
22180000 22180000        0     1         __ram_from_ospi1_cs1$$Load = LOADADDR(__ram_from_ospi1_cs1$$)
22180000 22180000        0     1         __ram_from_ospi1_cs1$$Limit = .
7c000000 7c000000        0     1 __ospi1_cs1_readonly$$
7c000000 7c000000        0     1         __ospi1_cs1_readonly$$Base = .
7c000000 7c000000        0     1         __ospi1_cs1_readonly$$Limit = .
7c000000 7c000000        0     1 __ospi1_cs1_noinit$$
7c000000 7c000000        0     1         __ospi1_cs1_noinit$$Base = .
7c000000 7c000000        0     1         __ospi1_cs1_noinit$$Limit = .
7c000000 7c000000        0     1 .ospi1_cs1.endof
7c000000 7c000000        0     1         __ddsc_OSPI1_CS1_END = .
27000000 27000000        0     1 .data_flash.startof
27000000 27000000        0     1         __ddsc_DATA_FLASH_START = .
6fe00000 6fe00000        0     1 __sdram_from_data_flash$$
6fe00000 6fe00000        0     1         __sdram_from_data_flash$$Base = .
6fe00000 6fe00000        0     1         __sdram_from_data_flash$$Load = LOADADDR(__sdram_from_data_flash$$)
6fe00000 6fe00000        0     1         __sdram_from_data_flash$$Limit = .
88000000 88000000        0     1 __ospi0_cs0_from_data_flash$$
88000000 88000000        0     1         __ospi0_cs0_from_data_flash$$Base = .
88000000 88000000        0     1         __ospi0_cs0_from_data_flash$$Load = LOADADDR(__ospi0_cs0_from_data_flash$$)
88000000 88000000        0     1         __ospi0_cs0_from_data_flash$$Limit = .
74000000 74000000        0     1 __ospi1_cs0_from_data_flash$$
74000000 74000000        0     1         __ospi1_cs0_from_data_flash$$Base = .
74000000 74000000        0     1         __ospi1_cs0_from_data_flash$$Load = LOADADDR(__ospi1_cs0_from_data_flash$$)
74000000 74000000        0     1         __ospi1_cs0_from_data_flash$$Limit = .
       0        0        0     1 __ctcm_from_data_flash$$
       0        0        0     1         __ctcm_from_data_flash$$Base = .
       0        0        0     1         __ctcm_from_data_flash$$Load = LOADADDR(__ctcm_from_data_flash$$)
       0        0        0     1         __ctcm_from_data_flash$$Limit = .
20000000 20000000        0     1 __stcm_from_data_flash$$
20000000 20000000        0     1         __stcm_from_data_flash$$Base = .
20000000 20000000        0     1         __stcm_from_data_flash$$Load = LOADADDR(__stcm_from_data_flash$$)
20000000 20000000        0     1         __stcm_from_data_flash$$Limit = .
22180000 22180000        0     1 __ram_from_data_flash$$
22180000 22180000        0     1         __ram_from_data_flash$$Base = .
22180000 22180000        0     1         __ram_from_data_flash$$Load = LOADADDR(__ram_from_data_flash$$)
22180000 22180000        0     1         __ram_from_data_flash$$Limit = .
27000000 27000000        0     1 __data_flash_readonly$$
27000000 27000000        0     1         __data_flash_readonly$$Base = .
27000000 27000000        0     1         __data_flash_readonly$$Limit = .
27000000 27000000        0     1 __data_flash_noinit$$
27000000 27000000        0     1         __data_flash_noinit$$Base = .
27000000 27000000        0     1         __data_flash_noinit$$Limit = .
27000000 27000000        0     1 .data_flash.endof
27000000 27000000        0     1         __ddsc_DATA_FLASH_END = .
 20d8000  20d8000        0     1 .flash.startof
 20d8000  20d8000        0     1         __ddsc_FLASH_START = .
 20d8000  20d8000       78     4 __flash_vectors$$
 20d8000  20d8000        0     1         __flash_vectors$$Base = .
 20d8000  20d8000        0     1         _VECTORS = .
 20d8000  20d8000       40     4         ./ra/fsp/src/bsp/cmsis/Device/RENESAS/Source/startup.o:(.fixed_vectors)
 20d8000  20d8000       40     1                 __Vectors
 20d8040  20d8040       38     4         ./ra_gen/vector_data.o:(.application_vectors)
 20d8040  20d8040       38     1                 g_vector_table
 20d8078  20d8078        0     1         __flash_vectors$$Limit = .
 20d8078  20d8078        0     1 __flash_noinit$$
 20d8078  20d8078        0     1         __flash_noinit$$Base = .
 20d8078  20d8078        0     1         __flash_noinit$$Limit = .
6fe00000 6fe00000        0     1 __sdram_from_flash$$
6fe00000 6fe00000        0     1         __sdram_from_flash$$Base = .
6fe00000 6fe00000        0     1         __sdram_from_flash$$Load = LOADADDR(__sdram_from_flash$$)
6fe00000 6fe00000        0     1         __sdram_from_flash$$Limit = .
6fe00000 6fe00000        0     1 __sdram_noinit_nocache$$
6fe00000 6fe00000        0     1         __sdram_noinit_nocache$$Base = .
6fe00000 6fe00000        0     1         __sdram_noinit_nocache$$Limit = .
6fe00000 6fe00000        0     1 __sdram_zero_nocache$$
6fe00000 6fe00000        0     1         __sdram_zero_nocache$$Base = .
6fe00000 6fe00000        0     1         . = ALIGN(32)
6fe00000 6fe00000        0     1         __sdram_zero_nocache$$Limit = .
6fe00000 6fe00000        0     1 __sdram_noinit$$
6fe00000 6fe00000        0     1         __sdram_noinit$$Base = .
6fe00000 6fe00000        0     1         __sdram_noinit$$Limit = .
6fe00000 6fe00000        0     1 __sdram_zero$$
6fe00000 6fe00000        0     1         __sdram_zero$$Base = .
6fe00000 6fe00000        0     1         __sdram_zero$$Limit = .
6fe00000 6fe00000        0     1 .sdram.endof
6fe00000 6fe00000        0     1         __ddsc_SDRAM_END = .
88000000 88000000        0     1 __ospi0_cs0_from_flash$$
88000000 88000000        0     1         __ospi0_cs0_from_flash$$Base = .
88000000 88000000        0     1         __ospi0_cs0_from_flash$$Load = LOADADDR(__ospi0_cs0_from_flash$$)
88000000 88000000        0     1         __ospi0_cs0_from_flash$$Limit = .
88000000 88000000        0     1 __ospi0_cs0_noinit_nocache$$
88000000 88000000        0     1         __ospi0_cs0_noinit_nocache$$Base = .
88000000 88000000        0     1         __ospi0_cs0_noinit_nocache$$Limit = .
88000000 88000000        0     1 __ospi0_cs0_zero_nocache$$
88000000 88000000        0     1         __ospi0_cs0_zero_nocache$$Base = .
88000000 88000000        0     1         . = ALIGN(32)
88000000 88000000        0     1         __ospi0_cs0_zero_nocache$$Limit = .
88000000 88000000        0     1 __ospi0_cs0_noinit$$
88000000 88000000        0     1         __ospi0_cs0_noinit$$Base = .
88000000 88000000        0     1         __ospi0_cs0_noinit$$Limit = .
88000000 88000000        0     1 __ospi0_cs0_zero$$
88000000 88000000        0     1         __ospi0_cs0_zero$$Base = .
88000000 88000000        0     1         __ospi0_cs0_zero$$Limit = .
88000000 88000000        0     1 .ospi0_cs0.endof
88000000 88000000        0     1         __ddsc_OSPI0_CS0_END = .
74000000 74000000        0     1 __ospi1_cs0_from_flash$$
74000000 74000000        0     1         __ospi1_cs0_from_flash$$Base = .
74000000 74000000        0     1         __ospi1_cs0_from_flash$$Load = LOADADDR(__ospi1_cs0_from_flash$$)
74000000 74000000        0     1         __ospi1_cs0_from_flash$$Limit = .
74000000 74000000        0     1 __ospi1_cs0_noinit_nocache$$
74000000 74000000        0     1         __ospi1_cs0_noinit_nocache$$Base = .
74000000 74000000        0     1         __ospi1_cs0_noinit_nocache$$Limit = .
74000000 74000000        0     1 __ospi1_cs0_zero_nocache$$
74000000 74000000        0     1         __ospi1_cs0_zero_nocache$$Base = .
74000000 74000000        0     1         . = ALIGN(32)
74000000 74000000        0     1         __ospi1_cs0_zero_nocache$$Limit = .
74000000 74000000        0     1 __ospi1_cs0_noinit$$
74000000 74000000        0     1         __ospi1_cs0_noinit$$Base = .
74000000 74000000        0     1         __ospi1_cs0_noinit$$Limit = .
74000000 74000000        0     1 __ospi1_cs0_zero$$
74000000 74000000        0     1         __ospi1_cs0_zero$$Base = .
74000000 74000000        0     1         __ospi1_cs0_zero$$Limit = .
74000000 74000000        0     1 .ospi1_cs0.endof
74000000 74000000        0     1         __ddsc_OSPI1_CS0_END = .
       0        0        0     1 __ctcm_from_flash$$
       0        0        0     1         __ctcm_from_flash$$Base = .
       0        0        0     1         __ctcm_from_flash$$Load = LOADADDR(__ctcm_from_flash$$)
       0        0        0     1         __ctcm_from_flash$$Limit = .
       0        0        0     1 __ctcm_noinit$$
       0        0        0     1         __ctcm_noinit$$Base = .
       0        0        0     1         __ctcm_noinit$$Limit = .
       0        0        0     1 __ctcm_zero$$
       0        0        0     1         __ctcm_zero$$Base = .
       0        0        0     1         __ctcm_zero$$Limit = .
       0        0        0     1 .ctcm.endof
       0        0        0     1         __ddsc_CTCM_END = .
20000000 20000000        0     1 __stcm_from_flash$$
20000000 20000000        0     1         __stcm_from_flash$$Base = .
20000000 20000000        0     1         __stcm_from_flash$$Load = LOADADDR(__stcm_from_flash$$)
20000000 20000000        0     1         __stcm_from_flash$$Limit = .
20000000 20000000        0     1 __stcm_noinit$$
20000000 20000000        0     1         __stcm_noinit$$Base = .
20000000 20000000        0     1         __stcm_noinit$$Limit = .
20000000 20000000        0     1 __stcm_zero$$
20000000 20000000        0     1         __stcm_zero$$Base = .
20000000 20000000        0     1         __stcm_zero$$Limit = .
20000000 20000000        0     1 .stcm.endof
20000000 20000000        0     1         __ddsc_STCM_END = .
22180000 22180000        0     1 __ram_from_flash$$
22180000 22180000        0     1         __ram_from_flash$$Base = .
22180000 22180000        0     1         __ram_from_flash$$Load = LOADADDR(__ram_from_flash$$)
22180000 22180000        0     1         __ram_from_flash$$Limit = .
22180000 22180000        0     1 __ram_noinit_nocache$$
22180000 22180000        0     1         __ram_noinit_nocache$$Base = .
22180000 22180000        0     1         __ram_noinit_nocache$$Limit = .
22180000 22180000        0     1 __ram_zero_nocache$$
22180000 22180000        0     1         __ram_zero_nocache$$Base = .
22180000 22180000        0     1         . = ALIGN(32)
22180000 22180000        0     1         __ram_zero_nocache$$Limit = .
22180000 22180000      42c     8 __ram_noinit$$
22180000 22180000        0     1         __ram_noinit$$Base = .
22180000 22180000      400     8         ./ra/fsp/src/bsp/cmsis/Device/RENESAS/Source/startup.o:(.bss.g_main_stack)
22180000 22180000      400     1                 g_main_stack
22180400 22180400       2c     4         ./ra/fsp/src/bsp/mcu/all/bsp_clocks.o:(.ram_noinit)
22180400 22180400       2c     1                 g_clock_freq
2218042c 2218042c        0     1         __ram_noinit$$Limit = .
2218042c 2218042c      f18     4 __ram_zero$$
2218042c 2218042c        0     1         __ram_zero$$Base = .
2218042c 2218042c       64     4         ./ra_gen/command_rx_thread.o:(.bss.command_rx_thread_memory)
2218042c 2218042c       64     1                 command_rx_thread_memory
22180490 22180490        4     4         ./ra_gen/command_rx_thread.o:(.bss.command_rx_thread)
22180490 22180490        4     1                 command_rx_thread
22180494 22180494        8     4         ./ra_gen/common_data.o:(.bss.g_ioport_ctrl)
22180494 22180494        8     1                 g_ioport_ctrl
2218049c 2218049c       64     4         ./ra_gen/ipc_thread.o:(.bss.ipc_thread_memory)
2218049c 2218049c       64     1                 ipc_thread_memory
22180500 22180500        4     4         ./ra_gen/ipc_thread.o:(.bss.ipc_thread)
22180500 22180500        4     1                 ipc_thread
22180504 22180504        4     4         ./ra_gen/main.o:(.bss.g_fsp_common_initialized_semaphore)
22180504 22180504        4     1                 g_fsp_common_initialized_semaphore
22180508 22180508        1     1         ./ra_gen/main.o:(.bss.g_fsp_common_initialized)
22180508 22180508        1     1                 g_fsp_common_initialized
2218050c 2218050c        4     4         ./ra_gen/main.o:(.bss.g_fsp_common_thread_count)
2218050c 2218050c        4     1                 g_fsp_common_thread_count
22180510 22180510       48     4         ./ra_gen/main.o:(.bss.g_fsp_common_initialized_semaphore_memory)
22180510 22180510       48     1                 g_fsp_common_initialized_semaphore_memory
22180558 22180558       64     4         ./ra_gen/main.o:(.bss.vApplicationGetIdleTaskMemory.xIdleTaskTCB)
22180558 22180558       64     1                 vApplicationGetIdleTaskMemory.xIdleTaskTCB
221805bc 221805bc      200     4         ./ra_gen/main.o:(.bss.vApplicationGetIdleTaskMemory.uxIdleTaskStack)
221805bc 221805bc      200     1                 vApplicationGetIdleTaskMemory.uxIdleTaskStack
221807bc 221807bc       64     4         ./ra_gen/main.o:(.bss.vApplicationGetTimerTaskMemory.xTimerTaskTCB)
221807bc 221807bc       64     1                 vApplicationGetTimerTaskMemory.xTimerTaskTCB
22180820 22180820      200     4         ./ra_gen/main.o:(.bss.vApplicationGetTimerTaskMemory.uxTimerTaskStack)
22180820 22180820      200     1                 vApplicationGetTimerTaskMemory.uxTimerTaskStack
22180a20 22180a20       64     4         ./ra_gen/vehicle_thread.o:(.bss.vehicle_thread_memory)
22180a20 22180a20       64     1                 vehicle_thread_memory
22180a84 22180a84        4     4         ./ra_gen/vehicle_thread.o:(.bss.vehicle_thread)
22180a84 22180a84        4     1                 vehicle_thread
22180a88 22180a88       64     4         ./ra_gen/video_tx_thread.o:(.bss.video_tx_thread_memory)
22180a88 22180a88       64     1                 video_tx_thread_memory
22180aec 22180aec        4     4         ./ra_gen/video_tx_thread.o:(.bss.video_tx_thread)
22180aec 22180aec        4     1                 video_tx_thread
22180af0 22180af0       64     4         ./ra_gen/wifi_upload_thread.o:(.bss.wifi_upload_thread_memory)
22180af0 22180af0       64     1                 wifi_upload_thread_memory
22180b54 22180b54        4     4         ./ra_gen/wifi_upload_thread.o:(.bss.wifi_upload_thread)
22180b54 22180b54        4     1                 wifi_upload_thread
22180b58 22180b58        4     4         ./ra/fsp/src/rm_freertos_port/port.o:(.bss.uxCriticalNesting)
22180b58 22180b58        4     1                 uxCriticalNesting
22180b5c 22180b5c        4     4         ./ra/fsp/src/rm_freertos_port/port.o:(.bss.g_mask_level_before_disable)
22180b5c 22180b5c        4     1                 g_mask_level_before_disable
22180b60 22180b60       54     4         ./ra/fsp/src/bsp/mcu/all/bsp_group_irq.o:(.bss.g_bsp_group_irq_sources)
22180b60 22180b60       54     1                 g_bsp_group_irq_sources
22180bb4 22180bb4        4     4         ./ra/fsp/src/bsp/mcu/all/bsp_io.o:(.bss.g_protect_pfswe_counter)
22180bb4 22180bb4        4     1                 g_protect_pfswe_counter
22180bb8 22180bb8       38     4         ./ra/fsp/src/bsp/mcu/all/bsp_irq.o:(.bss.gp_renesas_isr_context)
22180bb8 22180bb8       38     1                 gp_renesas_isr_context
22180bf0 22180bf0        a     2         ./ra/fsp/src/bsp/mcu/all/bsp_register_protection.o:(.bss.g_protect_counters)
22180bf0 22180bf0        a     1                 g_protect_counters
22180bfc 22180bfc        4     4         ./ra/fsp/src/bsp/cmsis/Device/RENESAS/Source/system.o:(.bss.SystemCoreClock)
22180bfc 22180bfc        4     1                 SystemCoreClock
22180c00 22180c00        4     4         ./ra/aws/FreeRTOS/FreeRTOS/Source/portable/MemMang/heap_4.o:(.bss.pxEnd)
22180c00 22180c00        4     1                 pxEnd
22180c04 22180c04        4     4         ./ra/aws/FreeRTOS/FreeRTOS/Source/portable/MemMang/heap_4.o:(.bss.xFreeBytesRemaining)
22180c04 22180c04        4     1                 xFreeBytesRemaining
22180c08 22180c08        8     4         ./ra/aws/FreeRTOS/FreeRTOS/Source/portable/MemMang/heap_4.o:(.bss.xStart)
22180c08 22180c08        8     1                 xStart
22180c10 22180c10      400     1         ./ra/aws/FreeRTOS/FreeRTOS/Source/portable/MemMang/heap_4.o:(.bss.ucHeap)
22180c10 22180c10      400     1                 ucHeap
22181010 22181010        4     4         ./ra/aws/FreeRTOS/FreeRTOS/Source/portable/MemMang/heap_4.o:(.bss.xNumberOfSuccessfulFrees)
22181010 22181010        4     1                 xNumberOfSuccessfulFrees
22181014 22181014       50     4         ./ra/aws/FreeRTOS/FreeRTOS/Source/queue.o:(.bss.xQueueRegistry)
22181014 22181014       50     1                 xQueueRegistry
22181064 22181064        4     4         ./ra/aws/FreeRTOS/FreeRTOS/Source/tasks.o:(.bss.pxCurrentTCB)
22181064 22181064        4     1                 pxCurrentTCB
22181068 22181068        4     4         ./ra/aws/FreeRTOS/FreeRTOS/Source/tasks.o:(.bss.uxTaskNumber)
22181068 22181068        4     1                 uxTaskNumber
2218106c 2218106c        4     4         ./ra/aws/FreeRTOS/FreeRTOS/Source/tasks.o:(.bss.xSchedulerRunning)
2218106c 2218106c        4     1                 xSchedulerRunning
22181070 22181070       14     4         ./ra/aws/FreeRTOS/FreeRTOS/Source/tasks.o:(.bss.xTasksWaitingTermination)
22181070 22181070       14     1                 xTasksWaitingTermination
22181084 22181084        4     4         ./ra/aws/FreeRTOS/FreeRTOS/Source/tasks.o:(.bss.uxDeletedTasksWaitingCleanUp)
22181084 22181084        4     1                 uxDeletedTasksWaitingCleanUp
22181088 22181088        4     4         ./ra/aws/FreeRTOS/FreeRTOS/Source/tasks.o:(.bss.uxCurrentNumberOfTasks)
22181088 22181088        4     1                 uxCurrentNumberOfTasks
2218108c 2218108c        4     4         ./ra/aws/FreeRTOS/FreeRTOS/Source/tasks.o:(.bss.uxSchedulerSuspended)
2218108c 2218108c        4     1                 uxSchedulerSuspended
22181090 22181090        4     4         ./ra/aws/FreeRTOS/FreeRTOS/Source/tasks.o:(.bss.xTickCount)
22181090 22181090        4     1                 xTickCount
22181094 22181094      140     4         ./ra/aws/FreeRTOS/FreeRTOS/Source/tasks.o:(.bss.pxReadyTasksLists)
22181094 22181094      140     1                 pxReadyTasksLists
221811d4 221811d4        4     4         ./ra/aws/FreeRTOS/FreeRTOS/Source/tasks.o:(.bss.uxTopReadyPriority)
221811d4 221811d4        4     1                 uxTopReadyPriority
221811d8 221811d8       14     4         ./ra/aws/FreeRTOS/FreeRTOS/Source/tasks.o:(.bss.xSuspendedTaskList)
221811d8 221811d8       14     1                 xSuspendedTaskList
221811ec 221811ec        4     4         ./ra/aws/FreeRTOS/FreeRTOS/Source/tasks.o:(.bss.xYieldPendings)
221811ec 221811ec        4     1                 xYieldPendings
221811f0 221811f0       14     4         ./ra/aws/FreeRTOS/FreeRTOS/Source/tasks.o:(.bss.xPendingReadyList)
221811f0 221811f0       14     1                 xPendingReadyList
22181204 22181204        4     4         ./ra/aws/FreeRTOS/FreeRTOS/Source/tasks.o:(.bss.xNextTaskUnblockTime)
22181204 22181204        4     1                 xNextTaskUnblockTime
22181208 22181208        4     4         ./ra/aws/FreeRTOS/FreeRTOS/Source/tasks.o:(.bss.xIdleTaskHandles.0)
22181208 22181208        4     1                 xIdleTaskHandles.0
2218120c 2218120c        4     4         ./ra/aws/FreeRTOS/FreeRTOS/Source/tasks.o:(.bss.xPendedTicks)
2218120c 2218120c        4     1                 xPendedTicks
22181210 22181210        4     4         ./ra/aws/FreeRTOS/FreeRTOS/Source/tasks.o:(.bss.pxDelayedTaskList)
22181210 22181210        4     1                 pxDelayedTaskList
22181214 22181214        4     4         ./ra/aws/FreeRTOS/FreeRTOS/Source/tasks.o:(.bss.pxOverflowDelayedTaskList)
22181214 22181214        4     1                 pxOverflowDelayedTaskList
22181218 22181218        4     4         ./ra/aws/FreeRTOS/FreeRTOS/Source/tasks.o:(.bss.xNumOfOverflows)
22181218 22181218        4     1                 xNumOfOverflows
2218121c 2218121c       14     4         ./ra/aws/FreeRTOS/FreeRTOS/Source/tasks.o:(.bss.xDelayedTaskList1)
2218121c 2218121c       14     1                 xDelayedTaskList1
22181230 22181230       14     4         ./ra/aws/FreeRTOS/FreeRTOS/Source/tasks.o:(.bss.xDelayedTaskList2)
22181230 22181230       14     1                 xDelayedTaskList2
22181244 22181244        4     4         ./ra/aws/FreeRTOS/FreeRTOS/Source/timers.o:(.bss.xTimerQueue)
22181244 22181244        4     1                 xTimerQueue
22181248 22181248        4     4         ./ra/aws/FreeRTOS/FreeRTOS/Source/timers.o:(.bss.xTimerTaskHandle)
22181248 22181248        4     1                 xTimerTaskHandle
2218124c 2218124c        4     4         ./ra/aws/FreeRTOS/FreeRTOS/Source/timers.o:(.bss.pxCurrentTimerList)
2218124c 2218124c        4     1                 pxCurrentTimerList
22181250 22181250        4     4         ./ra/aws/FreeRTOS/FreeRTOS/Source/timers.o:(.bss.pxOverflowTimerList)
22181250 22181250        4     1                 pxOverflowTimerList
22181254 22181254        4     4         ./ra/aws/FreeRTOS/FreeRTOS/Source/timers.o:(.bss.prvSampleTimeNow.xLastTime)
22181254 22181254        4     1                 prvSampleTimeNow.xLastTime
22181258 22181258       14     4         ./ra/aws/FreeRTOS/FreeRTOS/Source/timers.o:(.bss.xActiveTimerList1)
22181258 22181258       14     1                 xActiveTimerList1
2218126c 2218126c       14     4         ./ra/aws/FreeRTOS/FreeRTOS/Source/timers.o:(.bss.xActiveTimerList2)
2218126c 2218126c       14     1                 xActiveTimerList2
22181280 22181280       48     4         ./ra/aws/FreeRTOS/FreeRTOS/Source/timers.o:(.bss.prvCheckForValidListAndQueue.xStaticTimerQueue)
22181280 22181280       48     1                 prvCheckForValidListAndQueue.xStaticTimerQueue
221812c8 221812c8       78     1         ./ra/aws/FreeRTOS/FreeRTOS/Source/timers.o:(.bss.prvCheckForValidListAndQueue.ucStaticTimerQueueStorage)
221812c8 221812c8       78     1                 prvCheckForValidListAndQueue.ucStaticTimerQueueStorage
22181340 22181340        4     4         E:\Renesas\RAv6.4.0\RA\toolchains\llvm_arm\ATfE-21.1.1-Windows-x86_64\bin\..\lib\clang-runtimes/arm-none-eabi/armv8m.main_hard_fp_exn_rtti_unaligned_size\lib\libc.a(libc_picolib_machine_arm_tls.c.o):(.bss.__tls)
22181340 22181340        4     1                 __tls
22181344 22181344        0     1         __ram_zero$$Limit = .
22181344 22181344        0     1 __ram_tdata$$
22181344 22181344        0     1         __ram_tdata$$Base = .
22181344 22181344        0     1         __ram_tdata$$Load = LOADADDR(__ram_tdata$$)
22181344 22181344        0     1         __ram_tdata$$Limit = .
22181344 22181344        0     1 __ram_tbss$$
22181344 22181344        0     1         __ram_tbss$$Base = .
22181344 22181344        0     1         __ram_tbss$$Limit = .
22181348 22181348     1400     8 __ram_thread_stack$$
22181348 22181348        0     1         __ram_thread_stack$$Base = .
22181348 22181348      400     8         ./ra_gen/command_rx_thread.o:(.stack.command_rx_thread)
22181348 22181348      400     1                 command_rx_thread_stack
22181748 22181748      400     8         ./ra_gen/ipc_thread.o:(.stack.ipc_thread)
22181748 22181748      400     1                 ipc_thread_stack
22181b48 22181b48      400     8         ./ra_gen/vehicle_thread.o:(.stack.vehicle_thread)
22181b48 22181b48      400     1                 vehicle_thread_stack
22181f48 22181f48      400     8         ./ra_gen/video_tx_thread.o:(.stack.video_tx_thread)
22181f48 22181f48      400     1                 video_tx_thread_stack
22182348 22182348      400     8         ./ra_gen/wifi_upload_thread.o:(.stack.wifi_upload_thread)
22182348 22182348      400     1                 wifi_upload_thread_stack
22182748 22182748        0     1         __ram_thread_stack$$Limit = .
22182800 22182800        0     1 .ram.endof
22182800 22182800        0     1         __ddsc_RAM_END = .
22182800 22182800        0     1 .ram.flat_nsc
22182800 22182800        0     1         __ddsc_RAM_NSC = .
 20d8078  20d8078     4012     4 __flash_readonly$$
 20d8078  20d8078        0     1         __flash_readonly$$Base = .
 20d8078  20d8078        8     4         ./src/command_rx_thread_entry.o:(.text.command_rx_thread_entry)
 20d8078  20d8078        0     1                 $t
 20d8079  20d8079        8     1                 command_rx_thread_entry
 20d8080  20d8080       1a     2         ./src/hal_warmstart.o:(.text.R_BSP_WarmStart)
 20d8080  20d8080        0     1                 $t
 20d8081  20d8081       1a     1                 R_BSP_WarmStart
 20d809c  20d809c        8     4         ./src/ipc_thread_entry.o:(.text.ipc_thread_entry)
 20d809c  20d809c        0     1                 $t
 20d809d  20d809d        8     1                 ipc_thread_entry
 20d80a4  20d80a4        8     4         ./src/vehicle_thread_entry.o:(.text.vehicle_thread_entry)
 20d80a4  20d80a4        0     1                 $t
 20d80a5  20d80a5        8     1                 vehicle_thread_entry
 20d80ac  20d80ac        8     4         ./src/video_tx_thread_entry.o:(.text.video_tx_thread_entry)
 20d80ac  20d80ac        0     1                 $t
 20d80ad  20d80ad        8     1                 video_tx_thread_entry
 20d80b4  20d80b4        8     4         ./src/wifi_upload_thread_entry.o:(.text.wifi_upload_thread_entry)
 20d80b4  20d80b4        0     1                 $t
 20d80b5  20d80b5        8     1                 wifi_upload_thread_entry
 20d80bc  20d80bc       6a     2         ./ra_gen/command_rx_thread.o:(.text.command_rx_thread_create)
 20d80bc  20d80bc        0     1                 $t
 20d80bd  20d80bd       6a     1                 command_rx_thread_create
 20d8126  20d8126       12     2         ./ra_gen/command_rx_thread.o:(.text.command_rx_thread_func)
 20d8126  20d8126        0     1                 $t
 20d8127  20d8127       12     1                 command_rx_thread_func
 20d8138  20d8138        2     2         ./ra_gen/common_data.o:(.text.g_common_init)
 20d8138  20d8138        0     1                 $t
 20d8139  20d8139        2     1                 g_common_init
 20d813a  20d813a        4     2         ./ra_gen/hal_data.o:(.text.g_hal_init)
 20d813a  20d813a        0     1                 $t
 20d813b  20d813b        4     1                 g_hal_init
 20d813e  20d813e       6a     2         ./ra_gen/ipc_thread.o:(.text.ipc_thread_create)
 20d813e  20d813e        0     1                 $t
 20d813f  20d813f       6a     1                 ipc_thread_create
 20d81a8  20d81a8       12     2         ./ra_gen/ipc_thread.o:(.text.ipc_thread_func)
 20d81a8  20d81a8        0     1                 $t
 20d81a9  20d81a9       12     1                 ipc_thread_func
 20d81ba  20d81ba        4     2         ./ra_gen/main.o:(.text.rtos_startup_err_callback_internal)
 20d81ba  20d81ba        0     1                 $t
 20d81bb  20d81bb        4     1                 rtos_startup_err_callback_internal
 20d81bb  20d81bb        4     1                 rtos_startup_err_callback
 20d81c0  20d81c0       62     4         ./ra_gen/main.o:(.text.rtos_startup_common_init)
 20d81c0  20d81c0        0     1                 $t
 20d81c1  20d81c1       62     1                 rtos_startup_common_init
 20d8222  20d8222       5a     2         ./ra_gen/main.o:(.text.main)
 20d8222  20d8222        0     1                 $t
 20d8223  20d8223       5a     1                 main
 20d827c  20d827c       1a     2         ./ra_gen/main.o:(.text.vApplicationGetIdleTaskMemory)
 20d827c  20d827c        0     1                 $t
 20d827d  20d827d       1a     1                 vApplicationGetIdleTaskMemory
 20d8296  20d8296       1a     2         ./ra_gen/main.o:(.text.vApplicationGetTimerTaskMemory)
 20d8296  20d8296        0     1                 $t
 20d8297  20d8297       1a     1                 vApplicationGetTimerTaskMemory
 20d82b0  20d82b0       6a     2         ./ra_gen/vehicle_thread.o:(.text.vehicle_thread_create)
 20d82b0  20d82b0        0     1                 $t
 20d82b1  20d82b1       6a     1                 vehicle_thread_create
 20d831a  20d831a       12     2         ./ra_gen/vehicle_thread.o:(.text.vehicle_thread_func)
 20d831a  20d831a        0     1                 $t
 20d831b  20d831b       12     1                 vehicle_thread_func
 20d832c  20d832c       6a     2         ./ra_gen/video_tx_thread.o:(.text.video_tx_thread_create)
 20d832c  20d832c        0     1                 $t
 20d832d  20d832d       6a     1                 video_tx_thread_create
 20d8396  20d8396       12     2         ./ra_gen/video_tx_thread.o:(.text.video_tx_thread_func)
 20d8396  20d8396        0     1                 $t
 20d8397  20d8397       12     1                 video_tx_thread_func
 20d83a8  20d83a8       6a     2         ./ra_gen/wifi_upload_thread.o:(.text.wifi_upload_thread_create)
 20d83a8  20d83a8        0     1                 $t
 20d83a9  20d83a9       6a     1                 wifi_upload_thread_create
 20d8412  20d8412       12     2         ./ra_gen/wifi_upload_thread.o:(.text.wifi_upload_thread_func)
 20d8412  20d8412        0     1                 $t
 20d8413  20d8413       12     1                 wifi_upload_thread_func
 20d8424  20d8424       18     4         ./ra/fsp/src/rm_freertos_port/port.o:(.text.SVC_Handler)
 20d8424  20d8424        0     1                 $t
 20d8425  20d8425       12     1                 SVC_Handler
 20d8438  20d8438        0     1                 $d
 20d843c  20d843c       44     4         ./ra/fsp/src/rm_freertos_port/port.o:(.text.PendSV_Handler)
 20d843c  20d843c        0     1                 $t
 20d843d  20d843d       40     1                 PendSV_Handler
 20d847c  20d847c        0     1                 $d
 20d8480  20d8480       24     4         ./ra/fsp/src/rm_freertos_port/port.o:(.text.rm_freertos_port_restore_task_stackless)
 20d8480  20d8480        0     1                 $t
 20d8481  20d8481       20     1                 rm_freertos_port_restore_task_stackless
 20d849a  20d849a        0     1                 _skip_restore_ns_context
 20d84a0  20d84a0        0     1                 $d
 20d84a4  20d84a4       26     2         ./ra/fsp/src/rm_freertos_port/port.o:(.text.SysTick_Handler)
 20d84a4  20d84a4        0     1                 $t
 20d84a5  20d84a5       26     1                 SysTick_Handler
 20d84ca  20d84ca       36     2         ./ra/fsp/src/rm_freertos_port/port.o:(.text.vPortSVCHandler_C)
 20d84ca  20d84ca        0     1                 $t
 20d84cb  20d84cb       36     1                 vPortSVCHandler_C
 20d8500  20d8500       28     2         ./ra/fsp/src/rm_freertos_port/port.o:(.text.pxPortInitialiseStack)
 20d8500  20d8500        0     1                 $t
 20d8501  20d8501       28     1                 pxPortInitialiseStack
 20d8528  20d8528        6     4         ./ra/fsp/src/rm_freertos_port/port.o:(.text.prvTaskExitError)
 20d8528  20d8528        0     1                 $t
 20d8529  20d8529        6     1                 prvTaskExitError
 20d8530  20d8530       3c     4         ./ra/fsp/src/rm_freertos_port/port.o:(.text.xPortStartScheduler)
 20d8530  20d8530        0     1                 $t
 20d8531  20d8531       3c     1                 xPortStartScheduler
 20d856c  20d856c       46     2         ./ra/fsp/src/rm_freertos_port/port.o:(.text.vPortSetupTimerInterrupt)
 20d856c  20d856c        0     1                 $t
 20d856d  20d856d       46     1                 vPortSetupTimerInterrupt
 20d85b2  20d85b2       56     2         ./ra/fsp/src/rm_freertos_port/port.o:(.text.vPortEnterCritical)
 20d85b2  20d85b2        0     1                 $t
 20d85b3  20d85b3       56     1                 vPortEnterCritical
 20d8608  20d8608       46     2         ./ra/fsp/src/rm_freertos_port/port.o:(.text.vPortExitCritical)
 20d8608  20d8608        0     1                 $t
 20d8609  20d8609       46     1                 vPortExitCritical
 20d864e  20d864e       6e     2         ./ra/fsp/src/rm_freertos_port/port.o:(.text.rm_freertos_port_sleep_preserving_lpm)
 20d864e  20d864e        0     1                 $t
 20d864f  20d864f       6e     1                 rm_freertos_port_sleep_preserving_lpm
 20d86bc  20d86bc       18     2         ./ra/fsp/src/rm_freertos_port/port.o:(.text.vApplicationIdleHook)
 20d86bc  20d86bc        0     1                 $t
 20d86bd  20d86bd       18     1                 vApplicationIdleHook
 20d86d4  20d86d4       9a     2         ./ra/fsp/src/r_spi_b/r_spi_b.o:(.text.spi_b_rxi_isr)
 20d86d4  20d86d4        0     1                 $t
 20d86d5  20d86d5       9a     1                 spi_b_rxi_isr
 20d876e  20d876e       a6     2         ./ra/fsp/src/r_spi_b/r_spi_b.o:(.text.spi_b_txi_isr)
 20d876e  20d876e        0     1                 $t
 20d876f  20d876f       a6     1                 spi_b_txi_isr
 20d8814  20d8814       6e     4         ./ra/fsp/src/r_spi_b/r_spi_b.o:(.text.r_spi_b_transmit)
 20d8814  20d8814        0     1                 $t
 20d8815  20d8815       6e     1                 r_spi_b_transmit
 20d8882  20d8882       da     2         ./ra/fsp/src/r_spi_b/r_spi_b.o:(.text.spi_b_tei_isr)
 20d8882  20d8882        0     1                 $t
 20d8883  20d8883       da     1                 spi_b_tei_isr
 20d895c  20d895c       3e     2         ./ra/fsp/src/r_spi_b/r_spi_b.o:(.text.r_spi_b_call_callback)
 20d895c  20d895c        0     1                 $t
 20d895d  20d895d       3e     1                 r_spi_b_call_callback
 20d899a  20d899a       e4     2         ./ra/fsp/src/r_spi_b/r_spi_b.o:(.text.spi_b_eri_isr)
 20d899a  20d899a        0     1                 $t
 20d899b  20d899b       e4     1                 spi_b_eri_isr
 20d8a7e  20d8a7e       94     2         ./ra/fsp/src/r_sci_b_uart/r_sci_b_uart.o:(.text.sci_b_uart_txi_isr)
 20d8a7e  20d8a7e        0     1                 $t
 20d8a7f  20d8a7f       94     1                 sci_b_uart_txi_isr
 20d8b12  20d8b12       4a     2         ./ra/fsp/src/r_sci_b_uart/r_sci_b_uart.o:(.text.r_sci_b_uart_call_callback)
 20d8b12  20d8b12        0     1                 $t
 20d8b13  20d8b13       4a     1                 r_sci_b_uart_call_callback
 20d8b5c  20d8b5c       88     2         ./ra/fsp/src/r_sci_b_uart/r_sci_b_uart.o:(.text.sci_b_uart_rxi_isr)
 20d8b5c  20d8b5c        0     1                 $t
 20d8b5d  20d8b5d       88     1                 sci_b_uart_rxi_isr
 20d8be4  20d8be4       52     2         ./ra/fsp/src/r_sci_b_uart/r_sci_b_uart.o:(.text.sci_b_uart_tei_isr)
 20d8be4  20d8be4        0     1                 $t
 20d8be5  20d8be5       52     1                 sci_b_uart_tei_isr
 20d8c36  20d8c36       82     2         ./ra/fsp/src/r_sci_b_uart/r_sci_b_uart.o:(.text.sci_b_uart_eri_isr)
 20d8c36  20d8c36        0     1                 $t
 20d8c37  20d8c37       82     1                 sci_b_uart_eri_isr
 20d8cb8  20d8cb8       54     2         ./ra/fsp/src/r_ipc/r_ipc.o:(.text.ipc_isr)
 20d8cb8  20d8cb8        0     1                 $t
 20d8cb9  20d8cb9       54     1                 ipc_isr
 20d8d0c  20d8d0c       4e     2         ./ra/fsp/src/r_ipc/r_ipc.o:(.text.r_ipc_call_callback)
 20d8d0c  20d8d0c        0     1                 $t
 20d8d0d  20d8d0d       4e     1                 r_ipc_call_callback
 20d8d5a  20d8d5a       16     2         ./ra/fsp/src/r_ioport/r_ioport.o:(.text.R_IOPORT_Open)
 20d8d5a  20d8d5a        0     1                 $t
 20d8d5b  20d8d5b       16     1                 R_IOPORT_Open
 20d8d70  20d8d70       be     4         ./ra/fsp/src/r_ioport/r_ioport.o:(.text.r_ioport_pins_config)
 20d8d70  20d8d70        0     1                 $t
 20d8d71  20d8d71       be     1                 r_ioport_pins_config
 20d8e30  20d8e30       ce     4         ./ra/fsp/src/r_ioport/r_ioport.o:(.text.bsp_vbatt_init)
 20d8e30  20d8e30        0     1                 $t
 20d8e31  20d8e31       ce     1                 bsp_vbatt_init
 20d8f00  20d8f00      184     4         ./ra/fsp/src/r_iic_master/r_iic_master.o:(.text.iic_master_open_hw_master)
 20d8f00  20d8f00        0     1                 $t
 20d8f01  20d8f01      184     1                 iic_master_open_hw_master
 20d9084  20d9084      1d2     2         ./ra/fsp/src/r_iic_master/r_iic_master.o:(.text.iic_master_rxi_isr)
 20d9084  20d9084        0     1                 $t
 20d9085  20d9085      1d2     1                 iic_master_rxi_isr
 20d9258  20d9258      15e     4         ./ra/fsp/src/r_iic_master/r_iic_master.o:(.text.iic_master_txi_isr)
 20d9258  20d9258        0     1                 $t
 20d9259  20d9259      15e     1                 iic_master_txi_isr
 20d93b8  20d93b8       e4     4         ./ra/fsp/src/r_iic_master/r_iic_master.o:(.text.iic_master_tei_isr)
 20d93b8  20d93b8        0     1                 $t
 20d93b9  20d93b9       e4     1                 iic_master_tei_isr
 20d949c  20d949c      13c     2         ./ra/fsp/src/r_iic_master/r_iic_master.o:(.text.iic_master_eri_isr)
 20d949c  20d949c        0     1                 $t
 20d949d  20d949d      13c     1                 iic_master_eri_isr
 20d95d8  20d95d8       62     2         ./ra/fsp/src/r_iic_master/r_iic_master.o:(.text.iic_master_notify)
 20d95d8  20d95d8        0     1                 $t
 20d95d9  20d95d9       62     1                 iic_master_notify
 20d963a  20d963a       86     2         ./ra/fsp/src/r_icu/r_icu.o:(.text.r_icu_isr)
 20d963a  20d963a        0     1                 $t
 20d963b  20d963b       86     1                 r_icu_isr
 20d96c0  20d96c0       aa     4         ./ra/fsp/src/bsp/mcu/all/bsp_clocks.o:(.text.SystemCoreClockUpdate)
 20d96c0  20d96c0        0     1                 $t
 20d96c1  20d96c1       aa     1                 SystemCoreClockUpdate
 20d96dc  20d96dc        0     1                 $d
 20d96e0  20d96e0        0     1                 $t
 20d976a  20d976a       70     2         ./ra/fsp/src/bsp/mcu/all/bsp_clocks.o:(.text.bsp_clock_freq_var_init)
 20d976a  20d976a        0     1                 $t
 20d976b  20d976b       70     1                 bsp_clock_freq_var_init
 20d97da  20d97da        2     2         ./ra/fsp/src/bsp/mcu/all/bsp_common.o:(.text.bsp_init_internal)
 20d97da  20d97da        0     1                 $t
 20d97db  20d97db        2     1                 bsp_init_internal
 20d97db  20d97db        2     1                 bsp_init
 20d97dc  20d97dc        6     4         ./ra/fsp/src/bsp/mcu/all/bsp_common.o:(.text.__assert_func)
 20d97dc  20d97dc        0     1                 $t
 20d97dd  20d97dd        6     1                 __assert_func
 20d97e2  20d97e2       84     2         ./ra/fsp/src/bsp/mcu/all/bsp_delay.o:(.text.R_BSP_SoftwareDelay)
 20d97e2  20d97e2        0     1                 $t
 20d97e3  20d97e3       84     1                 R_BSP_SoftwareDelay
 20d9866  20d9866        8     2         ./ra/fsp/src/bsp/mcu/all/bsp_delay.o:(.text.bsp_prv_software_delay_loop)
 20d9866  20d9866        0     1                 sw_delay_loop
 20d9866  20d9866        0     1                 $t
 20d9867  20d9867        8     1                 bsp_prv_software_delay_loop
 20d9870  20d9870       46     4         ./ra/fsp/src/bsp/mcu/all/bsp_group_irq.o:(.text.NMI_Handler)
 20d9870  20d9870        0     1                 $t
 20d9871  20d9871       46     1                 NMI_Handler
 20d98b8  20d98b8       52     4         ./ra/fsp/src/bsp/mcu/all/bsp_irq.o:(.text.bsp_irq_cfg)
 20d98b8  20d98b8        0     1                 $t
 20d98b9  20d98b9       52     1                 bsp_irq_cfg
 20d990a  20d990a       52     2         ./ra/fsp/src/bsp/mcu/all/bsp_register_protection.o:(.text.R_BSP_RegisterProtectEnable)
 20d990a  20d990a        0     1                 $t
 20d990b  20d990b       52     1                 R_BSP_RegisterProtectEnable
 20d995c  20d995c       4e     2         ./ra/fsp/src/bsp/mcu/all/bsp_register_protection.o:(.text.R_BSP_RegisterProtectDisable)
 20d995c  20d995c        0     1                 $t
 20d995d  20d995d       4e     1                 R_BSP_RegisterProtectDisable
 20d99ac  20d99ac        a     4         ./ra/fsp/src/bsp/cmsis/Device/RENESAS/Source/startup.o:(.text.Reset_Handler)
 20d99ac  20d99ac        0     1                 $t
 20d99ad  20d99ad        a     1                 Reset_Handler
 20d99b6  20d99b6        4     2         ./ra/fsp/src/bsp/cmsis/Device/RENESAS/Source/startup.o:(.text.Default_Handler)
 20d99b6  20d99b6        0     1                 $t
 20d99b7  20d99b7        4     1                 Default_Handler
 20d99b7  20d99b7        4     1                 HardFault_Handler
 20d99b7  20d99b7        4     1                 MemManage_Handler
 20d99b7  20d99b7        4     1                 BusFault_Handler
 20d99b7  20d99b7        4     1                 UsageFault_Handler
 20d99b7  20d99b7        4     1                 SecureFault_Handler
 20d99b7  20d99b7        4     1                 DebugMon_Handler
 20d99bc  20d99bc       b6     4         ./ra/fsp/src/bsp/cmsis/Device/RENESAS/Source/system.o:(.text.SystemInit)
 20d99bc  20d99bc        0     1                 $t
 20d99bd  20d99bd       b6     1                 SystemInit
 20d9a74  20d9a74       5a     4         ./ra/fsp/src/bsp/cmsis/Device/RENESAS/Source/system.o:(.text.SystemRuntimeInit)
 20d9a74  20d9a74        0     1                 $t
 20d9a75  20d9a75       5a     1                 SystemRuntimeInit
 20d9ad0  20d9ad0      140     4         ./ra/aws/FreeRTOS/FreeRTOS/Source/portable/MemMang/heap_4.o:(.text.vPortFree)
 20d9ad0  20d9ad0        0     1                 $t
 20d9ad1  20d9ad1      140     1                 vPortFree
 20d9c10  20d9c10       16     2         ./ra/aws/FreeRTOS/FreeRTOS/Source/list.o:(.text.vListInitialise)
 20d9c10  20d9c10        0     1                 $t
 20d9c11  20d9c11       16     1                 vListInitialise
 20d9c26  20d9c26        6     2         ./ra/aws/FreeRTOS/FreeRTOS/Source/list.o:(.text.vListInitialiseItem)
 20d9c26  20d9c26        0     1                 $t
 20d9c27  20d9c27        6     1                 vListInitialiseItem
 20d9c2c  20d9c2c       3a     4         ./ra/aws/FreeRTOS/FreeRTOS/Source/list.o:(.text.vListInsert)
 20d9c2c  20d9c2c        0     1                 $t
 20d9c2d  20d9c2d       3a     1                 vListInsert
 20d9c66  20d9c66       22     2         ./ra/aws/FreeRTOS/FreeRTOS/Source/list.o:(.text.uxListRemove)
 20d9c66  20d9c66        0     1                 $t
 20d9c67  20d9c67       22     1                 uxListRemove
 20d9c88  20d9c88       be     2         ./ra/aws/FreeRTOS/FreeRTOS/Source/queue.o:(.text.xQueueGenericReset)
 20d9c88  20d9c88        0     1                 $t
 20d9c89  20d9c89       be     1                 xQueueGenericReset
 20d9d46  20d9d46       9e     2         ./ra/aws/FreeRTOS/FreeRTOS/Source/queue.o:(.text.xQueueGenericCreateStatic)
 20d9d46  20d9d46        0     1                 $t
 20d9d47  20d9d47       9e     1                 xQueueGenericCreateStatic
 20d9de4  20d9de4       40     2         ./ra/aws/FreeRTOS/FreeRTOS/Source/queue.o:(.text.xQueueCreateCountingSemaphoreStatic)
 20d9de4  20d9de4        0     1                 $t
 20d9de5  20d9de5       40     1                 xQueueCreateCountingSemaphoreStatic
 20d9e24  20d9e24      1c8     4         ./ra/aws/FreeRTOS/FreeRTOS/Source/queue.o:(.text.xQueueGenericSend)
 20d9e24  20d9e24        0     1                 $t
 20d9e25  20d9e25      1c8     1                 xQueueGenericSend
 20d9fec  20d9fec       62     2         ./ra/aws/FreeRTOS/FreeRTOS/Source/queue.o:(.text.prvCopyDataToQueue)
 20d9fec  20d9fec        0     1                 $t
 20d9fed  20d9fed       62     1                 prvCopyDataToQueue
 20da050  20da050       72     4         ./ra/aws/FreeRTOS/FreeRTOS/Source/queue.o:(.text.prvUnlockQueue)
 20da050  20da050        0     1                 $t
 20da051  20da051       72     1                 prvUnlockQueue
 20da0c4  20da0c4      1b2     4         ./ra/aws/FreeRTOS/FreeRTOS/Source/queue.o:(.text.xQueueReceive)
 20da0c4  20da0c4        0     1                 $t
 20da0c5  20da0c5      1b2     1                 xQueueReceive
 20da278  20da278      18a     4         ./ra/aws/FreeRTOS/FreeRTOS/Source/queue.o:(.text.xQueueSemaphoreTake)
 20da278  20da278        0     1                 $t
 20da279  20da279      18a     1                 xQueueSemaphoreTake
 20da404  20da404       66     4         ./ra/aws/FreeRTOS/FreeRTOS/Source/queue.o:(.text.vQueueAddToRegistry)
 20da404  20da404        0     1                 $t
 20da405  20da405       66     1                 vQueueAddToRegistry
 20da46a  20da46a       46     2         ./ra/aws/FreeRTOS/FreeRTOS/Source/queue.o:(.text.vQueueWaitForMessageRestricted)
 20da46a  20da46a        0     1                 $t
 20da46b  20da46b       46     1                 vQueueWaitForMessageRestricted
 20da4b0  20da4b0       c4     2         ./ra/aws/FreeRTOS/FreeRTOS/Source/tasks.o:(.text.xTaskCreateStatic)
 20da4b0  20da4b0        0     1                 $t
 20da4b1  20da4b1       c4     1                 xTaskCreateStatic
 20da574  20da574      134     4         ./ra/aws/FreeRTOS/FreeRTOS/Source/tasks.o:(.text.prvAddNewTaskToReadyList)
 20da574  20da574        0     1                 $t
 20da575  20da575      134     1                 prvAddNewTaskToReadyList
 20da6a8  20da6a8       44     2         ./ra/aws/FreeRTOS/FreeRTOS/Source/tasks.o:(.text.prvDeleteTCB)
 20da6a8  20da6a8        0     1                 $t
 20da6a9  20da6a9       44     1                 prvDeleteTCB
 20da6ec  20da6ec       10     2         ./ra/aws/FreeRTOS/FreeRTOS/Source/tasks.o:(.text.vTaskSuspendAll)
 20da6ec  20da6ec        0     1                 $t
 20da6ed  20da6ed       10     1                 vTaskSuspendAll
 20da6fc  20da6fc       a4     2         ./ra/aws/FreeRTOS/FreeRTOS/Source/tasks.o:(.text.prvAddCurrentTaskToDelayedList)
 20da6fc  20da6fc        0     1                 $t
 20da6fd  20da6fd       a4     1                 prvAddCurrentTaskToDelayedList
 20da7a0  20da7a0      190     4         ./ra/aws/FreeRTOS/FreeRTOS/Source/tasks.o:(.text.xTaskResumeAll)
 20da7a0  20da7a0        0     1                 $t
 20da7a1  20da7a1      190     1                 xTaskResumeAll
 20da930  20da930       5e     2         ./ra/aws/FreeRTOS/FreeRTOS/Source/tasks.o:(.text.vTaskDelay)
 20da930  20da930        0     1                 $t
 20da931  20da931       5e     1                 vTaskDelay
 20da990  20da990       9e     4         ./ra/aws/FreeRTOS/FreeRTOS/Source/tasks.o:(.text.vTaskSwitchContext)
 20da990  20da990        0     1                 $t
 20da991  20da991       9e     1                 vTaskSwitchContext
 20daa2e  20daa2e       b6     2         ./ra/aws/FreeRTOS/FreeRTOS/Source/tasks.o:(.text.vTaskStartScheduler)
 20daa2e  20daa2e        0     1                 $t
 20daa2f  20daa2f       b6     1                 vTaskStartScheduler
 20daae4  20daae4       4e     4         ./ra/aws/FreeRTOS/FreeRTOS/Source/tasks.o:(.text.prvCheckTasksWaitingTermination)
 20daae4  20daae4        0     1                 $t
 20daae5  20daae5       4e     1                 prvCheckTasksWaitingTermination
 20dab34  20dab34      1ac     4         ./ra/aws/FreeRTOS/FreeRTOS/Source/tasks.o:(.text.xTaskIncrementTick)
 20dab34  20dab34        0     1                 $t
 20dab35  20dab35      1ac     1                 xTaskIncrementTick
 20dace0  20dace0        c     2         ./ra/aws/FreeRTOS/FreeRTOS/Source/tasks.o:(.text.xTaskGetTickCount)
 20dace0  20dace0        0     1                 $t
 20dace1  20dace1        c     1                 xTaskGetTickCount
 20dacec  20dacec       42     2         ./ra/aws/FreeRTOS/FreeRTOS/Source/tasks.o:(.text.vTaskPlaceOnEventList)
 20dacec  20dacec        0     1                 $t
 20daced  20daced       42     1                 vTaskPlaceOnEventList
 20dad2e  20dad2e       7a     2         ./ra/aws/FreeRTOS/FreeRTOS/Source/tasks.o:(.text.vTaskPlaceOnEventListRestricted)
 20dad2e  20dad2e        0     1                 $t
 20dad2f  20dad2f       7a     1                 vTaskPlaceOnEventListRestricted
 20dada8  20dada8      10c     2         ./ra/aws/FreeRTOS/FreeRTOS/Source/tasks.o:(.text.xTaskRemoveFromEventList)
 20dada8  20dada8        0     1                 $t
 20dada9  20dada9      10c     1                 xTaskRemoveFromEventList
 20daeb4  20daeb4       1a     2         ./ra/aws/FreeRTOS/FreeRTOS/Source/tasks.o:(.text.vTaskInternalSetTimeOutState)
 20daeb4  20daeb4        0     1                 $t
 20daeb5  20daeb5       1a     1                 vTaskInternalSetTimeOutState
 20daece  20daece       a0     2         ./ra/aws/FreeRTOS/FreeRTOS/Source/tasks.o:(.text.xTaskCheckForTimeOut)
 20daece  20daece        0     1                 $t
 20daecf  20daecf       a0     1                 xTaskCheckForTimeOut
 20daf6e  20daf6e        e     2         ./ra/aws/FreeRTOS/FreeRTOS/Source/tasks.o:(.text.vTaskMissedYield)
 20daf6e  20daf6e        0     1                 $t
 20daf6f  20daf6f        e     1                 vTaskMissedYield
 20daf7c  20daf7c       26     2         ./ra/aws/FreeRTOS/FreeRTOS/Source/tasks.o:(.text.xTaskGetSchedulerState)
 20daf7c  20daf7c        0     1                 $t
 20daf7d  20daf7d       26     1                 xTaskGetSchedulerState
 20dafa4  20dafa4       94     4         ./ra/aws/FreeRTOS/FreeRTOS/Source/tasks.o:(.text.prvInitialiseNewTask)
 20dafa4  20dafa4        0     1                 $t
 20dafa5  20dafa5       94     1                 prvInitialiseNewTask
 20db038  20db038       2e     4         ./ra/aws/FreeRTOS/FreeRTOS/Source/tasks.o:(.text.prvIdleTask)
 20db038  20db038        0     1                 $t
 20db039  20db039       2e     1                 prvIdleTask
 20db066  20db066       7e     2         ./ra/aws/FreeRTOS/FreeRTOS/Source/timers.o:(.text.xTimerCreateTimerTask)
 20db066  20db066        0     1                 $t
 20db067  20db067       7e     1                 xTimerCreateTimerTask
 20db0e4  20db0e4       7a     2         ./ra/aws/FreeRTOS/FreeRTOS/Source/timers.o:(.text.prvCheckForValidListAndQueue)
 20db0e4  20db0e4        0     1                 $t
 20db0e5  20db0e5       7a     1                 prvCheckForValidListAndQueue
 20db160  20db160      190     4         ./ra/aws/FreeRTOS/FreeRTOS/Source/timers.o:(.text.prvTimerTask)
 20db160  20db160        0     1                 $t
 20db161  20db161      190     1                 prvTimerTask
 20db242  20db242        0     1                 $d
 20db24c  20db24c        0     1                 $t
 20db2f0  20db2f0       56     4         ./ra/aws/FreeRTOS/FreeRTOS/Source/timers.o:(.text.prvSampleTimeNow)
 20db2f0  20db2f0        0     1                 $t
 20db2f1  20db2f1       56     1                 prvSampleTimeNow
 20db346  20db346       40     2         ./ra/aws/FreeRTOS/FreeRTOS/Source/timers.o:(.text.prvProcessExpiredTimer)
 20db346  20db346        0     1                 $t
 20db347  20db347       40     1                 prvProcessExpiredTimer
 20db388  20db388       2e     4         ./ra/aws/FreeRTOS/FreeRTOS/Source/timers.o:(.text.prvReloadTimer)
 20db388  20db388        0     1                 $t
 20db389  20db389       2e     1                 prvReloadTimer
 20db3b6  20db3b6       40     2         ./ra/aws/FreeRTOS/FreeRTOS/Source/timers.o:(.text.prvInsertTimerInActiveList)
 20db3b6  20db3b6        0     1                 $t
 20db3b7  20db3b7       40     1                 prvInsertTimerInActiveList
 20db3f6  20db3f6        8     2         E:\Renesas\RAv6.4.0\RA\toolchains\llvm_arm\ATfE-21.1.1-Windows-x86_64\bin\..\lib\clang-runtimes/arm-none-eabi/armv8m.main_hard_fp_exn_rtti_unaligned_size\lib\libc.a(bzero.c.o):(.text.bzero)
 20db3f6  20db3f6        0     1                 $t
 20db3f7  20db3f7        8     1                 bzero
 20db3f7  20db3f7        8     1                 __aeabi_memclr4
 20db3f7  20db3f7        8     1                 __aeabi_memclr8
 20db3f7  20db3f7        8     1                 __aeabi_memclr
 20db3fe  20db3fe       12     2         E:\Renesas\RAv6.4.0\RA\toolchains\llvm_arm\ATfE-21.1.1-Windows-x86_64\bin\..\lib\clang-runtimes/arm-none-eabi/armv8m.main_hard_fp_exn_rtti_unaligned_size\lib\libc.a(memcpy.c.o):(.text.memcpy)
 20db3fe  20db3fe        0     1                 $t
 20db3ff  20db3ff       12     1                 memcpy
 20db3ff  20db3ff       12     1                 __aeabi_memcpy4
 20db3ff  20db3ff       12     1                 __aeabi_memcpy8
 20db3ff  20db3ff       12     1                 __aeabi_memcpy
 20db410  20db410        e     2         E:\Renesas\RAv6.4.0\RA\toolchains\llvm_arm\ATfE-21.1.1-Windows-x86_64\bin\..\lib\clang-runtimes/arm-none-eabi/armv8m.main_hard_fp_exn_rtti_unaligned_size\lib\libc.a(memset.c.o):(.text.memset)
 20db410  20db410        0     1                 $t
 20db411  20db411        e     1                 memset
 20db420  20db420       28     4         E:\Renesas\RAv6.4.0\RA\toolchains\llvm_arm\ATfE-21.1.1-Windows-x86_64\bin\..\lib\clang-runtimes/arm-none-eabi/armv8m.main_hard_fp_exn_rtti_unaligned_size\lib\libc.a(libc_picolib_inittls.c.o):(.text._init_tls)
 20db420  20db420        0     1                 $t
 20db421  20db421       28     1                 _init_tls
 20db438  20db438        0     1                 $d
 20db448  20db448       14     4         E:\Renesas\RAv6.4.0\RA\toolchains\llvm_arm\ATfE-21.1.1-Windows-x86_64\bin\..\lib\clang-runtimes/arm-none-eabi/armv8m.main_hard_fp_exn_rtti_unaligned_size\lib\libc.a(libc_picolib_machine_arm_set_tls.c.o):(.text._set_tls)
 20db448  20db448        0     1                 $t
 20db449  20db449       14     1                 _set_tls
 20db454  20db454        0     1                 $d
 20db45c  20db45c        4     4         ./ra_gen/command_rx_thread.o:(.rodata.command_rx_thread_parameters)
 20db45c  20db45c        4     1                 command_rx_thread_parameters
 20db460  20db460      8df     1         <internal>:(.rodata.str1.1)
 20dbd40  20dbd40        4     4         ./ra_gen/ipc_thread.o:(.rodata.ipc_thread_parameters)
 20dbd40  20dbd40        4     1                 ipc_thread_parameters
 20dbd44  20dbd44       60     4         ./ra_gen/pin_data.o:(.rodata.g_bsp_pin_cfg_data)
 20dbd44  20dbd44       60     1                 g_bsp_pin_cfg_data
 20dbda4  20dbda4        c     4         ./ra_gen/pin_data.o:(.rodata.g_bsp_pin_cfg)
 20dbda4  20dbda4        c     1                 g_bsp_pin_cfg
 20dbdb0  20dbdb0       1c     2         ./ra_gen/vector_data.o:(.rodata.g_interrupt_event_link_select)
 20dbdb0  20dbdb0       1c     1                 g_interrupt_event_link_select
 20dbdcc  20dbdcc        4     4         ./ra_gen/vehicle_thread.o:(.rodata.vehicle_thread_parameters)
 20dbdcc  20dbdcc        4     1                 vehicle_thread_parameters
 20dbdd0  20dbdd0        4     4         ./ra_gen/video_tx_thread.o:(.rodata.video_tx_thread_parameters)
 20dbdd0  20dbdd0        4     1                 video_tx_thread_parameters
 20dbdd4  20dbdd4        4     4         ./ra_gen/wifi_upload_thread.o:(.rodata.wifi_upload_thread_parameters)
 20dbdd4  20dbdd4        4     1                 wifi_upload_thread_parameters
 20dbdd8  20dbdd8        6     2         ./ra/fsp/src/r_ioport/r_ioport.o:(.rodata.g_vbatt_pins_input)
 20dbdd8  20dbdd8        6     1                 g_vbatt_pins_input
 20dbde0  20dbde0       20     4         ./ra/fsp/src/bsp/mcu/ra8p1/bsp_linker.o:(.rodata.nocache_list)
 20dbde0  20dbde0       20     1                 nocache_list
 20dbe00  20dbe00       18     4         ./ra/fsp/src/bsp/mcu/ra8p1/bsp_linker.o:(.rodata.g_init_info)
 20dbe00  20dbe00       18     1                 g_init_info
 20dbe18  20dbe18       84     4         ./ra/fsp/src/bsp/mcu/ra8p1/bsp_linker.o:(.rodata.zero_list)
 20dbe18  20dbe18       84     1                 zero_list
 20dbe9c  20dbe9c      190     4         ./ra/fsp/src/bsp/mcu/ra8p1/bsp_linker.o:(.rodata.copy_list)
 20dbe9c  20dbe9c      190     1                 copy_list
 20dc02c  20dc02c        a     2         ./ra/fsp/src/bsp/mcu/all/bsp_register_protection.o:(.rodata.g_prcr_masks)
 20dc02c  20dc02c        a     1                 g_prcr_masks
 20dc038  20dc038        4     4         ./ra/aws/FreeRTOS/FreeRTOS/Source/tasks.o:(.rodata.uxTopUsedPriority)
 20dc038  20dc038        4     1                 uxTopUsedPriority
 20dc03c  20dc03c       4e     4         ./ra/fsp/src/bsp/mcu/all/bsp_common.o:(.version)
 20dc03c  20dc03c        4     1                 g_fsp_version
 20dc040  20dc040        6     1                 g_fsp_version_string
 20dc046  20dc046       44     1                 g_fsp_version_build_string
 20dc08a  20dc08a        0     1         __flash_readonly$$Limit = .
 20dc08a  20dc08a        0     1 __flash_preinit_array$$
 20dc08a  20dc08a        0     1         __preinit_array_start = .
 20dc08a  20dc08a        0     1         __preinit_array_end = .
 20dc08a  20dc08a        0     1 __flash_init_array$$
 20dc08a  20dc08a        0     1         __init_array_start = .
 20dc08a  20dc08a        0     1         __init_array_end = .
 20dc08a  20dc08a        0     1 __flash_fini_array$$
 20dc08a  20dc08a        0     1         __fini_array_start = .
 20dc08a  20dc08a        0     1         __fini_array_end = .
 20dc08a  20dc08a        0     1 __flash_arm.exidx$$
 20dc08a  20dc08a        0     1         __exidx_start = .
 20dc08a  20dc08a        0     1         __exidx_end = .
 20dc200  20dc200        0     1 .flash.endof
 20dc200  20dc200        0     1         __ddsc_FLASH_END = .
 20dc200  20dc200        0     1 .flash.flat_nsc
 20dc200  20dc200        0     1         __ddsc_FLASH_NSC = .
 2c9f040  2c9f040        0     1 .option_setting_ofs0.startof
 2c9f040  2c9f040        0     1         __ddsc_OPTION_SETTING_OFS0_START = .
 2c9f040  2c9f040        0     1 __option_setting_ofs0_reg$$
 2c9f040  2c9f040        0     1         __option_setting_ofs0_reg$$Base = .
 2c9f040  2c9f040        0     1         __option_setting_ofs0_reg$$Limit = .
 2c9f040  2c9f040        0     1 .option_setting_ofs0.endof
 2c9f040  2c9f040        0     1         __ddsc_OPTION_SETTING_OFS0_END = .
 2c9f044  2c9f044        0     1 .option_setting_ofs2.startof
 2c9f044  2c9f044        0     1         __ddsc_OPTION_SETTING_OFS2_START = .
 2c9f044  2c9f044        0     1 __option_setting_ofs2_reg$$
 2c9f044  2c9f044        0     1         __option_setting_ofs2_reg$$Base = .
 2c9f044  2c9f044        0     1         __option_setting_ofs2_reg$$Limit = .
 2c9f044  2c9f044        0     1 .option_setting_ofs2.endof
 2c9f044  2c9f044        0     1         __ddsc_OPTION_SETTING_OFS2_END = .
 2c9f074  2c9f074        0     1 .option_setting_sas.startof
 2c9f074  2c9f074        0     1         __ddsc_OPTION_SETTING_SAS_START = .
 2c9f074  2c9f074        0     1 __option_setting_sas_reg$$
 2c9f074  2c9f074        0     1         __option_setting_sas_reg$$Base = .
 2c9f074  2c9f074        0     1         __option_setting_sas_reg$$Limit = .
 2c9f074  2c9f074        0     1 .option_setting_sas.endof
 2c9f074  2c9f074        0     1         __ddsc_OPTION_SETTING_SAS_END = .
12c9f4c0 12c9f4c0        0     1 .option_setting_ofs1.startof
12c9f4c0 12c9f4c0        0     1         __ddsc_OPTION_SETTING_OFS1_START = .
12c9f4c0 12c9f4c0        0     1 __option_setting_ofs1_reg$$
12c9f4c0 12c9f4c0        0     1         __option_setting_ofs1_reg$$Base = .
12c9f4c0 12c9f4c0        0     1         __option_setting_ofs1_reg$$Limit = .
12c9f4c0 12c9f4c0        0     1 .option_setting_ofs1.endof
12c9f4c0 12c9f4c0        0     1         __ddsc_OPTION_SETTING_OFS1_END = .
 2c9f0c0  2c9f0c0        0     1 .option_setting_ofs1_sec.startof
 2c9f0c0  2c9f0c0        0     1         __ddsc_OPTION_SETTING_OFS1_SEC_START = .
 2c9f0c0  2c9f0c0        0     1 __option_setting_ofs1_sec_reg$$
 2c9f0c0  2c9f0c0        0     1         __option_setting_ofs1_sec_reg$$Base = .
 2c9f0c0  2c9f0c0        0     1         __option_setting_ofs1_sec_reg$$Limit = .
 2c9f0c0  2c9f0c0        0     1 .option_setting_ofs1_sec.endof
 2c9f0c0  2c9f0c0        0     1         __ddsc_OPTION_SETTING_OFS1_SEC_END = .
 2c9f120  2c9f120        0     1 .option_setting_ofs1_sel.startof
 2c9f120  2c9f120        0     1         __ddsc_OPTION_SETTING_OFS1_SEL_START = .
 2c9f120  2c9f120        0     1 __option_setting_ofs1_sel_reg$$
 2c9f120  2c9f120        0     1         __option_setting_ofs1_sel_reg$$Base = .
 2c9f120  2c9f120        0     1         __option_setting_ofs1_sel_reg$$Limit = .
 2c9f120  2c9f120        0     1 .option_setting_ofs1_sel.endof
 2c9f120  2c9f120        0     1         __ddsc_OPTION_SETTING_OFS1_SEL_END = .
12c9f4c4 12c9f4c4        0     1 .option_setting_ofs3.startof
12c9f4c4 12c9f4c4        0     1         __ddsc_OPTION_SETTING_OFS3_START = .
12c9f4c4 12c9f4c4        0     1 __option_setting_ofs3_reg$$
12c9f4c4 12c9f4c4        0     1         __option_setting_ofs3_reg$$Base = .
12c9f4c4 12c9f4c4        0     1         __option_setting_ofs3_reg$$Limit = .
12c9f4c4 12c9f4c4        0     1 .option_setting_ofs3.endof
12c9f4c4 12c9f4c4        0     1         __ddsc_OPTION_SETTING_OFS3_END = .
 2c9f0c4  2c9f0c4        0     1 .option_setting_ofs3_sec.startof
 2c9f0c4  2c9f0c4        0     1         __ddsc_OPTION_SETTING_OFS3_SEC_START = .
 2c9f0c4  2c9f0c4        0     1 __option_setting_ofs3_sec_reg$$
 2c9f0c4  2c9f0c4        0     1         __option_setting_ofs3_sec_reg$$Base = .
 2c9f0c4  2c9f0c4        0     1         __option_setting_ofs3_sec_reg$$Limit = .
 2c9f0c4  2c9f0c4        0     1 .option_setting_ofs3_sec.endof
 2c9f0c4  2c9f0c4        0     1         __ddsc_OPTION_SETTING_OFS3_SEC_END = .
 2c9f124  2c9f124        0     1 .option_setting_ofs3_sel.startof
 2c9f124  2c9f124        0     1         __ddsc_OPTION_SETTING_OFS3_SEL_START = .
 2c9f124  2c9f124        0     1 __option_setting_ofs3_sel_reg$$
 2c9f124  2c9f124        0     1         __option_setting_ofs3_sel_reg$$Base = .
 2c9f124  2c9f124        0     1         __option_setting_ofs3_sel_reg$$Limit = .
 2c9f124  2c9f124        0     1 .option_setting_ofs3_sel.endof
 2c9f124  2c9f124        0     1         __ddsc_OPTION_SETTING_OFS3_SEL_END = .
12c9f600 12c9f600        0     1 .option_setting_bps.startof
12c9f600 12c9f600        0     1         __ddsc_OPTION_SETTING_BPS_START = .
12c9f600 12c9f600        0     1 __option_setting_bps_reg$$
12c9f600 12c9f600        0     1         __option_setting_bps_reg$$Base = .
12c9f600 12c9f600        0     1         __option_setting_bps_reg$$Limit = .
12c9f600 12c9f600        0     1 .option_setting_bps.endof
12c9f600 12c9f600        0     1         __ddsc_OPTION_SETTING_BPS_END = .
 2c9f200  2c9f200        0     1 .option_setting_bps_sec.startof
 2c9f200  2c9f200        0     1         __ddsc_OPTION_SETTING_BPS_SEC_START = .
 2c9f200  2c9f200        0     1 __option_setting_bps_sec_reg$$
 2c9f200  2c9f200        0     1         __option_setting_bps_sec_reg$$Base = .
 2c9f200  2c9f200        0     1         __option_setting_bps_sec_reg$$Limit = .
 2c9f200  2c9f200        0     1 .option_setting_bps_sec.endof
 2c9f200  2c9f200        0     1         __ddsc_OPTION_SETTING_BPS_SEC_END = .
 2e07600  2e07600        0     1 .option_setting_otp_fsblctrl0.startof
 2e07600  2e07600        0     1         __ddsc_OPTION_SETTING_OTP_FSBLCTRL0_START = .
 2e07600  2e07600        0     1 __option_setting_otp_fsblctrl0_reg$$
 2e07600  2e07600        0     1         __option_setting_otp_fsblctrl0_reg$$Base = .
 2e07600  2e07600        0     1         __option_setting_otp_fsblctrl0_reg$$Limit = .
 2e07600  2e07600        0     1 .option_setting_otp_fsblctrl0.endof
 2e07600  2e07600        0     1         __ddsc_OPTION_SETTING_OTP_FSBLCTRL0_END = .
 2e07604  2e07604        0     1 .option_setting_otp_fsblctrl1.startof
 2e07604  2e07604        0     1         __ddsc_OPTION_SETTING_OTP_FSBLCTRL1_START = .
 2e07604  2e07604        0     1 __option_setting_otp_fsblctrl1_reg$$
 2e07604  2e07604        0     1         __option_setting_otp_fsblctrl1_reg$$Base = .
 2e07604  2e07604        0     1         __option_setting_otp_fsblctrl1_reg$$Limit = .
 2e07604  2e07604        0     1 .option_setting_otp_fsblctrl1.endof
 2e07604  2e07604        0     1         __ddsc_OPTION_SETTING_OTP_FSBLCTRL1_END = .
 2e07608  2e07608        0     1 .option_setting_otp_fsblctrl2.startof
 2e07608  2e07608        0     1         __ddsc_OPTION_SETTING_OTP_FSBLCTRL2_START = .
 2e07608  2e07608        0     1 __option_setting_otp_fsblctrl2_reg$$
 2e07608  2e07608        0     1         __option_setting_otp_fsblctrl2_reg$$Base = .
 2e07608  2e07608        0     1         __option_setting_otp_fsblctrl2_reg$$Limit = .
 2e07608  2e07608        0     1 .option_setting_otp_fsblctrl2.endof
 2e07608  2e07608        0     1         __ddsc_OPTION_SETTING_OTP_FSBLCTRL2_END = .
 2e07614  2e07614        0     1 .option_setting_otp_samr.startof
 2e07614  2e07614        0     1         __ddsc_OPTION_SETTING_OTP_SAMR_START = .
 2e07614  2e07614        0     1 __option_setting_otp_samr_reg$$
 2e07614  2e07614        0     1         __option_setting_otp_samr_reg$$Base = .
 2e07614  2e07614        0     1         __option_setting_otp_samr_reg$$Limit = .
 2e07614  2e07614        0     1 .option_setting_otp_samr.endof
 2e07614  2e07614        0     1         __ddsc_OPTION_SETTING_OTP_SAMR_END = .
 2e07620  2e07620        0     1 .option_setting_otp_sacc00.startof
 2e07620  2e07620        0     1         __ddsc_OPTION_SETTING_OTP_SACC00_START = .
 2e07620  2e07620        0     1 __option_setting_otp_sacc00_reg$$
 2e07620  2e07620        0     1         __option_setting_otp_sacc00_reg$$Base = .
 2e07620  2e07620        0     1         __option_setting_otp_sacc00_reg$$Limit = .
 2e07620  2e07620        0     1 .option_setting_otp_sacc00.endof
 2e07620  2e07620        0     1         __ddsc_OPTION_SETTING_OTP_SACC00_END = .
 2e07630  2e07630        0     1 .option_setting_otp_sacc10.startof
 2e07630  2e07630        0     1         __ddsc_OPTION_SETTING_OTP_SACC10_START = .
 2e07630  2e07630        0     1 __option_setting_otp_sacc10_reg$$
 2e07630  2e07630        0     1         __option_setting_otp_sacc10_reg$$Base = .
 2e07630  2e07630        0     1         __option_setting_otp_sacc10_reg$$Limit = .
 2e07630  2e07630        0     1 .option_setting_otp_sacc10.endof
 2e07630  2e07630        0     1         __ddsc_OPTION_SETTING_OTP_SACC10_END = .
 2e07640  2e07640        0     1 .option_setting_otp_sacc01.startof
 2e07640  2e07640        0     1         __ddsc_OPTION_SETTING_OTP_SACC01_START = .
 2e07640  2e07640        0     1 __option_setting_otp_sacc01_reg$$
 2e07640  2e07640        0     1         __option_setting_otp_sacc01_reg$$Base = .
 2e07640  2e07640        0     1         __option_setting_otp_sacc01_reg$$Limit = .
 2e07640  2e07640        0     1 .option_setting_otp_sacc01.endof
 2e07640  2e07640        0     1         __ddsc_OPTION_SETTING_OTP_SACC01_END = .
 2e07650  2e07650        0     1 .option_setting_otp_sacc11.startof
 2e07650  2e07650        0     1         __ddsc_OPTION_SETTING_OTP_SACC11_START = .
 2e07650  2e07650        0     1 __option_setting_otp_sacc11_reg$$
 2e07650  2e07650        0     1         __option_setting_otp_sacc11_reg$$Base = .
 2e07650  2e07650        0     1         __option_setting_otp_sacc11_reg$$Limit = .
 2e07650  2e07650        0     1 .option_setting_otp_sacc11.endof
 2e07650  2e07650        0     1         __ddsc_OPTION_SETTING_OTP_SACC11_END = .
 2e07660  2e07660        0     1 .option_setting_otp_sacc02.startof
 2e07660  2e07660        0     1         __ddsc_OPTION_SETTING_OTP_SACC02_START = .
 2e07660  2e07660        0     1 __option_setting_otp_sacc02_reg$$
 2e07660  2e07660        0     1         __option_setting_otp_sacc02_reg$$Base = .
 2e07660  2e07660        0     1         __option_setting_otp_sacc02_reg$$Limit = .
 2e07660  2e07660        0     1 .option_setting_otp_sacc02.endof
 2e07660  2e07660        0     1         __ddsc_OPTION_SETTING_OTP_SACC02_END = .
 2e07670  2e07670        0     1 .option_setting_otp_sacc12.startof
 2e07670  2e07670        0     1         __ddsc_OPTION_SETTING_OTP_SACC12_START = .
 2e07670  2e07670        0     1 __option_setting_otp_sacc12_reg$$
 2e07670  2e07670        0     1         __option_setting_otp_sacc12_reg$$Base = .
 2e07670  2e07670        0     1         __option_setting_otp_sacc12_reg$$Limit = .
 2e07670  2e07670        0     1 .option_setting_otp_sacc12.endof
 2e07670  2e07670        0     1         __ddsc_OPTION_SETTING_OTP_SACC12_END = .
 2e07680  2e07680        0     1 .option_setting_otp_sacc03.startof
 2e07680  2e07680        0     1         __ddsc_OPTION_SETTING_OTP_SACC03_START = .
 2e07680  2e07680        0     1 __option_setting_otp_sacc03_reg$$
 2e07680  2e07680        0     1         __option_setting_otp_sacc03_reg$$Base = .
 2e07680  2e07680        0     1         __option_setting_otp_sacc03_reg$$Limit = .
 2e07680  2e07680        0     1 .option_setting_otp_sacc03.endof
 2e07680  2e07680        0     1         __ddsc_OPTION_SETTING_OTP_SACC03_END = .
 2e07690  2e07690        0     1 .option_setting_otp_sacc13.startof
 2e07690  2e07690        0     1         __ddsc_OPTION_SETTING_OTP_SACC13_START = .
 2e07690  2e07690        0     1 __option_setting_otp_sacc13_reg$$
 2e07690  2e07690        0     1         __option_setting_otp_sacc13_reg$$Base = .
[...]
                                                  ./ra/fsp/src/bsp/mcu/ra8p1/bsp_linker.o
__ospi1_cs0_from_ospi0_cs1$$Limit                 fsp_gen.lld:101
                                                  ./ra/fsp/src/bsp/mcu/ra8p1/bsp_linker.o
__ospi1_cs0_from_ospi0_cs1$$Load                  fsp_gen.lld:96
                                                  ./ra/fsp/src/bsp/mcu/ra8p1/bsp_linker.o
__ospi1_cs0_from_ospi1_cs1$$Base                  fsp_gen.lld:217
                                                  ./ra/fsp/src/bsp/mcu/ra8p1/bsp_linker.o
__ospi1_cs0_from_ospi1_cs1$$Limit                 fsp_gen.lld:222
                                                  ./ra/fsp/src/bsp/mcu/ra8p1/bsp_linker.o
__ospi1_cs0_from_ospi1_cs1$$Load                  fsp_gen.lld:217
                                                  ./ra/fsp/src/bsp/mcu/ra8p1/bsp_linker.o
__ospi1_cs0_from_data_flash$$Base                 fsp_gen.lld:317
                                                  ./ra/fsp/src/bsp/mcu/ra8p1/bsp_linker.o
__ospi1_cs0_from_data_flash$$Limit                fsp_gen.lld:322
                                                  ./ra/fsp/src/bsp/mcu/ra8p1/bsp_linker.o
__ospi1_cs0_from_data_flash$$Load                 fsp_gen.lld:317
                                                  ./ra/fsp/src/bsp/mcu/ra8p1/bsp_linker.o
__ospi1_cs0_from_flash$$Base                      fsp_gen.lld:508
                                                  ./ra/fsp/src/bsp/mcu/ra8p1/bsp_linker.o
__ospi1_cs0_from_flash$$Limit                     fsp_gen.lld:513
                                                  ./ra/fsp/src/bsp/mcu/ra8p1/bsp_linker.o
__ospi1_cs0_from_flash$$Load                      fsp_gen.lld:508
                                                  ./ra/fsp/src/bsp/mcu/ra8p1/bsp_linker.o
__ctcm_from_ospi0_cs1$$Base                       fsp_gen.lld:113
                                                  ./ra/fsp/src/bsp/mcu/ra8p1/bsp_linker.o
__ctcm_from_ospi0_cs1$$Limit                      fsp_gen.lld:118
                                                  ./ra/fsp/src/bsp/mcu/ra8p1/bsp_linker.o
__ctcm_from_ospi0_cs1$$Load                       fsp_gen.lld:113
                                                  ./ra/fsp/src/bsp/mcu/ra8p1/bsp_linker.o
__ctcm_from_ospi1_cs1$$Base                       fsp_gen.lld:229
                                                  ./ra/fsp/src/bsp/mcu/ra8p1/bsp_linker.o
__ctcm_from_ospi1_cs1$$Limit                      fsp_gen.lld:234
                                                  ./ra/fsp/src/bsp/mcu/ra8p1/bsp_linker.o
__ctcm_from_ospi1_cs1$$Load                       fsp_gen.lld:229
                                                  ./ra/fsp/src/bsp/mcu/ra8p1/bsp_linker.o
__ctcm_from_data_flash$$Base                      fsp_gen.lld:329
                                                  ./ra/fsp/src/bsp/mcu/ra8p1/bsp_linker.o
__ctcm_from_data_flash$$Limit                     fsp_gen.lld:334
                                                  ./ra/fsp/src/bsp/mcu/ra8p1/bsp_linker.o
__ctcm_from_data_flash$$Load                      fsp_gen.lld:329
                                                  ./ra/fsp/src/bsp/mcu/ra8p1/bsp_linker.o
__ctcm_from_flash$$Base                           fsp_gen.lld:558
                                                  ./ra/fsp/src/bsp/mcu/ra8p1/bsp_linker.o
__ctcm_from_flash$$Limit                          fsp_gen.lld:563
                                                  ./ra/fsp/src/bsp/mcu/ra8p1/bsp_linker.o
__ctcm_from_flash$$Load                           fsp_gen.lld:558
                                                  ./ra/fsp/src/bsp/mcu/ra8p1/bsp_linker.o
__stcm_from_ospi0_cs1$$Base                       fsp_gen.lld:130
                                                  ./ra/fsp/src/bsp/mcu/ra8p1/bsp_linker.o
__stcm_from_ospi0_cs1$$Limit                      fsp_gen.lld:135
                                                  ./ra/fsp/src/bsp/mcu/ra8p1/bsp_linker.o
__stcm_from_ospi0_cs1$$Load                       fsp_gen.lld:130
                                                  ./ra/fsp/src/bsp/mcu/ra8p1/bsp_linker.o
__stcm_from_ospi1_cs1$$Base                       fsp_gen.lld:241
                                                  ./ra/fsp/src/bsp/mcu/ra8p1/bsp_linker.o
__stcm_from_ospi1_cs1$$Limit                      fsp_gen.lld:246
                                                  ./ra/fsp/src/bsp/mcu/ra8p1/bsp_linker.o
__stcm_from_ospi1_cs1$$Load                       fsp_gen.lld:241
                                                  ./ra/fsp/src/bsp/mcu/ra8p1/bsp_linker.o
__stcm_from_data_flash$$Base                      fsp_gen.lld:341
                                                  ./ra/fsp/src/bsp/mcu/ra8p1/bsp_linker.o
__stcm_from_data_flash$$Limit                     fsp_gen.lld:346
                                                  ./ra/fsp/src/bsp/mcu/ra8p1/bsp_linker.o
__stcm_from_data_flash$$Load                      fsp_gen.lld:341
                                                  ./ra/fsp/src/bsp/mcu/ra8p1/bsp_linker.o
__stcm_from_flash$$Base                           fsp_gen.lld:591
                                                  ./ra/fsp/src/bsp/mcu/ra8p1/bsp_linker.o
__stcm_from_flash$$Limit                          fsp_gen.lld:596
                                                  ./ra/fsp/src/bsp/mcu/ra8p1/bsp_linker.o
__stcm_from_flash$$Load                           fsp_gen.lld:591
                                                  ./ra/fsp/src/bsp/mcu/ra8p1/bsp_linker.o
__ram_from_ospi0_cs1$$Base                        fsp_gen.lld:153
                                                  ./ra/fsp/src/bsp/mcu/ra8p1/bsp_linker.o
__ram_from_ospi0_cs1$$Limit                       fsp_gen.lld:158
                                                  ./ra/fsp/src/bsp/mcu/ra8p1/bsp_linker.o
__ram_from_ospi0_cs1$$Load                        fsp_gen.lld:153
                                                  ./ra/fsp/src/bsp/mcu/ra8p1/bsp_linker.o
__ram_from_ospi1_cs1$$Base                        fsp_gen.lld:253
                                                  ./ra/fsp/src/bsp/mcu/ra8p1/bsp_linker.o
__ram_from_ospi1_cs1$$Limit                       fsp_gen.lld:258
                                                  ./ra/fsp/src/bsp/mcu/ra8p1/bsp_linker.o
__ram_from_ospi1_cs1$$Load                        fsp_gen.lld:253
                                                  ./ra/fsp/src/bsp/mcu/ra8p1/bsp_linker.o
__ram_from_data_flash$$Base                       fsp_gen.lld:353
                                                  ./ra/fsp/src/bsp/mcu/ra8p1/bsp_linker.o
__ram_from_data_flash$$Limit                      fsp_gen.lld:358
                                                  ./ra/fsp/src/bsp/mcu/ra8p1/bsp_linker.o
__ram_from_data_flash$$Load                       fsp_gen.lld:353
                                                  ./ra/fsp/src/bsp/mcu/ra8p1/bsp_linker.o
__ram_from_flash$$Base                            fsp_gen.lld:624
                                                  ./ra/fsp/src/bsp/mcu/ra8p1/bsp_linker.o
__ram_from_flash$$Limit                           fsp_gen.lld:631
                                                  ./ra/fsp/src/bsp/mcu/ra8p1/bsp_linker.o
__ram_from_flash$$Load                            fsp_gen.lld:624
                                                  ./ra/fsp/src/bsp/mcu/ra8p1/bsp_linker.o
__ram_tdata$$Base                                 fsp_gen.lld:674
                                                  ./ra/fsp/src/bsp/mcu/ra8p1/bsp_linker.o
__ram_tdata$$Limit                                fsp_gen.lld:678
                                                  ./ra/fsp/src/bsp/mcu/ra8p1/bsp_linker.o
__ram_tdata$$Load                                 fsp_gen.lld:674
                                                  ./ra/fsp/src/bsp/mcu/ra8p1/bsp_linker.o
SystemCoreClockUpdate                             ./ra/fsp/src/bsp/mcu/all/bsp_clocks.o
                                                  ./ra/fsp/src/bsp/cmsis/Device/RENESAS/Source/system.o
bsp_clock_freq_var_init                           ./ra/fsp/src/bsp/mcu/all/bsp_clocks.o
                                                  ./ra/fsp/src/bsp/cmsis/Device/RENESAS/Source/system.o
bsp_init_internal                                 ./ra/fsp/src/bsp/mcu/all/bsp_common.o
bsp_init                                          ./ra/fsp/src/bsp/mcu/all/bsp_common.o
                                                  ./ra/fsp/src/bsp/cmsis/Device/RENESAS/Source/system.o
g_bsp_group_irq_sources                           ./ra/fsp/src/bsp/mcu/all/bsp_group_irq.o
NMI_Handler                                       ./ra/fsp/src/bsp/mcu/all/bsp_group_irq.o
                                                  ./ra/fsp/src/bsp/cmsis/Device/RENESAS/Source/startup.o
bsp_irq_cfg                                       ./ra/fsp/src/bsp/mcu/all/bsp_irq.o
                                                  ./ra/fsp/src/bsp/cmsis/Device/RENESAS/Source/system.o
__aeabi_memcpy4                                   E:\Renesas\RAv6.4.0\RA\toolchains\llvm_arm\ATfE-21.1.1-Windows-x86_64\bin\..\lib\clang-runtimes/arm-none-eabi/armv8m.main_hard_fp_exn_rtti_unaligned_size\lib\libc.a(memcpy.c.o)
                                                  ./ra/fsp/src/bsp/mcu/all/bsp_ospi_b.o
                                                  ./ra/fsp/src/bsp/cmsis/Device/RENESAS/Source/system.o
g_protect_counters                                ./ra/fsp/src/bsp/mcu/all/bsp_register_protection.o
Reset_Handler                                     ./ra/fsp/src/bsp/cmsis/Device/RENESAS/Source/startup.o
SystemInit                                        ./ra/fsp/src/bsp/cmsis/Device/RENESAS/Source/system.o
                                                  ./ra/fsp/src/bsp/cmsis/Device/RENESAS/Source/startup.o
Default_Handler                                   ./ra/fsp/src/bsp/cmsis/Device/RENESAS/Source/startup.o
g_main_stack                                      ./ra/fsp/src/bsp/cmsis/Device/RENESAS/Source/startup.o
                                                  ./ra/fsp/src/bsp/cmsis/Device/RENESAS/Source/system.o
__Vectors                                         ./ra/fsp/src/bsp/cmsis/Device/RENESAS/Source/startup.o
                                                  ./ra/fsp/src/bsp/cmsis/Device/RENESAS/Source/system.o
HardFault_Handler                                 ./ra/fsp/src/bsp/cmsis/Device/RENESAS/Source/startup.o
MemManage_Handler                                 ./ra/fsp/src/bsp/cmsis/Device/RENESAS/Source/startup.o
BusFault_Handler                                  ./ra/fsp/src/bsp/cmsis/Device/RENESAS/Source/startup.o
UsageFault_Handler                                ./ra/fsp/src/bsp/cmsis/Device/RENESAS/Source/startup.o
SecureFault_Handler                               ./ra/fsp/src/bsp/cmsis/Device/RENESAS/Source/startup.o
DebugMon_Handler                                  ./ra/fsp/src/bsp/cmsis/Device/RENESAS/Source/startup.o
_init_tls                                         E:\Renesas\RAv6.4.0\RA\toolchains\llvm_arm\ATfE-21.1.1-Windows-x86_64\bin\..\lib\clang-runtimes/arm-none-eabi/armv8m.main_hard_fp_exn_rtti_unaligned_size\lib\libc.a(libc_picolib_inittls.c.o)
                                                  ./ra/fsp/src/bsp/cmsis/Device/RENESAS/Source/system.o
__init_array_start                                fsp_gen.lld:751
                                                  ./ra/fsp/src/bsp/cmsis/Device/RENESAS/Source/system.o
__init_array_end                                  fsp_gen.lld:754
                                                  ./ra/fsp/src/bsp/cmsis/Device/RENESAS/Source/system.o
vPortFree                                         ./ra/aws/FreeRTOS/FreeRTOS/Source/portable/MemMang/heap_4.o
                                                  ./ra/aws/FreeRTOS/FreeRTOS/Source/event_groups.o
                                                  ./ra/aws/FreeRTOS/FreeRTOS/Source/queue.o
                                                  ./ra/aws/FreeRTOS/FreeRTOS/Source/stream_buffer.o
                                                  ./ra/aws/FreeRTOS/FreeRTOS/Source/tasks.o
                                                  ./ra/aws/FreeRTOS/FreeRTOS/Source/timers.o
__aeabi_memclr                                    E:\Renesas\RAv6.4.0\RA\toolchains\llvm_arm\ATfE-21.1.1-Windows-x86_64\bin\..\lib\clang-runtimes/arm-none-eabi/armv8m.main_hard_fp_exn_rtti_unaligned_size\lib\libc.a(bzero.c.o)
                                                  ./ra/aws/FreeRTOS/FreeRTOS/Source/portable/MemMang/heap_4.o
                                                  ./ra/aws/FreeRTOS/FreeRTOS/Source/stream_buffer.o
                                                  ./ra/aws/FreeRTOS/FreeRTOS/Source/tasks.o
                                                  E:\Renesas\RAv6.4.0\RA\toolchains\llvm_arm\ATfE-21.1.1-Windows-x86_64\bin\..\lib\clang-runtimes/arm-none-eabi/armv8m.main_hard_fp_exn_rtti_unaligned_size\lib\libc.a(libc_picolib_inittls.c.o)
vListInitialise                                   ./ra/aws/FreeRTOS/FreeRTOS/Source/list.o
                                                  ./ra/aws/FreeRTOS/FreeRTOS/Source/event_groups.o
                                                  ./ra/aws/FreeRTOS/FreeRTOS/Source/queue.o
                                                  ./ra/aws/FreeRTOS/FreeRTOS/Source/tasks.o
                                                  ./ra/aws/FreeRTOS/FreeRTOS/Source/timers.o
xTaskGetSchedulerState                            ./ra/aws/FreeRTOS/FreeRTOS/Source/tasks.o
                                                  ./ra/aws/FreeRTOS/FreeRTOS/Source/event_groups.o
                                                  ./ra/aws/FreeRTOS/FreeRTOS/Source/queue.o
                                                  ./ra/aws/FreeRTOS/FreeRTOS/Source/timers.o
vListInitialiseItem                               ./ra/aws/FreeRTOS/FreeRTOS/Source/list.o
                                                  ./ra/aws/FreeRTOS/FreeRTOS/Source/tasks.o
                                                  ./ra/aws/FreeRTOS/FreeRTOS/Source/timers.o
vListInsert                                       ./ra/aws/FreeRTOS/FreeRTOS/Source/list.o
                                                  ./ra/aws/FreeRTOS/FreeRTOS/Source/tasks.o
                                                  ./ra/aws/FreeRTOS/FreeRTOS/Source/timers.o
uxListRemove                                      ./ra/aws/FreeRTOS/FreeRTOS/Source/list.o
                                                  ./ra/aws/FreeRTOS/FreeRTOS/Source/tasks.o
                                                  ./ra/aws/FreeRTOS/FreeRTOS/Source/timers.o
xQueueGenericReset                                ./ra/aws/FreeRTOS/FreeRTOS/Source/queue.o
xTaskRemoveFromEventList                          ./ra/aws/FreeRTOS/FreeRTOS/Source/tasks.o
                                                  ./ra/aws/FreeRTOS/FreeRTOS/Source/queue.o
xQueueGenericCreateStatic                         ./ra/aws/FreeRTOS/FreeRTOS/Source/queue.o
                                                  ./ra/aws/FreeRTOS/FreeRTOS/Source/timers.o
vTaskInternalSetTimeOutState                      ./ra/aws/FreeRTOS/FreeRTOS/Source/tasks.o
                                                  ./ra/aws/FreeRTOS/FreeRTOS/Source/queue.o
xTaskCheckForTimeOut                              ./ra/aws/FreeRTOS/FreeRTOS/Source/tasks.o
                                                  ./ra/aws/FreeRTOS/FreeRTOS/Source/queue.o
                                                  ./ra/aws/FreeRTOS/FreeRTOS/Source/stream_buffer.o
vTaskPlaceOnEventList                             ./ra/aws/FreeRTOS/FreeRTOS/Source/tasks.o
                                                  ./ra/aws/FreeRTOS/FreeRTOS/Source/queue.o
vTaskMissedYield                                  ./ra/aws/FreeRTOS/FreeRTOS/Source/tasks.o
                                                  ./ra/aws/FreeRTOS/FreeRTOS/Source/queue.o
xQueueReceive                                     ./ra/aws/FreeRTOS/FreeRTOS/Source/queue.o
                                                  ./ra/aws/FreeRTOS/FreeRTOS/Source/timers.o
xQueueRegistry                                    ./ra/aws/FreeRTOS/FreeRTOS/Source/queue.o
vQueueAddToRegistry                               ./ra/aws/FreeRTOS/FreeRTOS/Source/queue.o
                                                  ./ra/aws/FreeRTOS/FreeRTOS/Source/timers.o
vQueueWaitForMessageRestricted                    ./ra/aws/FreeRTOS/FreeRTOS/Source/queue.o
                                                  ./ra/aws/FreeRTOS/FreeRTOS/Source/timers.o
vTaskPlaceOnEventListRestricted                   ./ra/aws/FreeRTOS/FreeRTOS/Source/tasks.o
                                                  ./ra/aws/FreeRTOS/FreeRTOS/Source/queue.o
xTimerCreateTimerTask                             ./ra/aws/FreeRTOS/FreeRTOS/Source/timers.o
                                                  ./ra/aws/FreeRTOS/FreeRTOS/Source/tasks.o
xTaskGetTickCount                                 ./ra/aws/FreeRTOS/FreeRTOS/Source/tasks.o
                                                  ./ra/aws/FreeRTOS/FreeRTOS/Source/timers.o
bzero                                             E:\Renesas\RAv6.4.0\RA\toolchains\llvm_arm\ATfE-21.1.1-Windows-x86_64\bin\..\lib\clang-runtimes/arm-none-eabi/armv8m.main_hard_fp_exn_rtti_unaligned_size\lib\libc.a(bzero.c.o)
__aeabi_memcpy8                                   E:\Renesas\RAv6.4.0\RA\toolchains\llvm_arm\ATfE-21.1.1-Windows-x86_64\bin\..\lib\clang-runtimes/arm-none-eabi/armv8m.main_hard_fp_exn_rtti_unaligned_size\lib\libc.a(memcpy.c.o)
__tdata_source                                    fsp_gen.lld:1293
                                                  E:\Renesas\RAv6.4.0\RA\toolchains\llvm_arm\ATfE-21.1.1-Windows-x86_64\bin\..\lib\clang-runtimes/arm-none-eabi/armv8m.main_hard_fp_exn_rtti_unaligned_size\lib\libc.a(libc_picolib_inittls.c.o)
__tdata_size                                      fsp_gen.lld:1294
                                                  E:\Renesas\RAv6.4.0\RA\toolchains\llvm_arm\ATfE-21.1.1-Windows-x86_64\bin\..\lib\clang-runtimes/arm-none-eabi/armv8m.main_hard_fp_exn_rtti_unaligned_size\lib\libc.a(libc_picolib_inittls.c.o)
__tbss_offset                                     fsp_gen.lld:1295
                                                  E:\Renesas\RAv6.4.0\RA\toolchains\llvm_arm\ATfE-21.1.1-Windows-x86_64\bin\..\lib\clang-runtimes/arm-none-eabi/armv8m.main_hard_fp_exn_rtti_unaligned_size\lib\libc.a(libc_picolib_inittls.c.o)
__tbss_size                                       fsp_gen.lld:1296
                                                  E:\Renesas\RAv6.4.0\RA\toolchains\llvm_arm\ATfE-21.1.1-Windows-x86_64\bin\..\lib\clang-runtimes/arm-none-eabi/armv8m.main_hard_fp_exn_rtti_unaligned_size\lib\libc.a(libc_picolib_inittls.c.o)
__arm32_tls_tcb_offset                            fsp_gen.lld:1297
                                                  E:\Renesas\RAv6.4.0\RA\toolchains\llvm_arm\ATfE-21.1.1-Windows-x86_64\bin\..\lib\clang-runtimes/arm-none-eabi/armv8m.main_hard_fp_exn_rtti_unaligned_size\lib\libc.a(libc_picolib_machine_arm_set_tls.c.o)
__tls                                             E:\Renesas\RAv6.4.0\RA\toolchains\llvm_arm\ATfE-21.1.1-Windows-x86_64\bin\..\lib\clang-runtimes/arm-none-eabi/armv8m.main_hard_fp_exn_rtti_unaligned_size\lib\libc.a(libc_picolib_machine_arm_tls.c.o)
                                                  E:\Renesas\RAv6.4.0\RA\toolchains\llvm_arm\ATfE-21.1.1-Windows-x86_64\bin\..\lib\clang-runtimes/arm-none-eabi/armv8m.main_hard_fp_exn_rtti_unaligned_size\lib\libc.a(libc_picolib_machine_arm_set_tls.c.o)
                                                  E:\Renesas\RAv6.4.0\RA\toolchains\llvm_arm\ATfE-21.1.1-Windows-x86_64\bin\..\lib\clang-runtimes/arm-none-eabi/armv8m.main_hard_fp_exn_rtti_unaligned_size\lib\libc.a(libc_picolib_machine_arm_read_tp.S.o)
